i2c_ov5640_rgb565_cfg: top_dual_ov5640_lcd__GCB2, 
osd_overlay__GB3: osd_overlay__GB3, 
partition__8: top_dual_ov5640_lcd__GCB0, 
datapath__23: osd_overlay__GB0, 
osd_overlay__GB2: osd_overlay__GB2, 
partition__22: top_dual_ov5640_lcd__GCB2, 
logic__219: osd_overlay__GB1, 
lcd_disply: lcd_rgb_top__GC0, 
datapath__16: osd_overlay__GB0, 
partition__23: top_dual_ov5640_lcd__GCB2, 
logic__77: top_dual_ov5640_lcd__GCB1, 
rom__2: top_dual_ov5640_lcd__GCB2, 
partition__10: top_dual_ov5640_lcd__GCB2, top_dual_ov5640_lcd__GCB1, top_dual_ov5640_lcd__GCB0, 
partition__3: lcd_rgb_top__GC0, 
partition__13: top_dual_ov5640_lcd__GCB2, top_dual_ov5640_lcd__GCB1, 
partition__12: top_dual_ov5640_lcd__GCB2, top_dual_ov5640_lcd__GCB1, 
datapath__24: osd_overlay__GB4, 
partition__19: top_dual_ov5640_lcd__GCB2, top_dual_ov5640_lcd__GCB1, 
logic__86: top_dual_ov5640_lcd__GCB1, 
datapath__2: osd_overlay__GB0, 
logic__523: top_dual_ov5640_lcd__GCB1, 
datapath__12: osd_overlay__GB0, 
rom__3: top_dual_ov5640_lcd__GCB2, 
partition__21: top_dual_ov5640_lcd__GCB2, 
case__1: lcd_rgb_top__GC0, 
rd_fifo: top_dual_ov5640_lcd__GCB1, 
rom__1: top_dual_ov5640_lcd__GCB0, 
reg__88: osd_overlay__GB4, 
logic__20: lcd_rgb_top__GC0, 
picture_size: top_dual_ov5640_lcd__GCB2, 
partition__9: top_dual_ov5640_lcd__GCB1, top_dual_ov5640_lcd__GCB0, 
top_dual_ov5640_lcd__GCB0: top_dual_ov5640_lcd__GCB0, 
osd_overlay__GB0: osd_overlay__GB0, 
logic__335: osd_overlay__GB4, 
rom__5: top_dual_ov5640_lcd__GCB2, 
sincos_lut: top_dual_ov5640_lcd__GCB0, 
partition__16: top_dual_ov5640_lcd__GCB2, top_dual_ov5640_lcd__GCB1, 
logic__1: top_dual_ov5640_lcd__GCB2, 
stereo_dist: top_dual_ov5640_lcd__GCB2, 
wr_fifo__2: top_dual_ov5640_lcd__GCB1, 
i2c_dri: top_dual_ov5640_lcd__GCB2, 
i2c_ov5640_rgb565_cfg__1: top_dual_ov5640_lcd__GCB2, 
osd_overlay__GB5: osd_overlay__GB5, 
datapath__21: osd_overlay__GB0, 
cmos_capture_data: top_dual_ov5640_lcd__GCB2, 
partition__15: top_dual_ov5640_lcd__GCB2, top_dual_ov5640_lcd__GCB1, 
datapath__27: osd_overlay__GB0, 
mig_7series_0: top_dual_ov5640_lcd__GCB1, 
partition__20: top_dual_ov5640_lcd__GCB2, top_dual_ov5640_lcd__GCB1, 
wr_fifo: top_dual_ov5640_lcd__GCB1, osd_overlay__GB2, 
partition: top_dual_ov5640_lcd__GCB2, top_dual_ov5640_lcd__GCB1, top_dual_ov5640_lcd__GCB0, lcd_rgb_top__GC0, dash_osd__GB1, dash_osd__GB0, osd_overlay__GB6, osd_overlay__GB5, osd_overlay__GB0, 
case__698: dash_osd__GB1, 
attitude_cf: top_dual_ov5640_lcd__GCB1, 
partition__11: top_dual_ov5640_lcd__GCB2, top_dual_ov5640_lcd__GCB1, 
logic__2088: osd_overlay__GB3, 
rom__4: top_dual_ov5640_lcd__GCB2, 
datapath__4: osd_overlay__GB0, 
rom__6: top_dual_ov5640_lcd__GCB2, 
lcd_rgb_top__GC0: lcd_rgb_top__GC0, 
datapath__19: osd_overlay__GB0, 
reg__86: osd_overlay__GB3, 
datapath__31: osd_overlay__GB0, 
datapath__10: osd_overlay__GB0, 
logic__540: top_dual_ov5640_lcd__GCB1, 
datapath__29: lcd_rgb_top__GC0, osd_overlay__GB0, 
datapath__15: top_dual_ov5640_lcd__GCB1, 
datapath: osd_overlay__GB0, 
case__711: osd_overlay__GB6, 
cmos_capture_data__1: top_dual_ov5640_lcd__GCB2, 
case__725: top_dual_ov5640_lcd__GCB2, 
top_dual_ov5640_lcd__GCB1: top_dual_ov5640_lcd__GCB1, osd_overlay__GB3, 
dash_osd__GB0: dash_osd__GB0, 
rom: top_dual_ov5640_lcd__GCB2, top_dual_ov5640_lcd__GCB1, top_dual_ov5640_lcd__GCB0, 
partition__7: top_dual_ov5640_lcd__GCB0, 
rd_fifo__2: top_dual_ov5640_lcd__GCB1, 
ddr3_top: top_dual_ov5640_lcd__GCB1, 
clk_wiz_0: top_dual_ov5640_lcd__GCB0, 
osd_overlay__GB1: osd_overlay__GB1, 
partition__18: top_dual_ov5640_lcd__GCB2, top_dual_ov5640_lcd__GCB1, 
partition__17: top_dual_ov5640_lcd__GCB2, top_dual_ov5640_lcd__GCB1, 
osd_overlay__GB4: osd_overlay__GB4, 
datapath__14: osd_overlay__GB0, 
datapath__7: top_dual_ov5640_lcd__GCB1, 
datapath__6: osd_overlay__GB0, 
partition__14: top_dual_ov5640_lcd__GCB2, top_dual_ov5640_lcd__GCB1, 
sensor_calc: top_dual_ov5640_lcd__GCB0, 
i2c_dri__1: top_dual_ov5640_lcd__GCB2, 
sensor_link: top_dual_ov5640_lcd__GCB1, 
