datapath__821: datapath__10
partition__28: partition__10
i2c_ov5640_rgb565_cfg: i2c_ov5640_rgb565_cfg
osd_overlay__GB3: osd_overlay__GB3
partition__8: partition
osd_overlay__GB2: osd_overlay__GB2
partition__22: partition__14
partition__36: partition__17
lcd_disply: lcd_disply
datapath__802: logic__2088
partition__27: partition__9
partition__29: partition
top_dual_ov5640_lcd__GCB2: case__725
datapath__803: top_dual_ov5640_lcd__GCB1
datapath__819: datapath__14
datapath__825: datapath
partition__31: partition__22
partition__23: partition__13
logic__77: logic__77
partition__40: partition__13
rom__2: rom__2
partition__10: partition__8
partition__39: partition__14
datapath__816: datapath__21
partition__3: partition__3
partition__13: partition__10
rom__9: rom
partition__12: partition
partition__38: partition__15
partition__19: partition__19
logic__86: logic__86
partition__26: partition__10
datapath__823: datapath__4
logic__523: logic__523
partition__32: partition__21
rom__7: rom__1
rom__3: rom__3
partition__45: partition
partition__21: partition__15
case__1: case__1
rd_fifo: rd_fifo
logic__20: logic__20
picture_size: picture_size
partition__41: partition__12
partition__9: partition
datapath__812: datapath__31
partition__42: partition__11
rom__5: rom__5
rom__8: rom
sincos_lut: sincos_lut
partition__16: partition__16
datapath__813: datapath__29
logic__1: logic__1
stereo_dist: stereo_dist
dash_osd__GB1: case__698
wr_fifo__2: wr_fifo__2
i2c_dri: i2c_dri
datapath__815: datapath__23
i2c_ov5640_rgb565_cfg__1: i2c_ov5640_rgb565_cfg__1
partition__30: partition__23
datapath__824: datapath__2
partition__44: partition
cmos_capture_data: cmos_capture_data
partition__25: partition__11
partition__37: partition__16
partition__15: partition
mig_7series_0: mig_7series_0
partition__20: partition__20
datapath__810: logic__335
partition__46: partition
partition__35: partition__18
datapath__820: datapath__12
wr_fifo: wr_fifo
partition: logic__219
datapath__817: datapath__19
attitude_cf: attitude_cf
partition__11: partition__7
rom__4: rom__4
datapath__822: datapath__6
rom__6: rom__6
partition__33: partition__20
logic__540: logic__540
datapath__29: datapath__29
partition__24: partition__12
partition__6: reg__86
osd_overlay__GB6: case__711
datapath__15: datapath__15
partition__34: partition__19
datapath__814: datapath__27
partition__43: partition
datapath__818: datapath__16
cmos_capture_data__1: cmos_capture_data__1
partition__5: wr_fifo
rom: rom
partition__7: reg__88
datapath__811: datapath__24
partition__18: partition__18
rd_fifo__2: rd_fifo__2
ddr3_top: ddr3_top
clk_wiz_0: clk_wiz_0
osd_overlay__GB1: osd_overlay__GB1
partition__17: partition__17
osd_overlay__GB4: osd_overlay__GB4
datapath__7: datapath__7
partition__14: partition__9
sensor_calc: sensor_calc
i2c_dri__1: i2c_dri__1
sensor_link: sensor_link
