xilinx rtfpga
INFO: [Synth 8-5546] ROM "dcnt" won't be mapped to RAM because it is too sparse
INFO: [Synth 8-5546] ROM "frame_end" won't be mapped to RAM because it is too sparse
INFO: [Synth 8-5546] ROM "y" won't be mapped to RAM because it is too sparse
INFO: [Synth 8-5546] ROM "dcnt" won't be mapped to RAM because it is too sparse
INFO: [Synth 8-5546] ROM "frame_end" won't be mapped to RAM because it is too sparse
INFO: [Synth 8-5546] ROM "y" won't be mapped to RAM because it is too sparse
INFO: [Synth 8-5544] ROM "th_g" won't be mapped to Block RAM because address size (2) smaller than threshold (5)
INFO: [Synth 8-5544] ROM "th_rb" won't be mapped to Block RAM because address size (2) smaller than threshold (5)
INFO: [Synth 8-5546] ROM "trk_wr" won't be mapped to RAM because it is too sparse
INFO: [Synth 8-5546] ROM "trk_x" won't be mapped to RAM because it is too sparse
INFO: [Synth 8-5546] ROM "bias_z" won't be mapped to RAM because it is too sparse
INFO: [Synth 8-5546] ROM "sum_gz" won't be mapped to RAM because it is too sparse
INFO: [Synth 8-5845] Not enough pipeline registers after wide multiplier. Recommended levels of pipeline registers is 2 [E:/FPGA/project/smart_car_pld2026/my_car/rtl/sensor_link/sensor_calc.v:126]
INFO: [Synth 8-5845] Not enough pipeline registers after wide multiplier. Recommended levels of pipeline registers is 2 [E:/FPGA/project/smart_car_pld2026/my_car/rtl/sensor_link/sensor_calc.v:127]
DSP Report: Generating DSP delta_z0, operation Mode is: (C:0x8000)+A*(B:0x1f4).
DSP Report: operator delta_z0 is absorbed into DSP delta_z0.
DSP Report: operator gz_m is absorbed into DSP delta_z0.
DSP Report: Generating DSP dx10240, operation Mode is: A*B.
DSP Report: operator dx10240 is absorbed into DSP dx10240.
DSP Report: operator dx10240 is absorbed into DSP dx10240.
DSP Report: Generating DSP dx10240, operation Mode is: (PCIN>>17)+A*B.
DSP Report: operator dx10240 is absorbed into DSP dx10240.
DSP Report: operator dx10240 is absorbed into DSP dx10240.
DSP Report: Generating DSP dy10240, operation Mode is: A*B.
DSP Report: operator dy10240 is absorbed into DSP dy10240.
DSP Report: operator dy10240 is absorbed into DSP dy10240.
DSP Report: Generating DSP dy10240, operation Mode is: (PCIN>>17)+A*B.
DSP Report: operator dy10240 is absorbed into DSP dy10240.
DSP Report: operator dy10240 is absorbed into DSP dy10240.
WARNING: [Synth 8-3331] design green_detect has unconnected port frame_vsync
WARNING: [Synth 8-3331] design green_detect__1 has unconnected port frame_vsync
INFO: [Synth 8-3333] propagating constant 0 across sequential element (\u_ttc_warn/dvd_reg[0] )
INFO: [Synth 8-3886] merging instance 'u_green_detect_2/divisor_reg[18]' (FDCE) to 'u_green_detect_2/divisor_reg[19]'
INFO: [Synth 8-3886] merging instance 'u_green_detect_2/divisor_reg[19]' (FDCE) to 'u_green_detect_2/divisor_reg[20]'
INFO: [Synth 8-3886] merging instance 'u_green_detect_2/divisor_reg[20]' (FDCE) to 'u_green_detect_2/divisor_reg[21]'
INFO: [Synth 8-3886] merging instance 'u_green_detect_2/divisor_reg[21]' (FDCE) to 'u_green_detect_2/divisor_reg[22]'
INFO: [Synth 8-3886] merging instance 'u_green_detect_2/divisor_reg[22]' (FDCE) to 'u_green_detect_2/divisor_reg[23]'
INFO: [Synth 8-3886] merging instance 'u_green_detect_2/divisor_reg[23]' (FDCE) to 'u_green_detect_2/divisor_reg[24]'
INFO: [Synth 8-3886] merging instance 'u_green_detect_2/divisor_reg[24]' (FDCE) to 'u_green_detect_2/divisor_reg[25]'
INFO: [Synth 8-3886] merging instance 'u_green_detect_2/divisor_reg[25]' (FDCE) to 'u_green_detect_2/divisor_reg[26]'
INFO: [Synth 8-3886] merging instance 'u_green_detect_2/divisor_reg[26]' (FDCE) to 'u_green_detect_2/divisor_reg[27]'
INFO: [Synth 8-3886] merging instance 'u_green_detect_2/divisor_reg[27]' (FDCE) to 'u_green_detect_2/divisor_reg[28]'
INFO: [Synth 8-3886] merging instance 'u_green_detect_2/divisor_reg[28]' (FDCE) to 'u_green_detect_2/divisor_reg[29]'
INFO: [Synth 8-3886] merging instance 'u_green_detect_2/divisor_reg[29]' (FDCE) to 'u_green_detect_2/divisor_reg[30]'
INFO: [Synth 8-3886] merging instance 'u_green_detect_2/divisor_reg[30]' (FDCE) to 'u_green_detect_2/divisor_reg[31]'
INFO: [Synth 8-3333] propagating constant 0 across sequential element (\u_green_detect_2/divisor_reg[31] )
INFO: [Synth 8-3886] merging instance 'u_green_detect/divisor_reg[18]' (FDCE) to 'u_green_detect/divisor_reg[19]'
INFO: [Synth 8-3886] merging instance 'u_green_detect/divisor_reg[19]' (FDCE) to 'u_green_detect/divisor_reg[20]'
INFO: [Synth 8-3886] merging instance 'u_green_detect/divisor_reg[20]' (FDCE) to 'u_green_detect/divisor_reg[21]'
INFO: [Synth 8-3886] merging instance 'u_green_detect/divisor_reg[21]' (FDCE) to 'u_green_detect/divisor_reg[22]'
INFO: [Synth 8-3886] merging instance 'u_green_detect/divisor_reg[22]' (FDCE) to 'u_green_detect/divisor_reg[23]'
INFO: [Synth 8-3886] merging instance 'u_green_detect/divisor_reg[23]' (FDCE) to 'u_green_detect/divisor_reg[24]'
INFO: [Synth 8-3886] merging instance 'u_green_detect/divisor_reg[24]' (FDCE) to 'u_green_detect/divisor_reg[25]'
INFO: [Synth 8-3886] merging instance 'u_green_detect/divisor_reg[25]' (FDCE) to 'u_green_detect/divisor_reg[26]'
INFO: [Synth 8-3886] merging instance 'u_green_detect/divisor_reg[26]' (FDCE) to 'u_green_detect/divisor_reg[27]'
INFO: [Synth 8-3886] merging instance 'u_green_detect/divisor_reg[27]' (FDCE) to 'u_green_detect/divisor_reg[28]'
INFO: [Synth 8-3886] merging instance 'u_green_detect/divisor_reg[28]' (FDCE) to 'u_green_detect/divisor_reg[29]'
INFO: [Synth 8-3886] merging instance 'u_green_detect/divisor_reg[29]' (FDCE) to 'u_green_detect/divisor_reg[30]'
INFO: [Synth 8-3886] merging instance 'u_green_detect/divisor_reg[30]' (FDCE) to 'u_green_detect/divisor_reg[31]'
INFO: [Synth 8-3333] propagating constant 0 across sequential element (\u_green_detect/divisor_reg[31] )
INFO: [Synth 8-3886] merging instance 'u_green_detect/idle_cnt_reg[22]' (FDCE) to 'u_green_detect/idle_cnt_reg[23]'
INFO: [Synth 8-3886] merging instance 'u_green_detect/idle_cnt_reg[23]' (FDCE) to 'u_green_detect/idle_cnt_reg[21]'
INFO: [Synth 8-3886] merging instance 'u_green_detect/idle_cnt_reg[21]' (FDCE) to 'u_green_detect/idle_cnt_reg[20]'
INFO: [Synth 8-3886] merging instance 'u_green_detect/idle_cnt_reg[20]' (FDCE) to 'u_green_detect/idle_cnt_reg[19]'
INFO: [Synth 8-3886] merging instance 'u_green_detect/idle_cnt_reg[19]' (FDCE) to 'u_green_detect/idle_cnt_reg[18]'
INFO: [Synth 8-3886] merging instance 'u_green_detect/idle_cnt_reg[18]' (FDCE) to 'u_green_detect/idle_cnt_reg[17]'
INFO: [Synth 8-3886] merging instance 'u_green_detect/idle_cnt_reg[17]' (FDCE) to 'u_green_detect/idle_cnt_reg[16]'
INFO: [Synth 8-3886] merging instance 'u_green_detect/idle_cnt_reg[16]' (FDCE) to 'u_green_detect/idle_cnt_reg[15]'
INFO: [Synth 8-3333] propagating constant 0 across sequential element (\u_green_detect/idle_cnt_reg[15] )
INFO: [Synth 8-3886] merging instance 'u_green_detect_2/idle_cnt_reg[22]' (FDCE) to 'u_green_detect_2/idle_cnt_reg[23]'
INFO: [Synth 8-3886] merging instance 'u_green_detect_2/idle_cnt_reg[23]' (FDCE) to 'u_green_detect_2/idle_cnt_reg[21]'
INFO: [Synth 8-3886] merging instance 'u_green_detect_2/idle_cnt_reg[21]' (FDCE) to 'u_green_detect_2/idle_cnt_reg[20]'
INFO: [Synth 8-3886] merging instance 'u_green_detect_2/idle_cnt_reg[20]' (FDCE) to 'u_green_detect_2/idle_cnt_reg[19]'
INFO: [Synth 8-3886] merging instance 'u_green_detect_2/idle_cnt_reg[19]' (FDCE) to 'u_green_detect_2/idle_cnt_reg[18]'
INFO: [Synth 8-3886] merging instance 'u_green_detect_2/idle_cnt_reg[18]' (FDCE) to 'u_green_detect_2/idle_cnt_reg[17]'
INFO: [Synth 8-3886] merging instance 'u_green_detect_2/idle_cnt_reg[17]' (FDCE) to 'u_green_detect_2/idle_cnt_reg[16]'
INFO: [Synth 8-3886] merging instance 'u_green_detect_2/idle_cnt_reg[16]' (FDCE) to 'u_green_detect_2/idle_cnt_reg[15]'
INFO: [Synth 8-3333] propagating constant 0 across sequential element (\u_green_detect_2/idle_cnt_reg[15] )
INFO: [Synth 8-3333] propagating constant 0 across sequential element (\u_ttc_warn/cs_d1_reg[0] )
INFO: [Synth 8-3886] merging instance 'u_ttc_warn/cs_d2_reg[0]' (FDCE) to 'u_ttc_warn/cs_d1_reg[0]'
INFO: [Synth 8-3333] propagating constant 0 across sequential element (\u_ttc_warn/cs_d1_reg[0] )
