#-----------------------------------------------------------
# Vivado v2018.3 (64-bit)
# SW Build 2405991 on Thu Dec  6 23:38:27 MST 2018
# IP Build 2404404 on Fri Dec  7 01:43:56 MST 2018
# Start of session at: Sat Jul 25 17:28:01 2026
# Process ID: 50796
# Current directory: E:/FPGA/project/smart_car_pld2026/57_top_dual_ov5640_lcd/prj
# Command line: vivado.exe -gui_launcher_event rodinguilauncherevent7568 E:\FPGA\project\smart_car_pld2026\57_top_dual_ov5640_lcd\prj\top_dual_ov5640_lcd.xpr
# Log file: E:/FPGA/project/smart_car_pld2026/57_top_dual_ov5640_lcd/prj/vivado.log
# Journal file: E:/FPGA/project/smart_car_pld2026/57_top_dual_ov5640_lcd/prj\vivado.jou
#-----------------------------------------------------------
start_gui
open_project E:/FPGA/project/smart_car_pld2026/57_top_dual_ov5640_lcd/prj/top_dual_ov5640_lcd.xpr
INFO: [Project 1-313] Project file moved from 'D:/Desktop/SC_DFQ_Pro/100T/57_top_dual_ov5640_lcd/prj' since last save.
ERROR: [Project 1-208] No val for DA Elab Attr
Scanning sources...
Finished scanning sources
CRITICAL WARNING: [Project 1-192] Failed to load run wr_fifo_synth_1. Strategy Vivado Synthesis Defaults (Vivado Synthesis 2020) not recognized by Vivado. 

CRITICAL WARNING: [Project 1-192] Failed to load run clk_wiz_0_synth_1. Strategy Vivado Synthesis Defaults (Vivado Synthesis 2020) not recognized by Vivado. 

CRITICAL WARNING: [Project 1-192] Failed to load run wr_fifo_impl_1. Strategy Vivado Implementation Defaults (Vivado Implementation 2020) not recognized by Vivado. 

CRITICAL WARNING: [Project 1-192] Failed to load run clk_wiz_0_impl_1. Strategy Vivado Implementation Defaults (Vivado Implementation 2020) not recognized by Vivado. 

CRITICAL WARNING: [Project 1-532] XML ERROR: Project Option SimulatorInstallDirModelSim has no valid value
CRITICAL WARNING: [Project 1-532] XML ERROR: Project Option SimulatorInstallDirQuesta has no valid value
CRITICAL WARNING: [Project 1-532] XML ERROR: Project Option SimulatorInstallDirIES has no valid value
CRITICAL WARNING: [Project 1-532] XML ERROR: Project Option SimulatorInstallDirXcelium has no valid value
CRITICAL WARNING: [Project 1-532] XML ERROR: Project Option SimulatorInstallDirVCS has no valid value
CRITICAL WARNING: [Project 1-532] XML ERROR: Project Option SimulatorInstallDirRiviera has no valid value
CRITICAL WARNING: [Project 1-532] XML ERROR: Project Option SimulatorInstallDirActiveHdl has no valid value
CRITICAL WARNING: [Project 1-532] XML ERROR: Project Option SimulatorGccInstallDirModelSim has no valid value
CRITICAL WARNING: [Project 1-532] XML ERROR: Project Option SimulatorGccInstallDirQuesta has no valid value
CRITICAL WARNING: [Project 1-532] XML ERROR: Project Option SimulatorGccInstallDirIES has no valid value
CRITICAL WARNING: [Project 1-532] XML ERROR: Project Option SimulatorGccInstallDirXcelium has no valid value
CRITICAL WARNING: [Project 1-532] XML ERROR: Project Option SimulatorGccInstallDirVCS has no valid value
CRITICAL WARNING: [Project 1-532] XML ERROR: Project Option SimulatorGccInstallDirRiviera has no valid value
CRITICAL WARNING: [Project 1-532] XML ERROR: Project Option SimulatorGccInstallDirActiveHdl has no valid value
CRITICAL WARNING: [Project 1-505] Unrecognized Option Name DcpsUptoDate
WARNING: [IP_Flow 19-395] Problem validating against XML schema: see 'xilinx:componentInstanceExtensions' : Bad end of element
CRITICAL WARNING: [IP_Flow 19-5097] Unable to determine VLNV from IP file; verify it has the correct syntax: E:/FPGA/project/smart_car_pld2026/57_top_dual_ov5640_lcd/prj/top_dual_ov5640_lcd.srcs/sources_1/ip/rd_fifo/rd_fifo.xci
WARNING: [IP_Flow 19-395] Problem validating against XML schema: see 'xilinx:componentInstanceExtensions' : Bad end of element
CRITICAL WARNING: [IP_Flow 19-5097] Unable to determine VLNV from IP file; verify it has the correct syntax: E:/FPGA/project/smart_car_pld2026/57_top_dual_ov5640_lcd/prj/top_dual_ov5640_lcd.srcs/sources_1/ip/mig_7series_0_1/mig_7series_0.xci
WARNING: [IP_Flow 19-395] Problem validating against XML schema: see 'xilinx:componentInstanceExtensions' : Bad end of element
CRITICAL WARNING: [IP_Flow 19-5097] Unable to determine VLNV from IP file; verify it has the correct syntax: E:/FPGA/project/smart_car_pld2026/57_top_dual_ov5640_lcd/prj/top_dual_ov5640_lcd.srcs/sources_1/ip/wr_fifo/wr_fifo.xci
WARNING: [IP_Flow 19-395] Problem validating against XML schema: see 'xilinx:componentInstanceExtensions' : Bad end of element
CRITICAL WARNING: [IP_Flow 19-5097] Unable to determine VLNV from IP file; verify it has the correct syntax: E:/FPGA/project/smart_car_pld2026/57_top_dual_ov5640_lcd/prj/top_dual_ov5640_lcd.srcs/sources_1/ip/clk_wiz_0_1/clk_wiz_0.xci
WARNING: [Project 1-231] Project 'top_dual_ov5640_lcd.xpr' was created with a future version and may or may not perform reliably with this version of Vivado. It has been opened in read-only mode for the protection of unrecognized data. Use 'File | Save Project As...' if you wish to alter a copy of the project.
INFO: [IP_Flow 19-234] Refreshing IP repositories
INFO: [IP_Flow 19-1704] No user IP repositories specified
INFO: [IP_Flow 19-2313] Loaded Vivado IP repository 'D:/Xilinx/Vivado/2018.3/data/ip'.
ERROR: [Common 17-39] 'open_project' failed due to earlier errors.
update_compile_order -fileset sources_1
exit
INFO: [Common 17-206] Exiting Vivado at Sat Jul 25 18:21:20 2026...
import_files
INFO: [filemgmt 20-334] All file(s) are already imported in fileset: 'clk_wiz_0'
INFO: [filemgmt 20-348] Importing the appropriate files for fileset: 'clk_wiz_0'
INFO: [filemgmt 20-334] All file(s) are already imported in fileset: 'wr_fifo'
INFO: [filemgmt 20-348] Importing the appropriate files for fileset: 'wr_fifo'
INFO: [filemgmt 20-334] All file(s) are already imported in fileset: 'constrs_1'
INFO: [filemgmt 20-348] Importing the appropriate files for fileset: 'constrs_1'
INFO: [filemgmt 20-348] Importing the appropriate files for fileset: 'sources_1'
add_files -norecurse {E:/FPGA/project/smart_car_pld2026/my_car/rtl/lcd_rgb_top/lcd_disply.v E:/FPGA/project/smart_car_pld2026/my_car/rtl/ddr3_top/ddr3_rw.v E:/FPGA/project/smart_car_pld2026/my_car/rtl/lcd_rgb_top/lcd_driver.v E:/FPGA/project/smart_car_pld2026/my_car/rtl/top_dual_ov5640_lcd.v E:/FPGA/project/smart_car_pld2026/my_car/rtl/ddr3_top/ddr3_fifo_ctrl.v E:/FPGA/project/smart_car_pld2026/my_car/rtl/ddr3_top/ddr3_top.v E:/FPGA/project/smart_car_pld2026/my_car/rtl/picture_size.v E:/FPGA/project/smart_car_pld2026/my_car/rtl/lcd_rgb_top/lcd_rgb_top.v E:/FPGA/project/smart_car_pld2026/my_car/rtl/ov5640_dri/i2c_dri.v E:/FPGA/project/smart_car_pld2026/my_car/rtl/ov5640_dri/i2c_ov5640_rgb565_cfg.v E:/FPGA/project/smart_car_pld2026/my_car/rtl/ddr3_top/ddr3_fifo_ctrl_top.v E:/FPGA/project/smart_car_pld2026/my_car/rtl/lcd_rgb_top/rd_id.v E:/FPGA/project/smart_car_pld2026/my_car/rtl/lcd_rgb_top/clk_div.v E:/FPGA/project/smart_car_pld2026/my_car/rtl/ov5640_dri/cmos_capture_data.v E:/FPGA/project/smart_car_pld2026/my_car/rtl/ov5640_dri/ov5640_dri.v}
update_compile_order -fileset sources_1
export_ip_user_files -of_objects  [get_files E:/FPGA/project/smart_car_pld2026/my_car/prj/prj.srcs/sources_1/ip/clk_wiz_0_1/clk_wiz_0.xci] -no_script -reset -force -quiet
remove_files  -fileset clk_wiz_0 E:/FPGA/project/smart_car_pld2026/my_car/prj/prj.srcs/sources_1/ip/clk_wiz_0_1/clk_wiz_0.xci
INFO: [Project 1-386] Moving file 'E:/FPGA/project/smart_car_pld2026/my_car/prj/prj.srcs/sources_1/ip/clk_wiz_0_1/clk_wiz_0.xci' from fileset 'clk_wiz_0' to fileset 'sources_1'.
export_ip_user_files -of_objects  [get_files E:/FPGA/project/smart_car_pld2026/my_car/prj/prj.srcs/sources_1/ip/mig_7series_0_1/mig_7series_0.xci] -no_script -reset -force -quiet
remove_files  E:/FPGA/project/smart_car_pld2026/my_car/prj/prj.srcs/sources_1/ip/mig_7series_0_1/mig_7series_0.xci
export_ip_user_files -of_objects  [get_files E:/FPGA/project/smart_car_pld2026/my_car/prj/prj.srcs/sources_1/ip/rd_fifo/rd_fifo.xci] -no_script -reset -force -quiet
remove_files  E:/FPGA/project/smart_car_pld2026/my_car/prj/prj.srcs/sources_1/ip/rd_fifo/rd_fifo.xci
export_ip_user_files -of_objects  [get_files E:/FPGA/project/smart_car_pld2026/my_car/prj/prj.srcs/sources_1/ip/wr_fifo/wr_fifo.xci] -no_script -reset -force -quiet
remove_files  -fileset wr_fifo E:/FPGA/project/smart_car_pld2026/my_car/prj/prj.srcs/sources_1/ip/wr_fifo/wr_fifo.xci
INFO: [Project 1-386] Moving file 'E:/FPGA/project/smart_car_pld2026/my_car/prj/prj.srcs/sources_1/ip/wr_fifo/wr_fifo.xci' from fileset 'wr_fifo' to fileset 'sources_1'.
create_ip -name clk_wiz -vendor xilinx.com -library ip -version 6.0 -module_name clk_wiz_0 -dir e:/FPGA/project/smart_car_pld2026/my_car/prj/prj.srcs/sources_1/ip
set_property -dict [list CONFIG.PRIM_IN_FREQ {50.000} CONFIG.CLKOUT2_USED {true} CONFIG.CLKOUT1_REQUESTED_OUT_FREQ {200.000} CONFIG.CLKOUT2_REQUESTED_OUT_FREQ {50.000} CONFIG.CLKIN1_JITTER_PS {200.0} CONFIG.MMCM_DIVCLK_DIVIDE {1} CONFIG.MMCM_CLKFBOUT_MULT_F {20.000} CONFIG.MMCM_CLKIN1_PERIOD {20.000} CONFIG.MMCM_CLKIN2_PERIOD {10.0} CONFIG.MMCM_CLKOUT0_DIVIDE_F {5.000} CONFIG.MMCM_CLKOUT1_DIVIDE {20} CONFIG.NUM_OUT_CLKS {2} CONFIG.CLKOUT1_JITTER {142.107} CONFIG.CLKOUT1_PHASE_ERROR {164.985} CONFIG.CLKOUT2_JITTER {192.113} CONFIG.CLKOUT2_PHASE_ERROR {164.985}] [get_ips clk_wiz_0]
generate_target {instantiation_template} [get_files e:/FPGA/project/smart_car_pld2026/my_car/prj/prj.srcs/sources_1/ip/clk_wiz_0/clk_wiz_0.xci]
INFO: [IP_Flow 19-1686] Generating 'Instantiation Template' target for IP 'clk_wiz_0'...
generate_target all [get_files  e:/FPGA/project/smart_car_pld2026/my_car/prj/prj.srcs/sources_1/ip/clk_wiz_0/clk_wiz_0.xci]
INFO: [IP_Flow 19-1686] Generating 'Synthesis' target for IP 'clk_wiz_0'...
INFO: [IP_Flow 19-1686] Generating 'Simulation' target for IP 'clk_wiz_0'...
INFO: [IP_Flow 19-1686] Generating 'Implementation' target for IP 'clk_wiz_0'...
INFO: [IP_Flow 19-1686] Generating 'Change Log' target for IP 'clk_wiz_0'...
catch { config_ip_cache -export [get_ips -all clk_wiz_0] }
export_ip_user_files -of_objects [get_files e:/FPGA/project/smart_car_pld2026/my_car/prj/prj.srcs/sources_1/ip/clk_wiz_0/clk_wiz_0.xci] -no_script -sync -force -quiet
create_ip_run [get_files -of_objects [get_fileset sources_1] e:/FPGA/project/smart_car_pld2026/my_car/prj/prj.srcs/sources_1/ip/clk_wiz_0/clk_wiz_0.xci]
launch_runs -jobs 12 clk_wiz_0_synth_1
[Sat Jul 25 17:53:47 2026] Launched clk_wiz_0_synth_1...
Run output will be captured here: E:/FPGA/project/smart_car_pld2026/my_car/prj/prj.runs/clk_wiz_0_synth_1/runme.log
export_simulation -of_objects [get_files e:/FPGA/project/smart_car_pld2026/my_car/prj/prj.srcs/sources_1/ip/clk_wiz_0/clk_wiz_0.xci] -directory E:/FPGA/project/smart_car_pld2026/my_car/prj/prj.ip_user_files/sim_scripts -ip_user_files_dir E:/FPGA/project/smart_car_pld2026/my_car/prj/prj.ip_user_files -ipstatic_source_dir E:/FPGA/project/smart_car_pld2026/my_car/prj/prj.ip_user_files/ipstatic -lib_map_path [list {modelsim=E:/FPGA/project/smart_car_pld2026/my_car/prj/prj.cache/compile_simlib/modelsim} {questa=E:/FPGA/project/smart_car_pld2026/my_car/prj/prj.cache/compile_simlib/questa} {riviera=E:/FPGA/project/smart_car_pld2026/my_car/prj/prj.cache/compile_simlib/riviera} {activehdl=E:/FPGA/project/smart_car_pld2026/my_car/prj/prj.cache/compile_simlib/activehdl}] -use_ip_compiled_libs -force -quiet
create_ip -name mig_7series -vendor xilinx.com -library ip -version 4.2 -module_name mig_7series_0
set_property -dict [list CONFIG.XML_INPUT_FILE {mig_a.prj} CONFIG.RESET_BOARD_INTERFACE {Custom} CONFIG.MIG_DONT_TOUCH_PARAM {Custom} CONFIG.BOARD_MIG_PARAM {Custom} CONFIG.SYSTEM_RESET.INSERT_VIP {0} CONFIG.CLK_REF_I.INSERT_VIP {0} CONFIG.RESET.INSERT_VIP {0} CONFIG.DDR3_RESET.INSERT_VIP {0} CONFIG.DDR2_RESET.INSERT_VIP {0} CONFIG.LPDDR2_RESET.INSERT_VIP {0} CONFIG.QDRIIP_RESET.INSERT_VIP {0} CONFIG.RLDII_RESET.INSERT_VIP {0} CONFIG.RLDIII_RESET.INSERT_VIP {0} CONFIG.CLOCK.INSERT_VIP {0} CONFIG.MMCM_CLKOUT0.INSERT_VIP {0} CONFIG.MMCM_CLKOUT1.INSERT_VIP {0} CONFIG.MMCM_CLKOUT2.INSERT_VIP {0} CONFIG.MMCM_CLKOUT3.INSERT_VIP {0} CONFIG.MMCM_CLKOUT4.INSERT_VIP {0} CONFIG.S_AXI_CTRL.INSERT_VIP {0} CONFIG.S_AXI.INSERT_VIP {0} CONFIG.SYS_CLK_I.INSERT_VIP {0} CONFIG.ARESETN.INSERT_VIP {0} CONFIG.C0_RESET.INSERT_VIP {0} CONFIG.C0_DDR3_RESET.INSERT_VIP {0} CONFIG.C0_DDR2_RESET.INSERT_VIP {0} CONFIG.C0_LPDDR2_RESET.INSERT_VIP {0} CONFIG.C0_QDRIIP_RESET.INSERT_VIP {0} CONFIG.C0_RLDII_RESET.INSERT_VIP {0} CONFIG.C0_RLDIII_RESET.INSERT_VIP {0} CONFIG.C0_CLOCK.INSERT_VIP {0} CONFIG.C0_MMCM_CLKOUT0.INSERT_VIP {0} CONFIG.C0_MMCM_CLKOUT1.INSERT_VIP {0} CONFIG.C0_MMCM_CLKOUT2.INSERT_VIP {0} CONFIG.C0_MMCM_CLKOUT3.INSERT_VIP {0} CONFIG.C0_MMCM_CLKOUT4.INSERT_VIP {0} CONFIG.S0_AXI_CTRL.INSERT_VIP {0} CONFIG.S0_AXI.INSERT_VIP {0} CONFIG.C0_SYS_CLK_I.INSERT_VIP {0} CONFIG.C0_ARESETN.INSERT_VIP {0} CONFIG.C1_RESET.INSERT_VIP {0} CONFIG.C1_DDR3_RESET.INSERT_VIP {0} CONFIG.C1_DDR2_RESET.INSERT_VIP {0} CONFIG.C1_LPDDR2_RESET.INSERT_VIP {0} CONFIG.C1_QDRIIP_RESET.INSERT_VIP {0} CONFIG.C1_RLDII_RESET.INSERT_VIP {0} CONFIG.C1_RLDIII_RESET.INSERT_VIP {0} CONFIG.C1_CLOCK.INSERT_VIP {0} CONFIG.C1_MMCM_CLKOUT0.INSERT_VIP {0} CONFIG.C1_MMCM_CLKOUT1.INSERT_VIP {0} CONFIG.C1_MMCM_CLKOUT2.INSERT_VIP {0} CONFIG.C1_MMCM_CLKOUT3.INSERT_VIP {0} CONFIG.C1_MMCM_CLKOUT4.INSERT_VIP {0} CONFIG.S1_AXI_CTRL.INSERT_VIP {0} CONFIG.S1_AXI.INSERT_VIP {0} CONFIG.C1_SYS_CLK_I.INSERT_VIP {0} CONFIG.C1_ARESETN.INSERT_VIP {0} CONFIG.C2_RESET.INSERT_VIP {0} CONFIG.C2_DDR3_RESET.INSERT_VIP {0} CONFIG.C2_DDR2_RESET.INSERT_VIP {0} CONFIG.C2_LPDDR2_RESET.INSERT_VIP {0} CONFIG.C2_QDRIIP_RESET.INSERT_VIP {0} CONFIG.C2_RLDII_RESET.INSERT_VIP {0} CONFIG.C2_RLDIII_RESET.INSERT_VIP {0} CONFIG.C2_CLOCK.INSERT_VIP {0} CONFIG.C2_MMCM_CLKOUT0.INSERT_VIP {0} CONFIG.C2_MMCM_CLKOUT1.INSERT_VIP {0} CONFIG.C2_MMCM_CLKOUT2.INSERT_VIP {0} CONFIG.C2_MMCM_CLKOUT3.INSERT_VIP {0} CONFIG.C2_MMCM_CLKOUT4.INSERT_VIP {0} CONFIG.S2_AXI_CTRL.INSERT_VIP {0} CONFIG.S2_AXI.INSERT_VIP {0} CONFIG.C2_SYS_CLK_I.INSERT_VIP {0} CONFIG.C2_ARESETN.INSERT_VIP {0} CONFIG.C3_RESET.INSERT_VIP {0} CONFIG.C3_DDR3_RESET.INSERT_VIP {0} CONFIG.C3_DDR2_RESET.INSERT_VIP {0} CONFIG.C3_LPDDR2_RESET.INSERT_VIP {0} CONFIG.C3_QDRIIP_RESET.INSERT_VIP {0} CONFIG.C3_RLDII_RESET.INSERT_VIP {0} CONFIG.C3_RLDIII_RESET.INSERT_VIP {0} CONFIG.C3_CLOCK.INSERT_VIP {0} CONFIG.C3_MMCM_CLKOUT0.INSERT_VIP {0} CONFIG.C3_MMCM_CLKOUT1.INSERT_VIP {0} CONFIG.C3_MMCM_CLKOUT2.INSERT_VIP {0} CONFIG.C3_MMCM_CLKOUT3.INSERT_VIP {0} CONFIG.C3_MMCM_CLKOUT4.INSERT_VIP {0} CONFIG.S3_AXI_CTRL.INSERT_VIP {0} CONFIG.S3_AXI.INSERT_VIP {0} CONFIG.C3_SYS_CLK_I.INSERT_VIP {0} CONFIG.C3_ARESETN.INSERT_VIP {0} CONFIG.C4_RESET.INSERT_VIP {0} CONFIG.C4_DDR3_RESET.INSERT_VIP {0} CONFIG.C4_DDR2_RESET.INSERT_VIP {0} CONFIG.C4_LPDDR2_RESET.INSERT_VIP {0} CONFIG.C4_QDRIIP_RESET.INSERT_VIP {0} CONFIG.C4_RLDII_RESET.INSERT_VIP {0} CONFIG.C4_RLDIII_RESET.INSERT_VIP {0} CONFIG.C4_CLOCK.INSERT_VIP {0} CONFIG.C4_MMCM_CLKOUT0.INSERT_VIP {0} CONFIG.C4_MMCM_CLKOUT1.INSERT_VIP {0} CONFIG.C4_MMCM_CLKOUT2.INSERT_VIP {0} CONFIG.C4_MMCM_CLKOUT3.INSERT_VIP {0} CONFIG.C4_MMCM_CLKOUT4.INSERT_VIP {0} CONFIG.S4_AXI_CTRL.INSERT_VIP {0} CONFIG.S4_AXI.INSERT_VIP {0} CONFIG.C4_SYS_CLK_I.INSERT_VIP {0} CONFIG.C4_ARESETN.INSERT_VIP {0} CONFIG.C5_RESET.INSERT_VIP {0} CONFIG.C5_DDR3_RESET.INSERT_VIP {0} CONFIG.C5_DDR2_RESET.INSERT_VIP {0} CONFIG.C5_LPDDR2_RESET.INSERT_VIP {0} CONFIG.C5_QDRIIP_RESET.INSERT_VIP {0} CONFIG.C5_RLDII_RESET.INSERT_VIP {0} CONFIG.C5_RLDIII_RESET.INSERT_VIP {0} CONFIG.C5_CLOCK.INSERT_VIP {0} CONFIG.C5_MMCM_CLKOUT0.INSERT_VIP {0} CONFIG.C5_MMCM_CLKOUT1.INSERT_VIP {0} CONFIG.C5_MMCM_CLKOUT2.INSERT_VIP {0} CONFIG.C5_MMCM_CLKOUT3.INSERT_VIP {0} CONFIG.C5_MMCM_CLKOUT4.INSERT_VIP {0} CONFIG.S5_AXI_CTRL.INSERT_VIP {0} CONFIG.S5_AXI.INSERT_VIP {0} CONFIG.C5_SYS_CLK_I.INSERT_VIP {0} CONFIG.C5_ARESETN.INSERT_VIP {0} CONFIG.C6_RESET.INSERT_VIP {0} CONFIG.C6_DDR3_RESET.INSERT_VIP {0} CONFIG.C6_DDR2_RESET.INSERT_VIP {0} CONFIG.C6_LPDDR2_RESET.INSERT_VIP {0} CONFIG.C6_QDRIIP_RESET.INSERT_VIP {0} CONFIG.C6_RLDII_RESET.INSERT_VIP {0} CONFIG.C6_RLDIII_RESET.INSERT_VIP {0} CONFIG.C6_CLOCK.INSERT_VIP {0} CONFIG.C6_MMCM_CLKOUT0.INSERT_VIP {0} CONFIG.C6_MMCM_CLKOUT1.INSERT_VIP {0} CONFIG.C6_MMCM_CLKOUT2.INSERT_VIP {0} CONFIG.C6_MMCM_CLKOUT3.INSERT_VIP {0} CONFIG.C6_MMCM_CLKOUT4.INSERT_VIP {0} CONFIG.S6_AXI_CTRL.INSERT_VIP {0} CONFIG.S6_AXI.INSERT_VIP {0} CONFIG.C6_SYS_CLK_I.INSERT_VIP {0} CONFIG.C6_ARESETN.INSERT_VIP {0} CONFIG.C7_RESET.INSERT_VIP {0} CONFIG.C7_DDR3_RESET.INSERT_VIP {0} CONFIG.C7_DDR2_RESET.INSERT_VIP {0} CONFIG.C7_LPDDR2_RESET.INSERT_VIP {0} CONFIG.C7_QDRIIP_RESET.INSERT_VIP {0} CONFIG.C7_RLDII_RESET.INSERT_VIP {0} CONFIG.C7_RLDIII_RESET.INSERT_VIP {0} CONFIG.C7_CLOCK.INSERT_VIP {0} CONFIG.C7_MMCM_CLKOUT0.INSERT_VIP {0} CONFIG.C7_MMCM_CLKOUT1.INSERT_VIP {0} CONFIG.C7_MMCM_CLKOUT2.INSERT_VIP {0} CONFIG.C7_MMCM_CLKOUT3.INSERT_VIP {0} CONFIG.C7_MMCM_CLKOUT4.INSERT_VIP {0} CONFIG.S7_AXI_CTRL.INSERT_VIP {0} CONFIG.S7_AXI.INSERT_VIP {0} CONFIG.C7_SYS_CLK_I.INSERT_VIP {0} CONFIG.C7_ARESETN.INSERT_VIP {0}] [get_ips mig_7series_0]
generate_target {instantiation_template} [get_files e:/FPGA/project/smart_car_pld2026/my_car/prj/prj.srcs/sources_1/ip/mig_7series_0_2/mig_7series_0.xci]
INFO: [IP_Flow 19-1686] Generating 'Instantiation Template' target for IP 'mig_7series_0'...
generate_target all [get_files  e:/FPGA/project/smart_car_pld2026/my_car/prj/prj.srcs/sources_1/ip/mig_7series_0_2/mig_7series_0.xci]
INFO: [IP_Flow 19-1686] Generating 'Synthesis' target for IP 'mig_7series_0'...
INFO: [IP_Flow 19-1686] Generating 'Simulation' target for IP 'mig_7series_0'...
INFO: [IP_Flow 19-1686] Generating 'Implementation' target for IP 'mig_7series_0'...
INFO: [IP_Flow 19-1686] Generating 'Change Log' target for IP 'mig_7series_0'...
catch { config_ip_cache -export [get_ips -all mig_7series_0] }
export_ip_user_files -of_objects [get_files e:/FPGA/project/smart_car_pld2026/my_car/prj/prj.srcs/sources_1/ip/mig_7series_0_2/mig_7series_0.xci] -no_script -sync -force -quiet
create_ip_run [get_files -of_objects [get_fileset sources_1] e:/FPGA/project/smart_car_pld2026/my_car/prj/prj.srcs/sources_1/ip/mig_7series_0_2/mig_7series_0.xci]
launch_runs -jobs 12 mig_7series_0_synth_1
[Sat Jul 25 18:01:51 2026] Launched mig_7series_0_synth_1...
Run output will be captured here: E:/FPGA/project/smart_car_pld2026/my_car/prj/prj.runs/mig_7series_0_synth_1/runme.log
export_simulation -of_objects [get_files e:/FPGA/project/smart_car_pld2026/my_car/prj/prj.srcs/sources_1/ip/mig_7series_0_2/mig_7series_0.xci] -directory E:/FPGA/project/smart_car_pld2026/my_car/prj/prj.ip_user_files/sim_scripts -ip_user_files_dir E:/FPGA/project/smart_car_pld2026/my_car/prj/prj.ip_user_files -ipstatic_source_dir E:/FPGA/project/smart_car_pld2026/my_car/prj/prj.ip_user_files/ipstatic -lib_map_path [list {modelsim=E:/FPGA/project/smart_car_pld2026/my_car/prj/prj.cache/compile_simlib/modelsim} {questa=E:/FPGA/project/smart_car_pld2026/my_car/prj/prj.cache/compile_simlib/questa} {riviera=E:/FPGA/project/smart_car_pld2026/my_car/prj/prj.cache/compile_simlib/riviera} {activehdl=E:/FPGA/project/smart_car_pld2026/my_car/prj/prj.cache/compile_simlib/activehdl}] -use_ip_compiled_libs -force -quiet
create_ip -name fifo_generator -vendor xilinx.com -library ip -version 13.2 -module_name wr_fifo -dir e:/FPGA/project/smart_car_pld2026/my_car/prj/prj.srcs/sources_1/ip
set_property -dict [list CONFIG.Component_Name {wr_fifo} CONFIG.Fifo_Implementation {Independent_Clocks_Block_RAM} CONFIG.Performance_Options {First_Word_Fall_Through} CONFIG.Input_Data_Width {256} CONFIG.Input_Depth {512} CONFIG.Output_Data_Width {256} CONFIG.Output_Depth {512} CONFIG.Reset_Type {Asynchronous_Reset} CONFIG.Full_Flags_Reset_Value {1} CONFIG.Use_Extra_Logic {false} CONFIG.Data_Count {false} CONFIG.Data_Count_Width {9} CONFIG.Write_Data_Count {true} CONFIG.Write_Data_Count_Width {9} CONFIG.Read_Data_Count {true} CONFIG.Read_Data_Count_Width {9} CONFIG.Full_Threshold_Assert_Value {511} CONFIG.Full_Threshold_Negate_Value {510} CONFIG.Empty_Threshold_Assert_Value {4} CONFIG.Empty_Threshold_Negate_Value {5} CONFIG.Enable_Safety_Circuit {true}] [get_ips wr_fifo]
WARNING: [Vivado 12-3523] Attempt to change 'Component_Name' from 'wr_fifo' to 'wr_fifo' is not allowed and is ignored.
generate_target {instantiation_template} [get_files e:/FPGA/project/smart_car_pld2026/my_car/prj/prj.srcs/sources_1/ip/wr_fifo_1/wr_fifo.xci]
INFO: [IP_Flow 19-1686] Generating 'Instantiation Template' target for IP 'wr_fifo'...
generate_target all [get_files  e:/FPGA/project/smart_car_pld2026/my_car/prj/prj.srcs/sources_1/ip/wr_fifo_1/wr_fifo.xci]
INFO: [IP_Flow 19-1686] Generating 'Synthesis' target for IP 'wr_fifo'...
INFO: [IP_Flow 19-1686] Generating 'Simulation' target for IP 'wr_fifo'...
INFO: [IP_Flow 19-1686] Generating 'Change Log' target for IP 'wr_fifo'...
catch { config_ip_cache -export [get_ips -all wr_fifo] }
export_ip_user_files -of_objects [get_files e:/FPGA/project/smart_car_pld2026/my_car/prj/prj.srcs/sources_1/ip/wr_fifo_1/wr_fifo.xci] -no_script -sync -force -quiet
create_ip_run [get_files -of_objects [get_fileset sources_1] e:/FPGA/project/smart_car_pld2026/my_car/prj/prj.srcs/sources_1/ip/wr_fifo_1/wr_fifo.xci]
launch_runs -jobs 12 wr_fifo_synth_1
[Sat Jul 25 18:06:09 2026] Launched wr_fifo_synth_1...
Run output will be captured here: E:/FPGA/project/smart_car_pld2026/my_car/prj/prj.runs/wr_fifo_synth_1/runme.log
export_simulation -of_objects [get_files e:/FPGA/project/smart_car_pld2026/my_car/prj/prj.srcs/sources_1/ip/wr_fifo_1/wr_fifo.xci] -directory E:/FPGA/project/smart_car_pld2026/my_car/prj/prj.ip_user_files/sim_scripts -ip_user_files_dir E:/FPGA/project/smart_car_pld2026/my_car/prj/prj.ip_user_files -ipstatic_source_dir E:/FPGA/project/smart_car_pld2026/my_car/prj/prj.ip_user_files/ipstatic -lib_map_path [list {modelsim=E:/FPGA/project/smart_car_pld2026/my_car/prj/prj.cache/compile_simlib/modelsim} {questa=E:/FPGA/project/smart_car_pld2026/my_car/prj/prj.cache/compile_simlib/questa} {riviera=E:/FPGA/project/smart_car_pld2026/my_car/prj/prj.cache/compile_simlib/riviera} {activehdl=E:/FPGA/project/smart_car_pld2026/my_car/prj/prj.cache/compile_simlib/activehdl}] -use_ip_compiled_libs -force -quiet
create_ip -name fifo_generator -vendor xilinx.com -library ip -version 13.2 -module_name rd_fifo -dir e:/FPGA/project/smart_car_pld2026/my_car/prj/prj.srcs/sources_1/ip
set_property -dict [list CONFIG.Component_Name {rd_fifo} CONFIG.Fifo_Implementation {Independent_Clocks_Block_RAM} CONFIG.Performance_Options {First_Word_Fall_Through} CONFIG.Input_Data_Width {256} CONFIG.Input_Depth {512} CONFIG.Output_Data_Width {256} CONFIG.Output_Depth {512} CONFIG.Reset_Type {Asynchronous_Reset} CONFIG.Full_Flags_Reset_Value {1} CONFIG.Use_Extra_Logic {false} CONFIG.Data_Count_Width {9} CONFIG.Write_Data_Count {true} CONFIG.Write_Data_Count_Width {9} CONFIG.Read_Data_Count {true} CONFIG.Read_Data_Count_Width {9} CONFIG.Full_Threshold_Assert_Value {511} CONFIG.Full_Threshold_Negate_Value {510} CONFIG.Empty_Threshold_Assert_Value {4} CONFIG.Empty_Threshold_Negate_Value {5} CONFIG.Enable_Safety_Circuit {true}] [get_ips rd_fifo]
WARNING: [Vivado 12-3523] Attempt to change 'Component_Name' from 'rd_fifo' to 'rd_fifo' is not allowed and is ignored.
generate_target {instantiation_template} [get_files e:/FPGA/project/smart_car_pld2026/my_car/prj/prj.srcs/sources_1/ip/rd_fifo_1/rd_fifo.xci]
INFO: [IP_Flow 19-1686] Generating 'Instantiation Template' target for IP 'rd_fifo'...
generate_target all [get_files  e:/FPGA/project/smart_car_pld2026/my_car/prj/prj.srcs/sources_1/ip/rd_fifo_1/rd_fifo.xci]
INFO: [IP_Flow 19-1686] Generating 'Synthesis' target for IP 'rd_fifo'...
INFO: [IP_Flow 19-1686] Generating 'Simulation' target for IP 'rd_fifo'...
INFO: [IP_Flow 19-1686] Generating 'Change Log' target for IP 'rd_fifo'...
catch { config_ip_cache -export [get_ips -all rd_fifo] }
INFO: [IP_Flow 19-4993] Using cached IP synthesis design for IP rd_fifo, cache-ID = 5b14b16afa8d7f0f; cache size = 15.865 MB.
export_ip_user_files -of_objects [get_files e:/FPGA/project/smart_car_pld2026/my_car/prj/prj.srcs/sources_1/ip/rd_fifo_1/rd_fifo.xci] -no_script -sync -force -quiet
create_ip_run [get_files -of_objects [get_fileset sources_1] e:/FPGA/project/smart_car_pld2026/my_car/prj/prj.srcs/sources_1/ip/rd_fifo_1/rd_fifo.xci]
INFO: [Vivado 12-3453] The given sub-design is up-to-date, no action was taken.  If a run is still desired, use the '-force' option for the file:'e:/FPGA/project/smart_car_pld2026/my_car/prj/prj.srcs/sources_1/ip/rd_fifo_1/rd_fifo.xci'
export_simulation -of_objects [get_files e:/FPGA/project/smart_car_pld2026/my_car/prj/prj.srcs/sources_1/ip/rd_fifo_1/rd_fifo.xci] -directory E:/FPGA/project/smart_car_pld2026/my_car/prj/prj.ip_user_files/sim_scripts -ip_user_files_dir E:/FPGA/project/smart_car_pld2026/my_car/prj/prj.ip_user_files -ipstatic_source_dir E:/FPGA/project/smart_car_pld2026/my_car/prj/prj.ip_user_files/ipstatic -lib_map_path [list {modelsim=E:/FPGA/project/smart_car_pld2026/my_car/prj/prj.cache/compile_simlib/modelsim} {questa=E:/FPGA/project/smart_car_pld2026/my_car/prj/prj.cache/compile_simlib/questa} {riviera=E:/FPGA/project/smart_car_pld2026/my_car/prj/prj.cache/compile_simlib/riviera} {activehdl=E:/FPGA/project/smart_car_pld2026/my_car/prj/prj.cache/compile_simlib/activehdl}] -use_ip_compiled_libs -force -quiet
update_compile_order -fileset sources_1
launch_simulation
INFO: [Vivado 12-5698] Checking validity of IPs in the design for the 'XSim' simulator...
INFO: [Vivado 12-5682] Launching behavioral simulation in 'E:/FPGA/project/smart_car_pld2026/my_car/prj/prj.sim/sim_1/behav/xsim'
INFO: [Vivado 12-4795] Using compiled simulation libraries for IPs
INFO: [SIM-utils-51] Simulation object is 'sim_1'
INFO: [USF-XSim-7] Finding pre-compiled libraries...
INFO: [USF-XSim-11] File 'D:/Xilinx/Vivado/2018.3/data/xsim/xsim.ini' copied to run dir:'E:/FPGA/project/smart_car_pld2026/my_car/prj/prj.sim/sim_1/behav/xsim'
INFO: [SIM-utils-54] Inspecting design source files for 'top_dual_ov5640_lcd' in fileset 'sim_1'...
INFO: [USF-XSim-97] Finding global include files...
INFO: [USF-XSim-98] Fetching design files from 'sim_1'...
INFO: [USF-XSim-2] XSim::Compile design
INFO: [USF-XSim-61] Executing 'COMPILE and ANALYZE' step in 'E:/FPGA/project/smart_car_pld2026/my_car/prj/prj.sim/sim_1/behav/xsim'
"xvlog --incr --relax -prj top_dual_ov5640_lcd_vlog.prj"
INFO: [VRFC 10-2263] Analyzing Verilog file "E:/FPGA/project/smart_car_pld2026/my_car/prj/prj.srcs/sources_1/ip/clk_wiz_0/clk_wiz_0_clk_wiz.v" into library xil_defaultlib
INFO: [VRFC 10-311] analyzing module clk_wiz_0_clk_wiz
INFO: [VRFC 10-2263] Analyzing Verilog file "E:/FPGA/project/smart_car_pld2026/my_car/prj/prj.srcs/sources_1/ip/clk_wiz_0/clk_wiz_0.v" into library xil_defaultlib
INFO: [VRFC 10-311] analyzing module clk_wiz_0
INFO: [VRFC 10-2263] Analyzing Verilog file "E:/FPGA/project/smart_car_pld2026/my_car/prj/prj.srcs/sources_1/ip/wr_fifo_1/sim/wr_fifo.v" into library xil_defaultlib
INFO: [VRFC 10-311] analyzing module wr_fifo
INFO: [VRFC 10-2263] Analyzing Verilog file "E:/FPGA/project/smart_car_pld2026/my_car/prj/prj.srcs/sources_1/ip/rd_fifo_1/sim/rd_fifo.v" into library xil_defaultlib
INFO: [VRFC 10-311] analyzing module rd_fifo
INFO: [VRFC 10-2263] Analyzing Verilog file "E:/FPGA/project/smart_car_pld2026/my_car/prj/prj.srcs/sources_1/ip/mig_7series_0_2/mig_7series_0/user_design/rtl/clocking/mig_7series_v4_2_clk_ibuf.v" into library xil_defaultlib
INFO: [VRFC 10-311] analyzing module mig_7series_v4_2_clk_ibuf
INFO: [VRFC 10-2263] Analyzing Verilog file "E:/FPGA/project/smart_car_pld2026/my_car/prj/prj.srcs/sources_1/ip/mig_7series_0_2/mig_7series_0/user_design/rtl/clocking/mig_7series_v4_2_infrastructure.v" into library xil_defaultlib
INFO: [VRFC 10-311] analyzing module mig_7series_v4_2_infrastructure
INFO: [VRFC 10-2263] Analyzing Verilog file "E:/FPGA/project/smart_car_pld2026/my_car/prj/prj.srcs/sources_1/ip/mig_7series_0_2/mig_7series_0/user_design/rtl/clocking/mig_7series_v4_2_iodelay_ctrl.v" into library xil_defaultlib
INFO: [VRFC 10-311] analyzing module mig_7series_v4_2_iodelay_ctrl
INFO: [VRFC 10-2263] Analyzing Verilog file "E:/FPGA/project/smart_car_pld2026/my_car/prj/prj.srcs/sources_1/ip/mig_7series_0_2/mig_7series_0/user_design/rtl/clocking/mig_7series_v4_2_tempmon.v" into library xil_defaultlib
INFO: [VRFC 10-311] analyzing module mig_7series_v4_2_tempmon
INFO: [VRFC 10-2263] Analyzing Verilog file "E:/FPGA/project/smart_car_pld2026/my_car/prj/prj.srcs/sources_1/ip/mig_7series_0_2/mig_7series_0/user_design/rtl/controller/mig_7series_v4_2_arb_mux.v" into library xil_defaultlib
INFO: [VRFC 10-311] analyzing module mig_7series_v4_2_arb_mux
INFO: [VRFC 10-2263] Analyzing Verilog file "E:/FPGA/project/smart_car_pld2026/my_car/prj/prj.srcs/sources_1/ip/mig_7series_0_2/mig_7series_0/user_design/rtl/controller/mig_7series_v4_2_arb_row_col.v" into library xil_defaultlib
INFO: [VRFC 10-311] analyzing module mig_7series_v4_2_arb_row_col
WARNING: [VRFC 10-2654] begin/end is required for generate-for in this mode of verilog [E:/FPGA/project/smart_car_pld2026/my_car/prj/prj.srcs/sources_1/ip/mig_7series_0_2/mig_7series_0/user_design/rtl/controller/mig_7series_v4_2_arb_row_col.v:252]
INFO: [VRFC 10-2263] Analyzing Verilog file "E:/FPGA/project/smart_car_pld2026/my_car/prj/prj.srcs/sources_1/ip/mig_7series_0_2/mig_7series_0/user_design/rtl/controller/mig_7series_v4_2_arb_select.v" into library xil_defaultlib
INFO: [VRFC 10-311] analyzing module mig_7series_v4_2_arb_select
INFO: [VRFC 10-2263] Analyzing Verilog file "E:/FPGA/project/smart_car_pld2026/my_car/prj/prj.srcs/sources_1/ip/mig_7series_0_2/mig_7series_0/user_design/rtl/controller/mig_7series_v4_2_bank_cntrl.v" into library xil_defaultlib
INFO: [VRFC 10-311] analyzing module mig_7series_v4_2_bank_cntrl
INFO: [VRFC 10-2263] Analyzing Verilog file "E:/FPGA/project/smart_car_pld2026/my_car/prj/prj.srcs/sources_1/ip/mig_7series_0_2/mig_7series_0/user_design/rtl/controller/mig_7series_v4_2_bank_common.v" into library xil_defaultlib
INFO: [VRFC 10-311] analyzing module mig_7series_v4_2_bank_common
INFO: [VRFC 10-2263] Analyzing Verilog file "E:/FPGA/project/smart_car_pld2026/my_car/prj/prj.srcs/sources_1/ip/mig_7series_0_2/mig_7series_0/user_design/rtl/controller/mig_7series_v4_2_bank_compare.v" into library xil_defaultlib
INFO: [VRFC 10-311] analyzing module mig_7series_v4_2_bank_compare
INFO: [VRFC 10-2263] Analyzing Verilog file "E:/FPGA/project/smart_car_pld2026/my_car/prj/prj.srcs/sources_1/ip/mig_7series_0_2/mig_7series_0/user_design/rtl/controller/mig_7series_v4_2_bank_mach.v" into library xil_defaultlib
INFO: [VRFC 10-311] analyzing module mig_7series_v4_2_bank_mach
INFO: [VRFC 10-2263] Analyzing Verilog file "E:/FPGA/project/smart_car_pld2026/my_car/prj/prj.srcs/sources_1/ip/mig_7series_0_2/mig_7series_0/user_design/rtl/controller/mig_7series_v4_2_bank_queue.v" into library xil_defaultlib
INFO: [VRFC 10-311] analyzing module mig_7series_v4_2_bank_queue
INFO: [VRFC 10-2263] Analyzing Verilog file "E:/FPGA/project/smart_car_pld2026/my_car/prj/prj.srcs/sources_1/ip/mig_7series_0_2/mig_7series_0/user_design/rtl/controller/mig_7series_v4_2_bank_state.v" into library xil_defaultlib
INFO: [VRFC 10-311] analyzing module mig_7series_v4_2_bank_state
INFO: [VRFC 10-2263] Analyzing Verilog file "E:/FPGA/project/smart_car_pld2026/my_car/prj/prj.srcs/sources_1/ip/mig_7series_0_2/mig_7series_0/user_design/rtl/controller/mig_7series_v4_2_col_mach.v" into library xil_defaultlib
INFO: [VRFC 10-311] analyzing module mig_7series_v4_2_col_mach
INFO: [VRFC 10-2263] Analyzing Verilog file "E:/FPGA/project/smart_car_pld2026/my_car/prj/prj.srcs/sources_1/ip/mig_7series_0_2/mig_7series_0/user_design/rtl/controller/mig_7series_v4_2_mc.v" into library xil_defaultlib
INFO: [VRFC 10-311] analyzing module mig_7series_v4_2_mc
INFO: [VRFC 10-2263] Analyzing Verilog file "E:/FPGA/project/smart_car_pld2026/my_car/prj/prj.srcs/sources_1/ip/mig_7series_0_2/mig_7series_0/user_design/rtl/controller/mig_7series_v4_2_rank_cntrl.v" into library xil_defaultlib
INFO: [VRFC 10-311] analyzing module mig_7series_v4_2_rank_cntrl
INFO: [VRFC 10-2263] Analyzing Verilog file "E:/FPGA/project/smart_car_pld2026/my_car/prj/prj.srcs/sources_1/ip/mig_7series_0_2/mig_7series_0/user_design/rtl/controller/mig_7series_v4_2_rank_common.v" into library xil_defaultlib
INFO: [VRFC 10-311] analyzing module mig_7series_v4_2_rank_common
INFO: [VRFC 10-2263] Analyzing Verilog file "E:/FPGA/project/smart_car_pld2026/my_car/prj/prj.srcs/sources_1/ip/mig_7series_0_2/mig_7series_0/user_design/rtl/controller/mig_7series_v4_2_rank_mach.v" into library xil_defaultlib
INFO: [VRFC 10-311] analyzing module mig_7series_v4_2_rank_mach
INFO: [VRFC 10-2263] Analyzing Verilog file "E:/FPGA/project/smart_car_pld2026/my_car/prj/prj.srcs/sources_1/ip/mig_7series_0_2/mig_7series_0/user_design/rtl/controller/mig_7series_v4_2_round_robin_arb.v" into library xil_defaultlib
INFO: [VRFC 10-311] analyzing module mig_7series_v4_2_round_robin_arb
INFO: [VRFC 10-2263] Analyzing Verilog file "E:/FPGA/project/smart_car_pld2026/my_car/prj/prj.srcs/sources_1/ip/mig_7series_0_2/mig_7series_0/user_design/rtl/ecc/mig_7series_v4_2_ecc_buf.v" into library xil_defaultlib
INFO: [VRFC 10-311] analyzing module mig_7series_v4_2_ecc_buf
INFO: [VRFC 10-2263] Analyzing Verilog file "E:/FPGA/project/smart_car_pld2026/my_car/prj/prj.srcs/sources_1/ip/mig_7series_0_2/mig_7series_0/user_design/rtl/ecc/mig_7series_v4_2_ecc_dec_fix.v" into library xil_defaultlib
INFO: [VRFC 10-311] analyzing module mig_7series_v4_2_ecc_dec_fix
INFO: [VRFC 10-2263] Analyzing Verilog file "E:/FPGA/project/smart_car_pld2026/my_car/prj/prj.srcs/sources_1/ip/mig_7series_0_2/mig_7series_0/user_design/rtl/ecc/mig_7series_v4_2_ecc_gen.v" into library xil_defaultlib
INFO: [VRFC 10-311] analyzing module mig_7series_v4_2_ecc_gen
INFO: [VRFC 10-2263] Analyzing Verilog file "E:/FPGA/project/smart_car_pld2026/my_car/prj/prj.srcs/sources_1/ip/mig_7series_0_2/mig_7series_0/user_design/rtl/ecc/mig_7series_v4_2_ecc_merge_enc.v" into library xil_defaultlib
INFO: [VRFC 10-311] analyzing module mig_7series_v4_2_ecc_merge_enc
INFO: [VRFC 10-2263] Analyzing Verilog file "E:/FPGA/project/smart_car_pld2026/my_car/prj/prj.srcs/sources_1/ip/mig_7series_0_2/mig_7series_0/user_design/rtl/ecc/mig_7series_v4_2_fi_xor.v" into library xil_defaultlib
INFO: [VRFC 10-311] analyzing module mig_7series_v4_2_fi_xor
INFO: [VRFC 10-2263] Analyzing Verilog file "E:/FPGA/project/smart_car_pld2026/my_car/prj/prj.srcs/sources_1/ip/mig_7series_0_2/mig_7series_0/user_design/rtl/ip_top/mig_7series_v4_2_memc_ui_top_std.v" into library xil_defaultlib
INFO: [VRFC 10-311] analyzing module mig_7series_v4_2_memc_ui_top_std
INFO: [VRFC 10-2263] Analyzing Verilog file "E:/FPGA/project/smart_car_pld2026/my_car/prj/prj.srcs/sources_1/ip/mig_7series_0_2/mig_7series_0/user_design/rtl/ip_top/mig_7series_v4_2_mem_intfc.v" into library xil_defaultlib
INFO: [VRFC 10-311] analyzing module mig_7series_v4_2_mem_intfc
INFO: [VRFC 10-2263] Analyzing Verilog file "E:/FPGA/project/smart_car_pld2026/my_car/prj/prj.srcs/sources_1/ip/mig_7series_0_2/mig_7series_0/user_design/rtl/phy/mig_7series_v4_2_ddr_byte_group_io.v" into library xil_defaultlib
INFO: [VRFC 10-311] analyzing module mig_7series_v4_2_ddr_byte_group_io
INFO: [VRFC 10-2263] Analyzing Verilog file "E:/FPGA/project/smart_car_pld2026/my_car/prj/prj.srcs/sources_1/ip/mig_7series_0_2/mig_7series_0/user_design/rtl/phy/mig_7series_v4_2_ddr_byte_lane.v" into library xil_defaultlib
INFO: [VRFC 10-311] analyzing module mig_7series_v4_2_ddr_byte_lane
INFO: [VRFC 10-2263] Analyzing Verilog file "E:/FPGA/project/smart_car_pld2026/my_car/prj/prj.srcs/sources_1/ip/mig_7series_0_2/mig_7series_0/user_design/rtl/phy/mig_7series_v4_2_ddr_calib_top.v" into library xil_defaultlib
INFO: [VRFC 10-311] analyzing module mig_7series_v4_2_ddr_calib_top
INFO: [VRFC 10-2263] Analyzing Verilog file "E:/FPGA/project/smart_car_pld2026/my_car/prj/prj.srcs/sources_1/ip/mig_7series_0_2/mig_7series_0/user_design/rtl/phy/mig_7series_v4_2_ddr_if_post_fifo.v" into library xil_defaultlib
INFO: [VRFC 10-311] analyzing module mig_7series_v4_2_ddr_if_post_fifo
INFO: [VRFC 10-2263] Analyzing Verilog file "E:/FPGA/project/smart_car_pld2026/my_car/prj/prj.srcs/sources_1/ip/mig_7series_0_2/mig_7series_0/user_design/rtl/phy/mig_7series_v4_2_ddr_mc_phy.v" into library xil_defaultlib
INFO: [VRFC 10-311] analyzing module mig_7series_v4_2_ddr_mc_phy
INFO: [VRFC 10-2263] Analyzing Verilog file "E:/FPGA/project/smart_car_pld2026/my_car/prj/prj.srcs/sources_1/ip/mig_7series_0_2/mig_7series_0/user_design/rtl/phy/mig_7series_v4_2_ddr_mc_phy_wrapper.v" into library xil_defaultlib
INFO: [VRFC 10-311] analyzing module mig_7series_v4_2_ddr_mc_phy_wrapper
INFO: [VRFC 10-2263] Analyzing Verilog file "E:/FPGA/project/smart_car_pld2026/my_car/prj/prj.srcs/sources_1/ip/mig_7series_0_2/mig_7series_0/user_design/rtl/phy/mig_7series_v4_2_ddr_of_pre_fifo.v" into library xil_defaultlib
INFO: [VRFC 10-311] analyzing module mig_7series_v4_2_ddr_of_pre_fifo
INFO: [VRFC 10-2263] Analyzing Verilog file "E:/FPGA/project/smart_car_pld2026/my_car/prj/prj.srcs/sources_1/ip/mig_7series_0_2/mig_7series_0/user_design/rtl/phy/mig_7series_v4_2_ddr_phy_4lanes.v" into library xil_defaultlib
INFO: [VRFC 10-311] analyzing module mig_7series_v4_2_ddr_phy_4lanes
INFO: [VRFC 10-2263] Analyzing Verilog file "E:/FPGA/project/smart_car_pld2026/my_car/prj/prj.srcs/sources_1/ip/mig_7series_0_2/mig_7series_0/user_design/rtl/phy/mig_7series_v4_2_ddr_phy_ck_addr_cmd_delay.v" into library xil_defaultlib
INFO: [VRFC 10-311] analyzing module mig_7series_v4_2_ddr_phy_ck_addr_cmd_delay
INFO: [VRFC 10-2263] Analyzing Verilog file "E:/FPGA/project/smart_car_pld2026/my_car/prj/prj.srcs/sources_1/ip/mig_7series_0_2/mig_7series_0/user_design/rtl/phy/mig_7series_v4_2_ddr_phy_dqs_found_cal.v" into library xil_defaultlib
INFO: [VRFC 10-311] analyzing module mig_7series_v4_2_ddr_phy_dqs_found_cal
INFO: [VRFC 10-2263] Analyzing Verilog file "E:/FPGA/project/smart_car_pld2026/my_car/prj/prj.srcs/sources_1/ip/mig_7series_0_2/mig_7series_0/user_design/rtl/phy/mig_7series_v4_2_ddr_phy_dqs_found_cal_hr.v" into library xil_defaultlib
INFO: [VRFC 10-311] analyzing module mig_7series_v4_2_ddr_phy_dqs_found_cal_hr
INFO: [VRFC 10-2263] Analyzing Verilog file "E:/FPGA/project/smart_car_pld2026/my_car/prj/prj.srcs/sources_1/ip/mig_7series_0_2/mig_7series_0/user_design/rtl/phy/mig_7series_v4_2_ddr_phy_init.v" into library xil_defaultlib
INFO: [VRFC 10-311] analyzing module mig_7series_v4_2_ddr_phy_init
INFO: [VRFC 10-2263] Analyzing Verilog file "E:/FPGA/project/smart_car_pld2026/my_car/prj/prj.srcs/sources_1/ip/mig_7series_0_2/mig_7series_0/user_design/rtl/phy/mig_7series_v4_2_ddr_phy_ocd_cntlr.v" into library xil_defaultlib
INFO: [VRFC 10-311] analyzing module mig_7series_v4_2_ddr_phy_ocd_cntlr
INFO: [VRFC 10-2263] Analyzing Verilog file "E:/FPGA/project/smart_car_pld2026/my_car/prj/prj.srcs/sources_1/ip/mig_7series_0_2/mig_7series_0/user_design/rtl/phy/mig_7series_v4_2_ddr_phy_ocd_data.v" into library xil_defaultlib
INFO: [VRFC 10-311] analyzing module mig_7series_v4_2_ddr_phy_ocd_data
INFO: [VRFC 10-2263] Analyzing Verilog file "E:/FPGA/project/smart_car_pld2026/my_car/prj/prj.srcs/sources_1/ip/mig_7series_0_2/mig_7series_0/user_design/rtl/phy/mig_7series_v4_2_ddr_phy_ocd_edge.v" into library xil_defaultlib
INFO: [VRFC 10-311] analyzing module mig_7series_v4_2_ddr_phy_ocd_edge
INFO: [VRFC 10-2263] Analyzing Verilog file "E:/FPGA/project/smart_car_pld2026/my_car/prj/prj.srcs/sources_1/ip/mig_7series_0_2/mig_7series_0/user_design/rtl/phy/mig_7series_v4_2_ddr_phy_ocd_lim.v" into library xil_defaultlib
INFO: [VRFC 10-311] analyzing module mig_7series_v4_2_ddr_phy_ocd_lim
INFO: [VRFC 10-2263] Analyzing Verilog file "E:/FPGA/project/smart_car_pld2026/my_car/prj/prj.srcs/sources_1/ip/mig_7series_0_2/mig_7series_0/user_design/rtl/phy/mig_7series_v4_2_ddr_phy_ocd_mux.v" into library xil_defaultlib
INFO: [VRFC 10-311] analyzing module mig_7series_v4_2_ddr_phy_ocd_mux
INFO: [VRFC 10-2263] Analyzing Verilog file "E:/FPGA/project/smart_car_pld2026/my_car/prj/prj.srcs/sources_1/ip/mig_7series_0_2/mig_7series_0/user_design/rtl/phy/mig_7series_v4_2_ddr_phy_ocd_po_cntlr.v" into library xil_defaultlib
INFO: [VRFC 10-311] analyzing module mig_7series_v4_2_ddr_phy_ocd_po_cntlr
INFO: [VRFC 10-2263] Analyzing Verilog file "E:/FPGA/project/smart_car_pld2026/my_car/prj/prj.srcs/sources_1/ip/mig_7series_0_2/mig_7series_0/user_design/rtl/phy/mig_7series_v4_2_ddr_phy_ocd_samp.v" into library xil_defaultlib
INFO: [VRFC 10-311] analyzing module mig_7series_v4_2_ddr_phy_ocd_samp
INFO: [VRFC 10-2263] Analyzing Verilog file "E:/FPGA/project/smart_car_pld2026/my_car/prj/prj.srcs/sources_1/ip/mig_7series_0_2/mig_7series_0/user_design/rtl/phy/mig_7series_v4_2_ddr_phy_oclkdelay_cal.v" into library xil_defaultlib
INFO: [VRFC 10-311] analyzing module mig_7series_v4_2_ddr_phy_oclkdelay_cal
INFO: [VRFC 10-2263] Analyzing Verilog file "E:/FPGA/project/smart_car_pld2026/my_car/prj/prj.srcs/sources_1/ip/mig_7series_0_2/mig_7series_0/user_design/rtl/phy/mig_7series_v4_2_ddr_phy_prbs_rdlvl.v" into library xil_defaultlib
INFO: [VRFC 10-311] analyzing module mig_7series_v4_2_ddr_phy_prbs_rdlvl
INFO: [VRFC 10-2263] Analyzing Verilog file "E:/FPGA/project/smart_car_pld2026/my_car/prj/prj.srcs/sources_1/ip/mig_7series_0_2/mig_7series_0/user_design/rtl/phy/mig_7series_v4_2_ddr_phy_rdlvl.v" into library xil_defaultlib
INFO: [VRFC 10-311] analyzing module mig_7series_v4_2_ddr_phy_rdlvl
INFO: [VRFC 10-2263] Analyzing Verilog file "E:/FPGA/project/smart_car_pld2026/my_car/prj/prj.srcs/sources_1/ip/mig_7series_0_2/mig_7series_0/user_design/rtl/phy/mig_7series_v4_2_ddr_phy_tempmon.v" into library xil_defaultlib
INFO: [VRFC 10-311] analyzing module mig_7series_v4_2_ddr_phy_tempmon
INFO: [VRFC 10-2263] Analyzing Verilog file "E:/FPGA/project/smart_car_pld2026/my_car/prj/prj.srcs/sources_1/ip/mig_7series_0_2/mig_7series_0/user_design/rtl/phy/mig_7series_v4_2_ddr_phy_top.v" into library xil_defaultlib
INFO: [VRFC 10-311] analyzing module mig_7series_v4_2_ddr_phy_top
INFO: [VRFC 10-2263] Analyzing Verilog file "E:/FPGA/project/smart_car_pld2026/my_car/prj/prj.srcs/sources_1/ip/mig_7series_0_2/mig_7series_0/user_design/rtl/phy/mig_7series_v4_2_ddr_phy_wrcal.v" into library xil_defaultlib
INFO: [VRFC 10-311] analyzing module mig_7series_v4_2_ddr_phy_wrcal
INFO: [VRFC 10-2263] Analyzing Verilog file "E:/FPGA/project/smart_car_pld2026/my_car/prj/prj.srcs/sources_1/ip/mig_7series_0_2/mig_7series_0/user_design/rtl/phy/mig_7series_v4_2_ddr_phy_wrlvl.v" into library xil_defaultlib
INFO: [VRFC 10-311] analyzing module mig_7series_v4_2_ddr_phy_wrlvl
INFO: [VRFC 10-2263] Analyzing Verilog file "E:/FPGA/project/smart_car_pld2026/my_car/prj/prj.srcs/sources_1/ip/mig_7series_0_2/mig_7series_0/user_design/rtl/phy/mig_7series_v4_2_ddr_phy_wrlvl_off_delay.v" into library xil_defaultlib
INFO: [VRFC 10-311] analyzing module mig_7series_v4_2_ddr_phy_wrlvl_off_delay
INFO: [VRFC 10-2263] Analyzing Verilog file "E:/FPGA/project/smart_car_pld2026/my_car/prj/prj.srcs/sources_1/ip/mig_7series_0_2/mig_7series_0/user_design/rtl/phy/mig_7series_v4_2_ddr_prbs_gen.v" into library xil_defaultlib
INFO: [VRFC 10-311] analyzing module mig_7series_v4_2_ddr_prbs_gen
INFO: [VRFC 10-2263] Analyzing Verilog file "E:/FPGA/project/smart_car_pld2026/my_car/prj/prj.srcs/sources_1/ip/mig_7series_0_2/mig_7series_0/user_design/rtl/phy/mig_7series_v4_2_ddr_skip_calib_tap.v" into library xil_defaultlib
INFO: [VRFC 10-311] analyzing module mig_7series_v4_2_ddr_skip_calib_tap
INFO: [VRFC 10-2263] Analyzing Verilog file "E:/FPGA/project/smart_car_pld2026/my_car/prj/prj.srcs/sources_1/ip/mig_7series_0_2/mig_7series_0/user_design/rtl/phy/mig_7series_v4_2_poc_cc.v" into library xil_defaultlib
INFO: [VRFC 10-311] analyzing module mig_7series_v4_2_poc_cc
INFO: [VRFC 10-2263] Analyzing Verilog file "E:/FPGA/project/smart_car_pld2026/my_car/prj/prj.srcs/sources_1/ip/mig_7series_0_2/mig_7series_0/user_design/rtl/phy/mig_7series_v4_2_poc_edge_store.v" into library xil_defaultlib
INFO: [VRFC 10-311] analyzing module mig_7series_v4_2_poc_edge_store
INFO: [VRFC 10-2263] Analyzing Verilog file "E:/FPGA/project/smart_car_pld2026/my_car/prj/prj.srcs/sources_1/ip/mig_7series_0_2/mig_7series_0/user_design/rtl/phy/mig_7series_v4_2_poc_meta.v" into library xil_defaultlib
INFO: [VRFC 10-311] analyzing module mig_7series_v4_2_poc_meta
INFO: [VRFC 10-2263] Analyzing Verilog file "E:/FPGA/project/smart_car_pld2026/my_car/prj/prj.srcs/sources_1/ip/mig_7series_0_2/mig_7series_0/user_design/rtl/phy/mig_7series_v4_2_poc_pd.v" into library xil_defaultlib
INFO: [VRFC 10-311] analyzing module mig_7series_v4_2_poc_pd
INFO: [VRFC 10-2263] Analyzing Verilog file "E:/FPGA/project/smart_car_pld2026/my_car/prj/prj.srcs/sources_1/ip/mig_7series_0_2/mig_7series_0/user_design/rtl/phy/mig_7series_v4_2_poc_tap_base.v" into library xil_defaultlib
INFO: [VRFC 10-311] analyzing module mig_7series_v4_2_poc_tap_base
INFO: [VRFC 10-2263] Analyzing Verilog file "E:/FPGA/project/smart_car_pld2026/my_car/prj/prj.srcs/sources_1/ip/mig_7series_0_2/mig_7series_0/user_design/rtl/phy/mig_7series_v4_2_poc_top.v" into library xil_defaultlib
INFO: [VRFC 10-311] analyzing module mig_7series_v4_2_poc_top
INFO: [VRFC 10-2263] Analyzing Verilog file "E:/FPGA/project/smart_car_pld2026/my_car/prj/prj.srcs/sources_1/ip/mig_7series_0_2/mig_7series_0/user_design/rtl/ui/mig_7series_v4_2_ui_cmd.v" into library xil_defaultlib
INFO: [VRFC 10-311] analyzing module mig_7series_v4_2_ui_cmd
INFO: [VRFC 10-2263] Analyzing Verilog file "E:/FPGA/project/smart_car_pld2026/my_car/prj/prj.srcs/sources_1/ip/mig_7series_0_2/mig_7series_0/user_design/rtl/ui/mig_7series_v4_2_ui_rd_data.v" into library xil_defaultlib
INFO: [VRFC 10-311] analyzing module mig_7series_v4_2_ui_rd_data
INFO: [VRFC 10-2263] Analyzing Verilog file "E:/FPGA/project/smart_car_pld2026/my_car/prj/prj.srcs/sources_1/ip/mig_7series_0_2/mig_7series_0/user_design/rtl/ui/mig_7series_v4_2_ui_top.v" into library xil_defaultlib
INFO: [VRFC 10-311] analyzing module mig_7series_v4_2_ui_top
INFO: [VRFC 10-2263] Analyzing Verilog file "E:/FPGA/project/smart_car_pld2026/my_car/prj/prj.srcs/sources_1/ip/mig_7series_0_2/mig_7series_0/user_design/rtl/ui/mig_7series_v4_2_ui_wr_data.v" into library xil_defaultlib
INFO: [VRFC 10-311] analyzing module mig_7series_v4_2_ui_wr_data
INFO: [VRFC 10-2263] Analyzing Verilog file "E:/FPGA/project/smart_car_pld2026/my_car/prj/prj.srcs/sources_1/ip/mig_7series_0_2/mig_7series_0/user_design/rtl/mig_7series_0_mig_sim.v" into library xil_defaultlib
INFO: [VRFC 10-311] analyzing module mig_7series_0_mig
INFO: [VRFC 10-2458] undeclared symbol dbg_sel_po_incdec, assumed default net type wire [E:/FPGA/project/smart_car_pld2026/my_car/prj/prj.srcs/sources_1/ip/mig_7series_0_2/mig_7series_0/user_design/rtl/mig_7series_0_mig_sim.v:1096]
INFO: [VRFC 10-2458] undeclared symbol dbg_po_f_inc, assumed default net type wire [E:/FPGA/project/smart_car_pld2026/my_car/prj/prj.srcs/sources_1/ip/mig_7series_0_2/mig_7series_0/user_design/rtl/mig_7series_0_mig_sim.v:1100]
INFO: [VRFC 10-2458] undeclared symbol dbg_po_f_stg23_sel, assumed default net type wire [E:/FPGA/project/smart_car_pld2026/my_car/prj/prj.srcs/sources_1/ip/mig_7series_0_2/mig_7series_0/user_design/rtl/mig_7series_0_mig_sim.v:1101]
INFO: [VRFC 10-2458] undeclared symbol dbg_po_f_dec, assumed default net type wire [E:/FPGA/project/smart_car_pld2026/my_car/prj/prj.srcs/sources_1/ip/mig_7series_0_2/mig_7series_0/user_design/rtl/mig_7series_0_mig_sim.v:1102]
INFO: [VRFC 10-2263] Analyzing Verilog file "E:/FPGA/project/smart_car_pld2026/my_car/prj/prj.srcs/sources_1/ip/mig_7series_0_2/mig_7series_0/user_design/rtl/mig_7series_0.v" into library xil_defaultlib
INFO: [VRFC 10-311] analyzing module mig_7series_0
INFO: [VRFC 10-2263] Analyzing Verilog file "E:/FPGA/project/smart_car_pld2026/my_car/rtl/lcd_rgb_top/clk_div.v" into library xil_defaultlib
INFO: [VRFC 10-311] analyzing module clk_div
INFO: [VRFC 10-2263] Analyzing Verilog file "E:/FPGA/project/smart_car_pld2026/my_car/rtl/ov5640_dri/cmos_capture_data.v" into library xil_defaultlib
INFO: [VRFC 10-311] analyzing module cmos_capture_data
INFO: [VRFC 10-2263] Analyzing Verilog file "E:/FPGA/project/smart_car_pld2026/my_car/rtl/ddr3_top/ddr3_fifo_ctrl.v" into library xil_defaultlib
INFO: [VRFC 10-311] analyzing module ddr3_fifo_ctrl
INFO: [VRFC 10-2263] Analyzing Verilog file "E:/FPGA/project/smart_car_pld2026/my_car/rtl/ddr3_top/ddr3_fifo_ctrl_top.v" into library xil_defaultlib
INFO: [VRFC 10-311] analyzing module ddr3_fifo_ctrl_top
WARNING: [VRFC 10-3676] redeclaration of ansi port 'wfifo_dout' is not allowed [E:/FPGA/project/smart_car_pld2026/my_car/rtl/ddr3_top/ddr3_fifo_ctrl_top.v:60]
WARNING: [VRFC 10-3676] redeclaration of ansi port 'wfifo_rcount_1' is not allowed [E:/FPGA/project/smart_car_pld2026/my_car/rtl/ddr3_top/ddr3_fifo_ctrl_top.v:63]
WARNING: [VRFC 10-3676] redeclaration of ansi port 'wfifo_rcount_2' is not allowed [E:/FPGA/project/smart_car_pld2026/my_car/rtl/ddr3_top/ddr3_fifo_ctrl_top.v:64]
WARNING: [VRFC 10-3676] redeclaration of ansi port 'rfifo_wcount_1' is not allowed [E:/FPGA/project/smart_car_pld2026/my_car/rtl/ddr3_top/ddr3_fifo_ctrl_top.v:65]
WARNING: [VRFC 10-3676] redeclaration of ansi port 'rfifo_wcount_2' is not allowed [E:/FPGA/project/smart_car_pld2026/my_car/rtl/ddr3_top/ddr3_fifo_ctrl_top.v:66]
INFO: [VRFC 10-2263] Analyzing Verilog file "E:/FPGA/project/smart_car_pld2026/my_car/rtl/ddr3_top/ddr3_rw.v" into library xil_defaultlib
INFO: [VRFC 10-311] analyzing module ddr3_rw
WARNING: [VRFC 10-3676] redeclaration of ansi port 'app_addr' is not allowed [E:/FPGA/project/smart_car_pld2026/my_car/rtl/ddr3_top/ddr3_rw.v:70]
WARNING: [VRFC 10-3676] redeclaration of ansi port 'rfifo_wdata_1' is not allowed [E:/FPGA/project/smart_car_pld2026/my_car/rtl/ddr3_top/ddr3_rw.v:81]
WARNING: [VRFC 10-3676] redeclaration of ansi port 'rfifo_wdata_2' is not allowed [E:/FPGA/project/smart_car_pld2026/my_car/rtl/ddr3_top/ddr3_rw.v:82]
WARNING: [VRFC 10-3676] redeclaration of ansi port 'rfifo_wren_1' is not allowed [E:/FPGA/project/smart_car_pld2026/my_car/rtl/ddr3_top/ddr3_rw.v:98]
WARNING: [VRFC 10-3676] redeclaration of ansi port 'rfifo_wren_2' is not allowed [E:/FPGA/project/smart_car_pld2026/my_car/rtl/ddr3_top/ddr3_rw.v:99]
INFO: [VRFC 10-2263] Analyzing Verilog file "E:/FPGA/project/smart_car_pld2026/my_car/rtl/ddr3_top/ddr3_top.v" into library xil_defaultlib
INFO: [VRFC 10-311] analyzing module ddr3_top
INFO: [VRFC 10-2458] undeclared symbol rfifo_wren_1, assumed default net type wire [E:/FPGA/project/smart_car_pld2026/my_car/rtl/ddr3_top/ddr3_top.v:123]
INFO: [VRFC 10-2458] undeclared symbol rfifo_wren_2, assumed default net type wire [E:/FPGA/project/smart_car_pld2026/my_car/rtl/ddr3_top/ddr3_top.v:125]
INFO: [VRFC 10-2458] undeclared symbol wfifo_rden_1, assumed default net type wire [E:/FPGA/project/smart_car_pld2026/my_car/rtl/ddr3_top/ddr3_top.v:127]
INFO: [VRFC 10-2458] undeclared symbol wfifo_rden_2, assumed default net type wire [E:/FPGA/project/smart_car_pld2026/my_car/rtl/ddr3_top/ddr3_top.v:128]
INFO: [VRFC 10-2263] Analyzing Verilog file "E:/FPGA/project/smart_car_pld2026/my_car/rtl/ov5640_dri/i2c_dri.v" into library xil_defaultlib
INFO: [VRFC 10-311] analyzing module i2c_dri
INFO: [VRFC 10-2263] Analyzing Verilog file "E:/FPGA/project/smart_car_pld2026/my_car/rtl/ov5640_dri/i2c_ov5640_rgb565_cfg.v" into library xil_defaultlib
INFO: [VRFC 10-311] analyzing module i2c_ov5640_rgb565_cfg
INFO: [VRFC 10-2263] Analyzing Verilog file "E:/FPGA/project/smart_car_pld2026/my_car/rtl/lcd_rgb_top/lcd_disply.v" into library xil_defaultlib
INFO: [VRFC 10-311] analyzing module lcd_disply
INFO: [VRFC 10-2263] Analyzing Verilog file "E:/FPGA/project/smart_car_pld2026/my_car/rtl/lcd_rgb_top/lcd_driver.v" into library xil_defaultlib
INFO: [VRFC 10-311] analyzing module lcd_driver
INFO: [VRFC 10-2263] Analyzing Verilog file "E:/FPGA/project/smart_car_pld2026/my_car/rtl/lcd_rgb_top/lcd_rgb_top.v" into library xil_defaultlib
INFO: [VRFC 10-311] analyzing module lcd_rgb_top
INFO: [VRFC 10-2263] Analyzing Verilog file "E:/FPGA/project/smart_car_pld2026/my_car/rtl/ov5640_dri/ov5640_dri.v" into library xil_defaultlib
INFO: [VRFC 10-311] analyzing module ov5640_dri
INFO: [VRFC 10-2263] Analyzing Verilog file "E:/FPGA/project/smart_car_pld2026/my_car/rtl/picture_size.v" into library xil_defaultlib
INFO: [VRFC 10-311] analyzing module picture_size
INFO: [VRFC 10-2263] Analyzing Verilog file "E:/FPGA/project/smart_car_pld2026/my_car/rtl/lcd_rgb_top/rd_id.v" into library xil_defaultlib
INFO: [VRFC 10-311] analyzing module rd_id
INFO: [VRFC 10-2263] Analyzing Verilog file "E:/FPGA/project/smart_car_pld2026/my_car/rtl/top_dual_ov5640_lcd.v" into library xil_defaultlib
INFO: [VRFC 10-311] analyzing module top_dual_ov5640_lcd
WARNING: [VRFC 10-3676] redeclaration of ansi port 'lcd_de' is not allowed [E:/FPGA/project/smart_car_pld2026/my_car/rtl/top_dual_ov5640_lcd.v:91]
INFO: [VRFC 10-2458] undeclared symbol rd_vsync, assumed default net type wire [E:/FPGA/project/smart_car_pld2026/my_car/rtl/top_dual_ov5640_lcd.v:239]
INFO: [VRFC 10-2263] Analyzing Verilog file "E:/FPGA/project/smart_car_pld2026/my_car/prj/prj.sim/sim_1/behav/xsim/glbl.v" into library xil_defaultlib
INFO: [VRFC 10-311] analyzing module glbl
"xvhdl --incr --relax -prj top_dual_ov5640_lcd_vhdl.prj"
run_program: Time (s): cpu = 00:00:01 ; elapsed = 00:00:14 . Memory (MB): peak = 1437.660 ; gain = 0.000
INFO: [USF-XSim-69] 'compile' step finished in '13' seconds
INFO: [USF-XSim-3] XSim::Elaborate design
INFO: [USF-XSim-61] Executing 'ELABORATE' step in 'E:/FPGA/project/smart_car_pld2026/my_car/prj/prj.sim/sim_1/behav/xsim'
Vivado Simulator 2018.3
Copyright 1986-1999, 2001-2018 Xilinx, Inc. All Rights Reserved.
Running: D:/Xilinx/Vivado/2018.3/bin/unwrapped/win64.o/xelab.exe -wto a5f8ed5d976042408a3f3652be077b4e --incr --debug typical --relax --mt 2 -L xil_defaultlib -L fifo_generator_v13_2_3 -L unisims_ver -L unimacro_ver -L secureip -L xpm --snapshot top_dual_ov5640_lcd_behav xil_defaultlib.top_dual_ov5640_lcd xil_defaultlib.glbl -log elaborate.log 
Using 2 slave threads.
Starting static elaboration
ERROR: [VRFC 10-2063] Module <sensor_link> not found while processing module instance <u_sensor_link> [E:/FPGA/project/smart_car_pld2026/my_car/rtl/top_dual_ov5640_lcd.v:286]
ERROR: [XSIM 43-3322] Static elaboration of top level Verilog design unit(s) in library work failed.
INFO: [USF-XSim-69] 'elaborate' step finished in '1' seconds
INFO: [USF-XSim-99] Step results log file:'E:/FPGA/project/smart_car_pld2026/my_car/prj/prj.sim/sim_1/behav/xsim/elaborate.log'
ERROR: [USF-XSim-62] 'elaborate' step failed with error(s). Please check the Tcl console output or 'E:/FPGA/project/smart_car_pld2026/my_car/prj/prj.sim/sim_1/behav/xsim/elaborate.log' file for more information.
ERROR: [Vivado 12-4473] Detected error while running simulation. Please correct the issue and retry this operation.
launch_simulation: Time (s): cpu = 00:00:02 ; elapsed = 00:00:16 . Memory (MB): peak = 1437.660 ; gain = 0.000
ERROR: [Common 17-39] 'launch_simulation' failed due to earlier errors.
exit
INFO: [Common 17-206] Exiting Vivado at Sat Jul 25 18:20:58 2026...
