#
# There is insufficient memory for the Java Runtime Environment to continue.
# Native memory allocation (malloc) failed to allocate 133216 bytes for Chunk::new
# Possible reasons:
#   The system is out of physical RAM or swap space
#   The process is running with CompressedOops enabled, and the Java Heap may be blocking the growth of the native heap
# Possible solutions:
#   Reduce memory load on the system
#   Increase physical memory or swap space
#   Check if swap backing store is full
#   Decrease Java heap size (-Xmx/-Xms)
#   Decrease number of Java threads
#   Decrease Java thread stack sizes (-Xss)
#   Set larger code cache with -XX:ReservedCodeCacheSize=
#   JVM is running with Zero Based Compressed Oops mode in which the Java heap is
#     placed in the first 32GB address space. The Java Heap base address is the
#     maximum limit for the native heap growth. Please use -XX:HeapBaseMinAddress
#     to set the Java Heap base and to place the Java Heap above 32GB virtual address.
# This output file may be truncated or incomplete.
#
#  Out of Memory Error (t:/workspace/hotspot/src/share/vm/memory/allocation.cpp:372), pid=34008, tid=26524
#
# JRE version: Java(TM) SE Runtime Environment (9.0+11) (build 9.0.4+11)
# Java VM: Java HotSpot(TM) 64-Bit Server VM (9.0.4+11, mixed mode, tiered, compressed oops, g1 gc, windows-amd64)
# No core dump will be written. Minidumps are not enabled by default on client versions of Windows
#

---------------  S U M M A R Y ------------

Command Line: -Dsun.java2d.pmoffscreen=false -Dsun.java2d.xrender=false -Dsun.java2d.d3d=false -Dsun.awt.nopixfmt=true -Dsun.java2d.dpiaware=true -Dsun.java2d.uiScale.enabled=false -Xverify:none -Dswing.aatext=true -XX:-UsePerfData -Djdk.map.althashing.threshold=512 -XX:StringTableSize=4072 --add-opens=java.base/java.nio=ALL-UNNAMED --add-opens=java.desktop/sun.swing=ALL-UNNAMED --add-opens=java.desktop/javax.swing=ALL-UNNAMED --add-opens=java.desktop/javax.swing.tree=ALL-UNNAMED --add-opens=java.desktop/javax.swing.plaf.basic=ALL-UNNAMED --add-opens=java.desktop/javax.swing.plaf.synth=ALL-UNNAMED --add-opens=java.desktop/com.sun.awt=ALL-UNNAMED -XX:NewSize=60m -XX:MaxNewSize=60m -Xms128m -Xmx3072m -Xss5m 

Host: Intel(R) Core(TM) Ultra 9 275HX, 24 cores, 31G,  Windows 10 , 64 bit Build 26100 (10.0.26100.8875)
Time: Wed Jul 29 20:37:51 2026 ?D1¨²¡À¨º¡Á?¨º¡À?? elapsed time: 1335 seconds (0d 0h 22m 15s)

---------------  T H R E A D  ---------------

Current thread (0x000002384d9de800):  JavaThread "C2 CompilerThread7" daemon [_thread_in_native, id=26524, stack(0x0000004ebe300000,0x0000004ebe400000)]


Current CompileTask:
C2:1335700 16136       4       java.io.StringWriter::write (53 bytes)

Stack: [0x0000004ebe300000,0x0000004ebe400000]
Native frames: (J=compiled Java code, j=interpreted, Vv=VM code, C=native code)
V  [jvm.dll+0x587068]
V  [jvm.dll+0x69c25e]
V  [jvm.dll+0x69d17a]
V  [jvm.dll+0x69d7b3]
V  [jvm.dll+0x21d198]
V  [jvm.dll+0xa7aac]
V  [jvm.dll+0xa83ec]
V  [jvm.dll+0x28b3a4]
V  [jvm.dll+0x4aedea]
V  [jvm.dll+0x1eb107]
V  [jvm.dll+0x1e8d11]
V  [jvm.dll+0x1691cb]
V  [jvm.dll+0x1f6570]
V  [jvm.dll+0x1f51f6]
V  [jvm.dll+0x66b44f]
V  [jvm.dll+0x586490]
C  [MSVCR120.dll+0x24f7f]
C  [MSVCR120.dll+0x25126]
C  [KERNEL32.DLL+0x2e957]
C  [ntdll.dll+0xaad6c]


---------------  P R O C E S S  ---------------

Java Threads: ( => current thread )
  0x0000023803b9a800 JavaThread "Messages View GetMessages" [_thread_blocked, id=10552, stack(0x0000004ec5700000,0x0000004ec5c00000)]
  0x0000023803b94800 JavaThread "Thread-1468" [_thread_blocked, id=2564, stack(0x0000004ec5000000,0x0000004ec5500000)]
  0x0000023803b97800 JavaThread "Thread-94" [_thread_in_native, id=8696, stack(0x0000004ec5700000,0x0000004ec5800000)]
  0x0000023803b97000 JavaThread "SyntheticaAnimation 50" daemon [_thread_blocked, id=8472, stack(0x0000004ec3c00000,0x0000004ec4100000)]
  0x0000023803b91000 JavaThread "hw_ila_monitor" [_thread_blocked, id=22960, stack(0x0000004ec4b00000,0x0000004ec5000000)]
  0x0000023803b94000 JavaThread "Update Runs Swing Worker" [_thread_blocked, id=9384, stack(0x0000004ec4600000,0x0000004ec4b00000)]
  0x0000023803b92800 JavaThread "Refresh Filesets Swing Worker" [_thread_blocked, id=5408, stack(0x0000004ec2000000,0x0000004ec2500000)]
  0x0000023875f71800 JavaThread "SyntheticaAnimation 70" daemon [_thread_blocked, id=4248, stack(0x0000004ec4100000,0x0000004ec4600000)]
  0x0000023875f6e000 JavaThread "SyntheticaAnimation 25" daemon [_thread_blocked, id=38544, stack(0x0000004ec3700000,0x0000004ec3c00000)]
  0x0000023875f71000 JavaThread "SyntheticaAnimation 50" daemon [_thread_blocked, id=8804, stack(0x0000004ec3200000,0x0000004ec3700000)]
  0x0000023875f6d000 JavaThread "Monitor HEventQueue" [_thread_blocked, id=28488, stack(0x0000004ec2d00000,0x0000004ec3200000)]
  0x0000023875f70000 JavaThread "Batik CleanerThread" daemon [_thread_blocked, id=12928, stack(0x0000004ec2500000,0x0000004ec2a00000)]
  0x0000023875f6f800 JavaThread "SyntheticaCleanerThread" daemon [_thread_blocked, id=7508, stack(0x0000004ec1100000,0x0000004ec1600000)]
  0x00000238748b5000 JavaThread "AWT-EventQueue-1" [_thread_in_vm, id=36032, stack(0x0000004ec1b00000,0x0000004ec2000000)]
  0x0000023875dd5000 JavaThread "Process Messages" [_thread_blocked, id=14528, stack(0x0000004ec1600000,0x0000004ec1b00000)]
  0x0000023874e91000 JavaThread "Thread-1" [_thread_in_native, id=26500, stack(0x0000004eb8500000,0x0000004eb9900000)]
  0x00000238746b3000 JavaThread "TimerQueue" daemon [_thread_blocked, id=18680, stack(0x0000004ec0700000,0x0000004ec0c00000)]
  0x000002384f3dd000 JavaThread "AWT-Windows" daemon [_thread_in_native, id=5664, stack(0x0000004ec0200000,0x0000004ec0700000)]
  0x000002384f3ea000 JavaThread "AWT-Shutdown" [_thread_blocked, id=28744, stack(0x0000004ebfd00000,0x0000004ec0200000)]
  0x000002384f080000 JavaThread "Java2D Disposer" daemon [_thread_blocked, id=4444, stack(0x0000004ebf800000,0x0000004ebfd00000)]
  0x000002384edc0000 JavaThread "Service Thread" daemon [_thread_blocked, id=35716, stack(0x0000004ebf200000,0x0000004ebf700000)]
  0x000002384eba1800 JavaThread "Common-Cleaner" daemon [_thread_blocked, id=19152, stack(0x0000004ebed00000,0x0000004ebf200000)]
  0x0000023850e90800 JavaThread "Sweeper thread" daemon [_thread_blocked, id=26116, stack(0x0000004ebe800000,0x0000004ebed00000)]
  0x000002384d9e4000 JavaThread "C1 CompilerThread11" daemon [_thread_blocked, id=9084, stack(0x0000004ebe700000,0x0000004ebe800000)]
  0x000002384d9e3000 JavaThread "C1 CompilerThread10" daemon [_thread_blocked, id=14532, stack(0x0000004ebe600000,0x0000004ebe700000)]
  0x000002384d9df000 JavaThread "C1 CompilerThread9" daemon [_thread_blocked, id=32276, stack(0x0000004ebe500000,0x0000004ebe600000)]
  0x000002384d9e2000 JavaThread "C1 CompilerThread8" daemon [_thread_blocked, id=8424, stack(0x0000004ebe400000,0x0000004ebe500000)]
=>0x000002384d9de800 JavaThread "C2 CompilerThread7" daemon [_thread_in_native, id=26524, stack(0x0000004ebe300000,0x0000004ebe400000)]
  0x0000023850e89800 JavaThread "C2 CompilerThread6" daemon [_thread_blocked, id=8028, stack(0x0000004ebe200000,0x0000004ebe300000)]
  0x0000023850e88000 JavaThread "C2 CompilerThread5" daemon [_thread_in_native, id=10804, stack(0x0000004ebe100000,0x0000004ebe200000)]
  0x0000023850e87000 JavaThread "C2 CompilerThread4" daemon [_thread_blocked, id=5612, stack(0x0000004ebe000000,0x0000004ebe100000)]
  0x0000023850e84800 JavaThread "C2 CompilerThread3" daemon [_thread_blocked, id=26056, stack(0x0000004ebdf00000,0x0000004ebe000000)]
  0x0000023850e83000 JavaThread "C2 CompilerThread2" daemon [_thread_blocked, id=27996, stack(0x0000004ebde00000,0x0000004ebdf00000)]
  0x0000023850e81800 JavaThread "C2 CompilerThread1" daemon [_thread_blocked, id=19412, stack(0x0000004ebdd00000,0x0000004ebde00000)]
  0x0000023850e81000 JavaThread "C2 CompilerThread0" daemon [_thread_in_native, id=39044, stack(0x0000004ebdc00000,0x0000004ebdd00000)]
  0x0000023850e80000 JavaThread "Attach Listener" daemon [_thread_blocked, id=42612, stack(0x0000004ebd700000,0x0000004ebdc00000)]
  0x000002384d14a000 JavaThread "Signal Dispatcher" daemon [_thread_blocked, id=42760, stack(0x0000004ebd200000,0x0000004ebd700000)]
  0x0000023850e63000 JavaThread "Finalizer" daemon [_thread_blocked, id=42448, stack(0x0000004ebcd00000,0x0000004ebd200000)]
  0x000002384d9f9800 JavaThread "Reference Handler" daemon [_thread_blocked, id=37840, stack(0x0000004ebc800000,0x0000004ebcd00000)]
  0x000002384ff1b800 JavaThread "main" [_thread_blocked, id=37264, stack(0x0000004eb8400000,0x0000004eb8500000)]

Other Threads:
  0x000002384d9f6000 VMThread "VM Thread" [stack: 0x0000004ebc700000,0x0000004ebc800000] [id=2100]
  0x000002384edc4000 WatcherThread [stack: 0x0000004ebf700000,0x0000004ebf800000] [id=3592]
  0x000002385235e800 GCTaskThread "GC Thread#0" [stack: 0x0000004eb9c00000,0x0000004eb9d00000] [id=5220]
  0x0000023850d4a000 GCTaskThread "GC Thread#1" [stack: 0x0000004eb9d00000,0x0000004eb9e00000] [id=41976]
  0x0000023850d4b000 GCTaskThread "GC Thread#2" [stack: 0x0000004eb9e00000,0x0000004eb9f00000] [id=41464]
  0x0000023850d4b800 GCTaskThread "GC Thread#3" [stack: 0x0000004eb9f00000,0x0000004eba000000] [id=10304]
  0x0000023852359800 GCTaskThread "GC Thread#4" [stack: 0x0000004eba000000,0x0000004eba100000] [id=8828]
  0x000002385235a000 GCTaskThread "GC Thread#5" [stack: 0x0000004eba100000,0x0000004eba200000] [id=5072]
  0x000002385235c000 GCTaskThread "GC Thread#6" [stack: 0x0000004eba200000,0x0000004eba300000] [id=3300]
  0x000002385235b000 GCTaskThread "GC Thread#7" [stack: 0x0000004eba300000,0x0000004eba400000] [id=30180]
  0x000002385235c800 GCTaskThread "GC Thread#8" [stack: 0x0000004eba400000,0x0000004eba500000] [id=10784]
  0x000002385235a800 GCTaskThread "GC Thread#9" [stack: 0x0000004eba500000,0x0000004eba600000] [id=4228]
  0x000002384db3a800 GCTaskThread "GC Thread#10" [stack: 0x0000004eba600000,0x0000004eba700000] [id=39500]
  0x000002384db3b000 GCTaskThread "GC Thread#11" [stack: 0x0000004eba700000,0x0000004eba800000] [id=9772]
  0x000002384db3e000 GCTaskThread "GC Thread#12" [stack: 0x0000004eba800000,0x0000004eba900000] [id=8772]
  0x000002384db3e800 GCTaskThread "GC Thread#13" [stack: 0x0000004eba900000,0x0000004ebaa00000] [id=11464]
  0x000002384db3c000 GCTaskThread "GC Thread#14" [stack: 0x0000004ebaa00000,0x0000004ebab00000] [id=5248]
  0x000002384db3b800 GCTaskThread "GC Thread#15" [stack: 0x0000004ebab00000,0x0000004ebac00000] [id=11144]
  0x000002384db3d800 GCTaskThread "GC Thread#16" [stack: 0x0000004ebac00000,0x0000004ebad00000] [id=8020]
  0x000002384db3d000 GCTaskThread "GC Thread#17" [stack: 0x0000004ebad00000,0x0000004ebae00000] [id=30208]
  0x000002384d139000 ConcurrentGCThread "G1 Main Marker" [stack: 0x0000004ebc100000,0x0000004ebc200000] [id=41812]
  0x000002384db40000 ConcurrentGCThread "G1 Marker#0" [stack: 0x0000004ebc200000,0x0000004ebc300000] [id=36016]
  0x000002384db40800 ConcurrentGCThread "G1 Marker#1" [stack: 0x0000004ebc300000,0x0000004ebc400000] [id=11660]
  0x000002384db42800 ConcurrentGCThread "G1 Marker#2" [stack: 0x0000004ebc400000,0x0000004ebc500000] [id=11512]
  0x000002384db41000 ConcurrentGCThread "G1 Marker#3" [stack: 0x0000004ebc500000,0x0000004ebc600000] [id=36136]
  0x000002384db42000 ConcurrentGCThread "G1 Marker#4" [stack: 0x0000004ebc600000,0x0000004ebc700000] [id=42204]
  0x000002384cd01800 ConcurrentGCThread "G1 Refine#0" [stack: 0x0000004ebbf00000,0x0000004ebc000000] [id=42416]
  0x000002384d135800 ConcurrentGCThread "G1 Refine#1" [stack: 0x0000004ebbe00000,0x0000004ebbf00000] [id=41612]
  0x000002384db6b000 ConcurrentGCThread "G1 Refine#2" [stack: 0x0000004ebbd00000,0x0000004ebbe00000] [id=16236]
  0x0000023849f8f000 ConcurrentGCThread "G1 Refine#3" [stack: 0x0000004ebbc00000,0x0000004ebbd00000] [id=15784]
  0x000002384d80d800 ConcurrentGCThread "G1 Refine#4" [stack: 0x0000004ebbb00000,0x0000004ebbc00000] [id=10812]
  0x000002384d80c800 ConcurrentGCThread "G1 Refine#5" [stack: 0x0000004ebba00000,0x0000004ebbb00000] [id=5092]
  0x000002384d80c000 ConcurrentGCThread "G1 Refine#6" [stack: 0x0000004ebb900000,0x0000004ebba00000] [id=7696]
  0x0000023850e59000 ConcurrentGCThread "G1 Refine#7" [stack: 0x0000004ebb800000,0x0000004ebb900000] [id=39532]
  0x0000023850e58800 ConcurrentGCThread "G1 Refine#8" [stack: 0x0000004ebb700000,0x0000004ebb800000] [id=37500]
  0x0000023850e58000 ConcurrentGCThread "G1 Refine#9" [stack: 0x0000004ebb600000,0x0000004ebb700000] [id=39584]
  0x000002384db57800 ConcurrentGCThread "G1 Refine#10" [stack: 0x0000004ebb500000,0x0000004ebb600000] [id=27096]
  0x000002384db56000 ConcurrentGCThread "G1 Refine#11" [stack: 0x0000004ebb400000,0x0000004ebb500000] [id=14948]
  0x000002384db55000 ConcurrentGCThread "G1 Refine#12" [stack: 0x0000004ebb300000,0x0000004ebb400000] [id=39804]
  0x000002384db54800 ConcurrentGCThread "G1 Refine#13" [stack: 0x0000004ebb200000,0x0000004ebb300000] [id=15500]
  0x0000023852239800 ConcurrentGCThread "G1 Refine#14" [stack: 0x0000004ebb100000,0x0000004ebb200000] [id=20112]
  0x0000023851670800 ConcurrentGCThread "G1 Refine#15" [stack: 0x0000004ebb000000,0x0000004ebb100000] [id=10348]
  0x00000238506e8000 ConcurrentGCThread "G1 Refine#16" [stack: 0x0000004ebaf00000,0x0000004ebb000000] [id=5484]
  0x00000238508d1800 ConcurrentGCThread "G1 Refine#17" [stack: 0x0000004ebae00000,0x0000004ebaf00000] [id=7424]
  0x000002384d137800 ConcurrentGCThread "G1 Young RemSet Sampling" [stack: 0x0000004ebc000000,0x0000004ebc100000] [id=10432]

Threads with active compile tasks:
C2 CompilerThread716136       4       java.io.StringWriter::write (53 bytes)
C2 CompilerThread516175       4       java.lang.invoke.MethodType::dropParameterTypes (162 bytes)
C2 CompilerThread416183  s    4       java.awt.ImageMediaEntry::getStatus (80 bytes)
C2 CompilerThread016188   !   4       javax.swing.tree.VariableHeightLayoutCache::getNodeForPath (273 bytes)

VM state:not at safepoint (normal execution)

VM Mutex/Monitor currently owned by a thread: None

Heap address: 0x0000000700000000, size: 3072 MB, Compressed Oops mode: Zero based, Oop shift amount: 3
Narrow klass base: 0x0000000000000000, Narrow klass shift: 3
Compressed class space size: 1073741824 Address: 0x00000007c0000000

Heap:
 garbage-first heap   total 214016K, used 101375K [0x0000000700000000, 0x0000000700100688, 0x00000007c0000000)
  region size 1024K, 21 young (21504K), 2 survivors (2048K)
 Metaspace       used 73813K, capacity 78492K, committed 78640K, reserved 1116160K
  class space    used 10207K, capacity 11052K, committed 11056K, reserved 1048576K
Heap Regions: E=young(eden), S=young(survivor), O=old, HS=humongous(starts), HC=humongous(continues), CS=collection set, F=free, A=archive, TS=gc time stamp, AC=allocation context, TAMS=top-at-mark-start (previous, next)
|   0|0x0000000700000000, 0x00000007000fffe8, 0x0000000700100000| 99%| O|  |TS  0|AC  0|TAMS 0x0000000700000000, 0x0000000700000000|
|   1|0x0000000700100000, 0x0000000700200000, 0x0000000700200000|100%|HS|  |TS  0|AC  0|TAMS 0x0000000700100000, 0x0000000700100000|
|   2|0x0000000700200000, 0x0000000700300000, 0x0000000700300000|100%|HC|  |TS  0|AC  0|TAMS 0x0000000700200000, 0x0000000700200000|
|   3|0x0000000700300000, 0x0000000700400000, 0x0000000700400000|100%|HS|  |TS  0|AC  0|TAMS 0x0000000700300000, 0x0000000700300000|
|   4|0x0000000700400000, 0x0000000700500000, 0x0000000700500000|100%| O|  |TS  0|AC  0|TAMS 0x0000000700400000, 0x0000000700400000|
|   5|0x0000000700500000, 0x00000007005fffe0, 0x0000000700600000| 99%| O|  |TS  0|AC  0|TAMS 0x0000000700500000, 0x0000000700500000|
|   6|0x0000000700600000, 0x00000007006ffff8, 0x0000000700700000| 99%| O|  |TS  0|AC  0|TAMS 0x0000000700600000, 0x0000000700600000|
|   7|0x0000000700700000, 0x00000007007ffff0, 0x0000000700800000| 99%| O|  |TS  0|AC  0|TAMS 0x0000000700700000, 0x0000000700700000|
|   8|0x0000000700800000, 0x00000007008fffa0, 0x0000000700900000| 99%| O|  |TS  0|AC  0|TAMS 0x0000000700800000, 0x0000000700800000|
|   9|0x0000000700900000, 0x00000007009fdf50, 0x0000000700a00000| 99%| O|  |TS  0|AC  0|TAMS 0x0000000700900000, 0x0000000700900000|
|  10|0x0000000700a00000, 0x0000000700afeed8, 0x0000000700b00000| 99%| O|  |TS  0|AC  0|TAMS 0x0000000700a00000, 0x0000000700a00000|
|  11|0x0000000700b00000, 0x0000000700c00000, 0x0000000700c00000|100%|HS|  |TS  0|AC  0|TAMS 0x0000000700b00000, 0x0000000700b00000|
|  12|0x0000000700c00000, 0x0000000700d00000, 0x0000000700d00000|100%|HC|  |TS  0|AC  0|TAMS 0x0000000700c00000, 0x0000000700c00000|
|  13|0x0000000700d00000, 0x0000000700dffff0, 0x0000000700e00000| 99%| O|  |TS  0|AC  0|TAMS 0x0000000700d00000, 0x0000000700d00000|
|  14|0x0000000700e00000, 0x0000000700eeb658, 0x0000000700f00000| 91%| O|  |TS  0|AC  0|TAMS 0x0000000700e00000, 0x0000000700e00000|
|  15|0x0000000700f00000, 0x0000000700ffd098, 0x0000000701000000| 98%| O|  |TS  0|AC  0|TAMS 0x0000000700f00000, 0x0000000700f00000|
|  16|0x0000000701000000, 0x0000000701100000, 0x0000000701100000|100%| O|  |TS  0|AC  0|TAMS 0x0000000701000000, 0x0000000701000000|
|  17|0x0000000701100000, 0x00000007011fffa8, 0x0000000701200000| 99%| O|  |TS  0|AC  0|TAMS 0x0000000701100000, 0x0000000701100000|
|  18|0x0000000701200000, 0x0000000701300000, 0x0000000701300000|100%| O|  |TS  0|AC  0|TAMS 0x0000000701200000, 0x0000000701200000|
|  19|0x0000000701300000, 0x00000007013fffc0, 0x0000000701400000| 99%| O|  |TS  0|AC  0|TAMS 0x0000000701300000, 0x0000000701300000|
|  20|0x0000000701400000, 0x0000000701500000, 0x0000000701500000|100%|HS|  |TS  0|AC  0|TAMS 0x0000000701400000, 0x0000000701400000|
|  21|0x0000000701500000, 0x00000007015fffe8, 0x0000000701600000| 99%| O|  |TS  0|AC  0|TAMS 0x0000000701500000, 0x0000000701500000|
|  22|0x0000000701600000, 0x0000000701700000, 0x0000000701700000|100%| O|  |TS  0|AC  0|TAMS 0x0000000701600000, 0x0000000701600000|
|  23|0x0000000701700000, 0x00000007017ffff8, 0x0000000701800000| 99%| O|  |TS  0|AC  0|TAMS 0x0000000701700000, 0x0000000701700000|
|  24|0x0000000701800000, 0x0000000701900000, 0x0000000701900000|100%| O|  |TS  0|AC  0|TAMS 0x0000000701800000, 0x0000000701800000|
|  25|0x0000000701900000, 0x00000007019fffa0, 0x0000000701a00000| 99%| O|  |TS  0|AC  0|TAMS 0x0000000701900000, 0x0000000701900000|
|  26|0x0000000701a00000, 0x0000000701afffe0, 0x0000000701b00000| 99%| O|  |TS  0|AC  0|TAMS 0x0000000701a00000, 0x0000000701a00000|
|  27|0x0000000701b00000, 0x0000000701c00000, 0x0000000701c00000|100%| O|  |TS  0|AC  0|TAMS 0x0000000701b00000, 0x0000000701b00000|
|  28|0x0000000701c00000, 0x0000000701d00000, 0x0000000701d00000|100%| O|  |TS  0|AC  0|TAMS 0x0000000701c00000, 0x0000000701c00000|
|  29|0x0000000701d00000, 0x0000000701e00000, 0x0000000701e00000|100%|HS|  |TS  0|AC  0|TAMS 0x0000000701d00000, 0x0000000701d00000|
|  30|0x0000000701e00000, 0x0000000701efffe0, 0x0000000701f00000| 99%| O|  |TS  0|AC  0|TAMS 0x0000000701e00000, 0x0000000701e00000|
|  31|0x0000000701f00000, 0x0000000702000000, 0x0000000702000000|100%| O|  |TS  0|AC  0|TAMS 0x0000000701f00000, 0x0000000701f00000|
|  32|0x0000000702000000, 0x0000000702100000, 0x0000000702100000|100%| O|  |TS  0|AC  0|TAMS 0x0000000702000000, 0x0000000702000000|
|  33|0x0000000702100000, 0x00000007021ffe50, 0x0000000702200000| 99%| O|  |TS  0|AC  0|TAMS 0x0000000702100000, 0x0000000702100000|
|  34|0x0000000702200000, 0x00000007022ffff0, 0x0000000702300000| 99%| O|  |TS  0|AC  0|TAMS 0x0000000702200000, 0x0000000702200000|
|  35|0x0000000702300000, 0x00000007023ffff8, 0x0000000702400000| 99%| O|  |TS  0|AC  0|TAMS 0x0000000702300000, 0x0000000702300000|
|  36|0x0000000702400000, 0x00000007024ffff8, 0x0000000702500000| 99%| O|  |TS  0|AC  0|TAMS 0x0000000702400000, 0x0000000702400000|
|  37|0x0000000702500000, 0x00000007025fffd8, 0x0000000702600000| 99%| O|  |TS  0|AC  0|TAMS 0x0000000702500000, 0x0000000702500000|
|  38|0x0000000702600000, 0x00000007026ffff8, 0x0000000702700000| 99%| O|  |TS  0|AC  0|TAMS 0x0000000702600000, 0x0000000702600000|
|  39|0x0000000702700000, 0x00000007027ff450, 0x0000000702800000| 99%| O|  |TS  0|AC  0|TAMS 0x0000000702700000, 0x0000000702700000|
|  40|0x0000000702800000, 0x00000007028b6dc0, 0x0000000702900000| 71%| O|  |TS  0|AC  0|TAMS 0x0000000702800000, 0x0000000702800000|
|  41|0x0000000702900000, 0x0000000702a00000, 0x0000000702a00000|100%|HS|  |TS  0|AC  0|TAMS 0x0000000702900000, 0x0000000702900000|
|  42|0x0000000702a00000, 0x0000000702b00000, 0x0000000702b00000|100%|HC|  |TS  0|AC  0|TAMS 0x0000000702a00000, 0x0000000702a00000|
|  43|0x0000000702b00000, 0x0000000702c00000, 0x0000000702c00000|100%|HC|  |TS  0|AC  0|TAMS 0x0000000702b00000, 0x0000000702b00000|
|  44|0x0000000702c00000, 0x0000000702d00000, 0x0000000702d00000|100%|HC|  |TS  0|AC  0|TAMS 0x0000000702c00000, 0x0000000702c00000|
|  45|0x0000000702d00000, 0x0000000702e00000, 0x0000000702e00000|100%|HC|  |TS  0|AC  0|TAMS 0x0000000702d00000, 0x0000000702d00000|
|  46|0x0000000702e00000, 0x0000000702f00000, 0x0000000702f00000|100%|HC|  |TS  0|AC  0|TAMS 0x0000000702e00000, 0x0000000702e00000|
|  47|0x0000000702f00000, 0x0000000703000000, 0x0000000703000000|100%|HC|  |TS  0|AC  0|TAMS 0x0000000702f00000, 0x0000000702f00000|
|  48|0x0000000703000000, 0x0000000703100000, 0x0000000703100000|100%|HC|  |TS  0|AC  0|TAMS 0x0000000703000000, 0x0000000703000000|
|  49|0x0000000703100000, 0x0000000703200000, 0x0000000703200000|100%|HC|  |TS  0|AC  0|TAMS 0x0000000703100000, 0x0000000703100000|
|  50|0x0000000703200000, 0x0000000703300000, 0x0000000703300000|100%|HC|  |TS  0|AC  0|TAMS 0x0000000703200000, 0x0000000703200000|
|  51|0x0000000703300000, 0x0000000703400000, 0x0000000703400000|100%|HC|  |TS  0|AC  0|TAMS 0x0000000703300000, 0x0000000703300000|
|  52|0x0000000703400000, 0x0000000703500000, 0x0000000703500000|100%|HC|  |TS  0|AC  0|TAMS 0x0000000703400000, 0x0000000703400000|
|  53|0x0000000703500000, 0x0000000703600000, 0x0000000703600000|100%|HC|  |TS  0|AC  0|TAMS 0x0000000703500000, 0x0000000703500000|
|  54|0x0000000703600000, 0x0000000703700000, 0x0000000703700000|100%|HC|  |TS  0|AC  0|TAMS 0x0000000703600000, 0x0000000703600000|
|  55|0x0000000703700000, 0x0000000703800000, 0x0000000703800000|100%|HC|  |TS  0|AC  0|TAMS 0x0000000703700000, 0x0000000703700000|
|  56|0x0000000703800000, 0x00000007038fffe0, 0x0000000703900000| 99%| O|  |TS  0|AC  0|TAMS 0x0000000703800000, 0x0000000703800000|
|  57|0x0000000703900000, 0x00000007039ed390, 0x0000000703a00000| 92%| O|  |TS  0|AC  0|TAMS 0x0000000703900000, 0x0000000703900000|
|  58|0x0000000703a00000, 0x0000000703afff08, 0x0000000703b00000| 99%| O|  |TS  0|AC  0|TAMS 0x0000000703a00000, 0x0000000703a00000|
|  59|0x0000000703b00000, 0x0000000703bffff8, 0x0000000703c00000| 99%| O|  |TS  0|AC  0|TAMS 0x0000000703b00000, 0x0000000703b00000|
|  60|0x0000000703c00000, 0x0000000703cffff8, 0x0000000703d00000| 99%| O|  |TS  0|AC  0|TAMS 0x0000000703c00000, 0x0000000703c00000|
|  61|0x0000000703d00000, 0x0000000703e00000, 0x0000000703e00000|100%|HS|  |TS  0|AC  0|TAMS 0x0000000703d00000, 0x0000000703d00000|
|  62|0x0000000703e00000, 0x0000000703efffe0, 0x0000000703f00000| 99%| O|  |TS  0|AC  0|TAMS 0x0000000703e00000, 0x0000000703e00000|
|  63|0x0000000703f00000, 0x0000000703ffffc8, 0x0000000704000000| 99%| O|  |TS  0|AC  0|TAMS 0x0000000703f00000, 0x0000000703f00000|
|  64|0x0000000704000000, 0x00000007040ffff8, 0x0000000704100000| 99%| O|  |TS  0|AC  0|TAMS 0x0000000704000000, 0x0000000704000000|
|  65|0x0000000704100000, 0x00000007041ffff8, 0x0000000704200000| 99%| O|  |TS  0|AC  0|TAMS 0x0000000704100000, 0x0000000704100000|
|  66|0x0000000704200000, 0x00000007042fffd8, 0x0000000704300000| 99%| O|  |TS  0|AC  0|TAMS 0x0000000704200000, 0x0000000704200000|
|  67|0x0000000704300000, 0x00000007043fffe8, 0x0000000704400000| 99%| O|  |TS  0|AC  0|TAMS 0x0000000704300000, 0x0000000704300000|
|  68|0x0000000704400000, 0x0000000704500000, 0x0000000704500000|100%| O|  |TS  0|AC  0|TAMS 0x0000000704400000, 0x0000000704400000|
|  69|0x0000000704500000, 0x0000000704600000, 0x0000000704600000|100%|HS|  |TS  0|AC  0|TAMS 0x0000000704500000, 0x0000000704500000|
|  70|0x0000000704600000, 0x0000000704700000, 0x0000000704700000|100%|HC|  |TS  0|AC  0|TAMS 0x0000000704600000, 0x0000000704600000|
|  71|0x0000000704700000, 0x0000000704800000, 0x0000000704800000|100%|HC|  |TS  0|AC  0|TAMS 0x0000000704700000, 0x0000000704700000|
|  72|0x0000000704800000, 0x0000000704900000, 0x0000000704900000|100%| O|  |TS  0|AC  0|TAMS 0x0000000704800000, 0x0000000704800000|
|  73|0x0000000704900000, 0x00000007049fffe0, 0x0000000704a00000| 99%| O|  |TS  0|AC  0|TAMS 0x0000000704900000, 0x0000000704900000|
|  74|0x0000000704a00000, 0x0000000704affff0, 0x0000000704b00000| 99%| O|  |TS  0|AC  0|TAMS 0x0000000704a00000, 0x0000000704a00000|
|  75|0x0000000704b00000, 0x0000000704bff890, 0x0000000704c00000| 99%| O|  |TS  0|AC  0|TAMS 0x0000000704b00000, 0x0000000704b00000|
|  76|0x0000000704c00000, 0x0000000704cfff98, 0x0000000704d00000| 99%| O|  |TS  0|AC  0|TAMS 0x0000000704c00000, 0x0000000704c00000|
|  77|0x0000000704d00000, 0x0000000704dfffe8, 0x0000000704e00000| 99%| O|  |TS  0|AC  0|TAMS 0x0000000704d00000, 0x0000000704d00000|
|  78|0x0000000704e00000, 0x0000000704e332b0, 0x0000000704f00000| 19%| O|  |TS  0|AC  0|TAMS 0x0000000704e00000, 0x0000000704e00000|
|  79|0x0000000704f00000, 0x0000000705000000, 0x0000000705000000|100%|HS|  |TS  0|AC  0|TAMS 0x0000000704f00000, 0x0000000704f00000|
|  80|0x0000000705000000, 0x0000000705000000, 0x0000000705100000|  0%| F|  |TS  0|AC  0|TAMS 0x0000000705000000, 0x0000000705000000|
|  81|0x0000000705100000, 0x0000000705100000, 0x0000000705200000|  0%| F|  |TS  0|AC  0|TAMS 0x0000000705100000, 0x0000000705100000|
|  82|0x0000000705200000, 0x0000000705200000, 0x0000000705300000|  0%| F|  |TS  0|AC  0|TAMS 0x0000000705200000, 0x0000000705200000|
|  83|0x0000000705300000, 0x0000000705300000, 0x0000000705400000|  0%| F|  |TS  0|AC  0|TAMS 0x0000000705300000, 0x0000000705300000|
|  84|0x0000000705400000, 0x0000000705400000, 0x0000000705500000|  0%| F|  |TS  0|AC  0|TAMS 0x0000000705400000, 0x0000000705400000|
|  85|0x0000000705500000, 0x0000000705500000, 0x0000000705600000|  0%| F|  |TS  0|AC  0|TAMS 0x0000000705500000, 0x0000000705500000|
|  86|0x0000000705600000, 0x0000000705600000, 0x0000000705700000|  0%| F|  |TS  0|AC  0|TAMS 0x0000000705600000, 0x0000000705600000|
|  87|0x0000000705700000, 0x0000000705700000, 0x0000000705800000|  0%| F|  |TS  0|AC  0|TAMS 0x0000000705700000, 0x0000000705700000|
|  88|0x0000000705800000, 0x0000000705900000, 0x0000000705900000|100%|HS|  |TS  0|AC  0|TAMS 0x0000000705800000, 0x0000000705800000|
|  89|0x0000000705900000, 0x0000000705900000, 0x0000000705a00000|  0%| F|  |TS  0|AC  0|TAMS 0x0000000705900000, 0x0000000705900000|
|  90|0x0000000705a00000, 0x0000000705a00000, 0x0000000705b00000|  0%| F|  |TS  0|AC  0|TAMS 0x0000000705a00000, 0x0000000705a00000|
|  91|0x0000000705b00000, 0x0000000705b00000, 0x0000000705c00000|  0%| F|  |TS  0|AC  0|TAMS 0x0000000705b00000, 0x0000000705b00000|
|  92|0x0000000705c00000, 0x0000000705c00000, 0x0000000705d00000|  0%| F|  |TS  0|AC  0|TAMS 0x0000000705c00000, 0x0000000705c00000|
|  93|0x0000000705d00000, 0x0000000705d00000, 0x0000000705e00000|  0%| F|  |TS  0|AC  0|TAMS 0x0000000705d00000, 0x0000000705d00000|
|  94|0x0000000705e00000, 0x0000000705e00000, 0x0000000705f00000|  0%| F|  |TS  0|AC  0|TAMS 0x0000000705e00000, 0x0000000705e00000|
|  95|0x0000000705f00000, 0x0000000705f00000, 0x0000000706000000|  0%| F|  |TS  0|AC  0|TAMS 0x0000000705f00000, 0x0000000705f00000|
|  96|0x0000000706000000, 0x0000000706000000, 0x0000000706100000|  0%| F|  |TS  0|AC  0|TAMS 0x0000000706000000, 0x0000000706000000|
|  97|0x0000000706100000, 0x0000000706100000, 0x0000000706200000|  0%| F|  |TS  0|AC  0|TAMS 0x0000000706100000, 0x0000000706100000|
|  98|0x0000000706200000, 0x0000000706200000, 0x0000000706300000|  0%| F|  |TS  0|AC  0|TAMS 0x0000000706200000, 0x0000000706200000|
|  99|0x0000000706300000, 0x0000000706300000, 0x0000000706400000|  0%| F|  |TS  0|AC  0|TAMS 0x0000000706300000, 0x0000000706300000|
| 100|0x0000000706400000, 0x0000000706400000, 0x0000000706500000|  0%| F|  |TS  0|AC  0|TAMS 0x0000000706400000, 0x0000000706400000|
| 101|0x0000000706500000, 0x0000000706500000, 0x0000000706600000|  0%| F|  |TS  0|AC  0|TAMS 0x0000000706500000, 0x0000000706500000|
| 102|0x0000000706600000, 0x0000000706600000, 0x0000000706700000|  0%| F|  |TS  0|AC  0|TAMS 0x0000000706600000, 0x0000000706600000|
| 103|0x0000000706700000, 0x0000000706700000, 0x0000000706800000|  0%| F|  |TS  0|AC  0|TAMS 0x0000000706700000, 0x0000000706700000|
| 104|0x0000000706800000, 0x0000000706800000, 0x0000000706900000|  0%| F|  |TS  0|AC  0|TAMS 0x0000000706800000, 0x0000000706800000|
| 105|0x0000000706900000, 0x0000000706900000, 0x0000000706a00000|  0%| F|  |TS  0|AC  0|TAMS 0x0000000706900000, 0x0000000706900000|
| 106|0x0000000706a00000, 0x0000000706a00000, 0x0000000706b00000|  0%| F|  |TS  0|AC  0|TAMS 0x0000000706a00000, 0x0000000706a00000|
| 107|0x0000000706b00000, 0x0000000706b00000, 0x0000000706c00000|  0%| F|  |TS  0|AC  0|TAMS 0x0000000706b00000, 0x0000000706b00000|
| 108|0x0000000706c00000, 0x0000000706c00000, 0x0000000706d00000|  0%| F|  |TS  0|AC  0|TAMS 0x0000000706c00000, 0x0000000706c00000|
| 109|0x0000000706d00000, 0x0000000706d00000, 0x0000000706e00000|  0%| F|  |TS  0|AC  0|TAMS 0x0000000706d00000, 0x0000000706d00000|
| 110|0x0000000706e00000, 0x0000000706e00000, 0x0000000706f00000|  0%| F|  |TS  0|AC  0|TAMS 0x0000000706e00000, 0x0000000706e00000|
| 111|0x0000000706f00000, 0x0000000706f00000, 0x0000000707000000|  0%| F|  |TS  0|AC  0|TAMS 0x0000000706f00000, 0x0000000706f00000|
| 112|0x0000000707000000, 0x0000000707000000, 0x0000000707100000|  0%| F|  |TS  0|AC  0|TAMS 0x0000000707000000, 0x0000000707000000|
| 113|0x0000000707100000, 0x0000000707100000, 0x0000000707200000|  0%| F|  |TS  0|AC  0|TAMS 0x0000000707100000, 0x0000000707100000|
| 114|0x0000000707200000, 0x0000000707200000, 0x0000000707300000|  0%| F|  |TS  0|AC  0|TAMS 0x0000000707200000, 0x0000000707200000|
| 115|0x0000000707300000, 0x0000000707300000, 0x0000000707400000|  0%| F|  |TS  0|AC  0|TAMS 0x0000000707300000, 0x0000000707300000|
| 116|0x0000000707400000, 0x0000000707400000, 0x0000000707500000|  0%| F|  |TS  0|AC  0|TAMS 0x0000000707400000, 0x0000000707400000|
| 117|0x0000000707500000, 0x0000000707500000, 0x0000000707600000|  0%| F|  |TS  0|AC  0|TAMS 0x0000000707500000, 0x0000000707500000|
| 118|0x0000000707600000, 0x0000000707600000, 0x0000000707700000|  0%| F|  |TS  0|AC  0|TAMS 0x0000000707600000, 0x0000000707600000|
| 119|0x0000000707700000, 0x0000000707700000, 0x0000000707800000|  0%| F|  |TS  0|AC  0|TAMS 0x0000000707700000, 0x0000000707700000|
| 120|0x0000000707800000, 0x0000000707800000, 0x0000000707900000|  0%| F|  |TS  0|AC  0|TAMS 0x0000000707800000, 0x0000000707800000|
| 121|0x0000000707900000, 0x0000000707900000, 0x0000000707a00000|  0%| F|  |TS  0|AC  0|TAMS 0x0000000707900000, 0x0000000707900000|
| 122|0x0000000707a00000, 0x0000000707a00000, 0x0000000707b00000|  0%| F|  |TS  0|AC  0|TAMS 0x0000000707a00000, 0x0000000707a00000|
| 123|0x0000000707b00000, 0x0000000707b00000, 0x0000000707c00000|  0%| F|  |TS  0|AC  0|TAMS 0x0000000707b00000, 0x0000000707b00000|
| 124|0x0000000707c00000, 0x0000000707c00000, 0x0000000707d00000|  0%| F|  |TS  0|AC  0|TAMS 0x0000000707c00000, 0x0000000707c00000|
| 125|0x0000000707d00000, 0x0000000707d00000, 0x0000000707e00000|  0%| F|  |TS  0|AC  0|TAMS 0x0000000707d00000, 0x0000000707d00000|
| 126|0x0000000707e00000, 0x0000000707e00000, 0x0000000707f00000|  0%| F|  |TS  0|AC  0|TAMS 0x0000000707e00000, 0x0000000707e00000|
| 127|0x0000000707f00000, 0x0000000707f00000, 0x0000000708000000|  0%| F|  |TS  0|AC  0|TAMS 0x0000000707f00000, 0x0000000707f00000|
| 128|0x0000000708000000, 0x0000000708000000, 0x0000000708100000|  0%| F|  |TS  0|AC  0|TAMS 0x0000000708000000, 0x0000000708000000|
| 129|0x0000000708100000, 0x0000000708100000, 0x0000000708200000|  0%| F|  |TS  0|AC  0|TAMS 0x0000000708100000, 0x0000000708100000|
| 130|0x0000000708200000, 0x0000000708200000, 0x0000000708300000|  0%| F|  |TS  0|AC  0|TAMS 0x0000000708200000, 0x0000000708200000|
| 131|0x0000000708300000, 0x0000000708300000, 0x0000000708400000|  0%| F|  |TS  0|AC  0|TAMS 0x0000000708300000, 0x0000000708300000|
| 132|0x0000000708400000, 0x0000000708400000, 0x0000000708500000|  0%| F|  |TS  0|AC  0|TAMS 0x0000000708400000, 0x0000000708400000|
| 133|0x0000000708500000, 0x0000000708500000, 0x0000000708600000|  0%| F|  |TS  0|AC  0|TAMS 0x0000000708500000, 0x0000000708500000|
| 134|0x0000000708600000, 0x0000000708600000, 0x0000000708700000|  0%| F|  |TS  0|AC  0|TAMS 0x0000000708600000, 0x0000000708600000|
| 135|0x0000000708700000, 0x0000000708700000, 0x0000000708800000|  0%| F|  |TS  0|AC  0|TAMS 0x0000000708700000, 0x0000000708700000|
| 136|0x0000000708800000, 0x0000000708800000, 0x0000000708900000|  0%| F|  |TS  0|AC  0|TAMS 0x0000000708800000, 0x0000000708800000|
| 137|0x0000000708900000, 0x0000000708900000, 0x0000000708a00000|  0%| F|  |TS  0|AC  0|TAMS 0x0000000708900000, 0x0000000708900000|
| 138|0x0000000708a00000, 0x0000000708a00000, 0x0000000708b00000|  0%| F|  |TS  0|AC  0|TAMS 0x0000000708a00000, 0x0000000708a00000|
| 139|0x0000000708b00000, 0x0000000708b00000, 0x0000000708c00000|  0%| F|  |TS  0|AC  0|TAMS 0x0000000708b00000, 0x0000000708b00000|
| 140|0x0000000708c00000, 0x0000000708c00000, 0x0000000708d00000|  0%| F|  |TS  0|AC  0|TAMS 0x0000000708c00000, 0x0000000708c00000|
| 141|0x0000000708d00000, 0x0000000708d00000, 0x0000000708e00000|  0%| F|  |TS  0|AC  0|TAMS 0x0000000708d00000, 0x0000000708d00000|
| 142|0x0000000708e00000, 0x0000000708e00000, 0x0000000708f00000|  0%| F|  |TS  0|AC  0|TAMS 0x0000000708e00000, 0x0000000708e00000|
| 143|0x0000000708f00000, 0x0000000708f00000, 0x0000000709000000|  0%| F|  |TS  0|AC  0|TAMS 0x0000000708f00000, 0x0000000708f00000|
| 144|0x0000000709000000, 0x0000000709000000, 0x0000000709100000|  0%| F|  |TS  0|AC  0|TAMS 0x0000000709000000, 0x0000000709000000|
| 145|0x0000000709100000, 0x0000000709100000, 0x0000000709200000|  0%| F|  |TS  0|AC  0|TAMS 0x0000000709100000, 0x0000000709100000|
| 146|0x0000000709200000, 0x0000000709200000, 0x0000000709300000|  0%| F|  |TS  0|AC  0|TAMS 0x0000000709200000, 0x0000000709200000|
| 147|0x0000000709300000, 0x0000000709344fd0, 0x0000000709400000| 26%| S|CS|TS  9|AC  0|TAMS 0x0000000709300000, 0x0000000709300000|
| 148|0x0000000709400000, 0x0000000709500000, 0x0000000709500000|100%| S|CS|TS  9|AC  0|TAMS 0x0000000709400000, 0x0000000709400000|
| 149|0x0000000709500000, 0x0000000709500000, 0x0000000709600000|  0%| F|  |TS  9|AC  0|TAMS 0x0000000709500000, 0x0000000709500000|
| 150|0x0000000709600000, 0x0000000709600000, 0x0000000709700000|  0%| F|  |TS  9|AC  0|TAMS 0x0000000709600000, 0x0000000709600000|
| 151|0x0000000709700000, 0x0000000709700000, 0x0000000709800000|  0%| F|  |TS  9|AC  0|TAMS 0x0000000709700000, 0x0000000709700000|
| 152|0x0000000709800000, 0x0000000709800000, 0x0000000709900000|  0%| F|  |TS  9|AC  0|TAMS 0x0000000709800000, 0x0000000709800000|
| 153|0x0000000709900000, 0x0000000709900000, 0x0000000709a00000|  0%| F|  |TS  9|AC  0|TAMS 0x0000000709900000, 0x0000000709900000|
| 154|0x0000000709a00000, 0x0000000709a00000, 0x0000000709b00000|  0%| F|  |TS  9|AC  0|TAMS 0x0000000709a00000, 0x0000000709a00000|
| 155|0x0000000709b00000, 0x0000000709b00000, 0x0000000709c00000|  0%| F|  |TS  9|AC  0|TAMS 0x0000000709b00000, 0x0000000709b00000|
| 156|0x0000000709c00000, 0x0000000709c00000, 0x0000000709d00000|  0%| F|  |TS  9|AC  0|TAMS 0x0000000709c00000, 0x0000000709c00000|
| 157|0x0000000709d00000, 0x0000000709d00000, 0x0000000709e00000|  0%| F|  |TS  9|AC  0|TAMS 0x0000000709d00000, 0x0000000709d00000|
| 158|0x0000000709e00000, 0x0000000709e00000, 0x0000000709f00000|  0%| F|  |TS  9|AC  0|TAMS 0x0000000709e00000, 0x0000000709e00000|
| 159|0x0000000709f00000, 0x0000000709f00000, 0x000000070a000000|  0%| F|  |TS  9|AC  0|TAMS 0x0000000709f00000, 0x0000000709f00000|
| 160|0x000000070a000000, 0x000000070a000000, 0x000000070a100000|  0%| F|  |TS  9|AC  0|TAMS 0x000000070a000000, 0x000000070a000000|
| 161|0x000000070a100000, 0x000000070a100000, 0x000000070a200000|  0%| F|  |TS  9|AC  0|TAMS 0x000000070a100000, 0x000000070a100000|
| 162|0x000000070a200000, 0x000000070a200000, 0x000000070a300000|  0%| F|  |TS  9|AC  0|TAMS 0x000000070a200000, 0x000000070a200000|
| 163|0x000000070a300000, 0x000000070a300000, 0x000000070a400000|  0%| F|  |TS  9|AC  0|TAMS 0x000000070a300000, 0x000000070a300000|
| 164|0x000000070a400000, 0x000000070a400000, 0x000000070a500000|  0%| F|  |TS  9|AC  0|TAMS 0x000000070a400000, 0x000000070a400000|
| 165|0x000000070a500000, 0x000000070a500000, 0x000000070a600000|  0%| F|  |TS  9|AC  0|TAMS 0x000000070a500000, 0x000000070a500000|
| 166|0x000000070a600000, 0x000000070a600000, 0x000000070a700000|  0%| F|  |TS  9|AC  0|TAMS 0x000000070a600000, 0x000000070a600000|
| 167|0x000000070a700000, 0x000000070a700000, 0x000000070a800000|  0%| F|  |TS  9|AC  0|TAMS 0x000000070a700000, 0x000000070a700000|
| 168|0x000000070a800000, 0x000000070a800000, 0x000000070a900000|  0%| F|  |TS  9|AC  0|TAMS 0x000000070a800000, 0x000000070a800000|
| 169|0x000000070a900000, 0x000000070a900000, 0x000000070aa00000|  0%| F|  |TS  9|AC  0|TAMS 0x000000070a900000, 0x000000070a900000|
| 170|0x000000070aa00000, 0x000000070aa00000, 0x000000070ab00000|  0%| F|  |TS  9|AC  0|TAMS 0x000000070aa00000, 0x000000070aa00000|
| 171|0x000000070ab00000, 0x000000070ab00000, 0x000000070ac00000|  0%| F|  |TS  9|AC  0|TAMS 0x000000070ab00000, 0x000000070ab00000|
| 172|0x000000070ac00000, 0x000000070ac00000, 0x000000070ad00000|  0%| F|  |TS  9|AC  0|TAMS 0x000000070ac00000, 0x000000070ac00000|
| 173|0x000000070ad00000, 0x000000070ad00000, 0x000000070ae00000|  0%| F|  |TS  9|AC  0|TAMS 0x000000070ad00000, 0x000000070ad00000|
| 174|0x000000070ae00000, 0x000000070ae00000, 0x000000070af00000|  0%| F|  |TS  9|AC  0|TAMS 0x000000070ae00000, 0x000000070ae00000|
| 175|0x000000070af00000, 0x000000070af00000, 0x000000070b000000|  0%| F|  |TS  9|AC  0|TAMS 0x000000070af00000, 0x000000070af00000|
| 176|0x000000070b000000, 0x000000070b000000, 0x000000070b100000|  0%| F|  |TS  9|AC  0|TAMS 0x000000070b000000, 0x000000070b000000|
| 177|0x000000070b100000, 0x000000070b100000, 0x000000070b200000|  0%| F|  |TS  9|AC  0|TAMS 0x000000070b100000, 0x000000070b100000|
| 178|0x000000070b200000, 0x000000070b200000, 0x000000070b300000|  0%| F|  |TS  9|AC  0|TAMS 0x000000070b200000, 0x000000070b200000|
| 179|0x000000070b300000, 0x000000070b300000, 0x000000070b400000|  0%| F|  |TS  9|AC  0|TAMS 0x000000070b300000, 0x000000070b300000|
| 180|0x000000070b400000, 0x000000070b400000, 0x000000070b500000|  0%| F|  |TS  9|AC  0|TAMS 0x000000070b400000, 0x000000070b400000|
| 181|0x000000070b500000, 0x000000070b500000, 0x000000070b600000|  0%| F|  |TS  9|AC  0|TAMS 0x000000070b500000, 0x000000070b500000|
| 182|0x000000070b600000, 0x000000070b600000, 0x000000070b700000|  0%| F|  |TS  9|AC  0|TAMS 0x000000070b600000, 0x000000070b600000|
| 183|0x000000070b700000, 0x000000070b700000, 0x000000070b800000|  0%| F|  |TS  9|AC  0|TAMS 0x000000070b700000, 0x000000070b700000|
| 184|0x000000070b800000, 0x000000070b800000, 0x000000070b900000|  0%| F|  |TS  9|AC  0|TAMS 0x000000070b800000, 0x000000070b800000|
| 185|0x000000070b900000, 0x000000070b900000, 0x000000070ba00000|  0%| F|  |TS  9|AC  0|TAMS 0x000000070b900000, 0x000000070b900000|
| 186|0x000000070ba00000, 0x000000070ba00000, 0x000000070bb00000|  0%| F|  |TS  9|AC  0|TAMS 0x000000070ba00000, 0x000000070ba00000|
| 187|0x000000070bb00000, 0x000000070bb00000, 0x000000070bc00000|  0%| F|  |TS  9|AC  0|TAMS 0x000000070bb00000, 0x000000070bb00000|
| 188|0x000000070bc00000, 0x000000070bc00000, 0x000000070bd00000|  0%| F|  |TS  9|AC  0|TAMS 0x000000070bc00000, 0x000000070bc00000|
| 189|0x000000070bd00000, 0x000000070bd00000, 0x000000070be00000|  0%| F|  |TS  9|AC  0|TAMS 0x000000070bd00000, 0x000000070bd00000|
| 190|0x000000070be00000, 0x000000070be1e338, 0x000000070bf00000| 11%| E|  |TS  9|AC  0|TAMS 0x000000070be00000, 0x000000070be00000|
| 191|0x000000070bf00000, 0x000000070c000000, 0x000000070c000000|100%| E|CS|TS  9|AC  0|TAMS 0x000000070bf00000, 0x000000070bf00000|
| 192|0x000000070c000000, 0x000000070c100000, 0x000000070c100000|100%| E|CS|TS  9|AC  0|TAMS 0x000000070c000000, 0x000000070c000000|
| 193|0x000000070c100000, 0x000000070c200000, 0x000000070c200000|100%| E|CS|TS  9|AC  0|TAMS 0x000000070c100000, 0x000000070c100000|
| 194|0x000000070c200000, 0x000000070c300000, 0x000000070c300000|100%| E|CS|TS  9|AC  0|TAMS 0x000000070c200000, 0x000000070c200000|
| 195|0x000000070c300000, 0x000000070c400000, 0x000000070c400000|100%| E|CS|TS  9|AC  0|TAMS 0x000000070c300000, 0x000000070c300000|
| 196|0x000000070c400000, 0x000000070c500000, 0x000000070c500000|100%| E|CS|TS  9|AC  0|TAMS 0x000000070c400000, 0x000000070c400000|
| 197|0x000000070c500000, 0x000000070c600000, 0x000000070c600000|100%| E|CS|TS  9|AC  0|TAMS 0x000000070c500000, 0x000000070c500000|
| 198|0x000000070c600000, 0x000000070c700000, 0x000000070c700000|100%| E|CS|TS  9|AC  0|TAMS 0x000000070c600000, 0x000000070c600000|
| 199|0x000000070c700000, 0x000000070c800000, 0x000000070c800000|100%| E|CS|TS  9|AC  0|TAMS 0x000000070c700000, 0x000000070c700000|
| 200|0x000000070c800000, 0x000000070c900000, 0x000000070c900000|100%| E|CS|TS  9|AC  0|TAMS 0x000000070c800000, 0x000000070c800000|
| 201|0x000000070c900000, 0x000000070ca00000, 0x000000070ca00000|100%| E|CS|TS  9|AC  0|TAMS 0x000000070c900000, 0x000000070c900000|
| 202|0x000000070ca00000, 0x000000070cb00000, 0x000000070cb00000|100%| E|CS|TS  9|AC  0|TAMS 0x000000070ca00000, 0x000000070ca00000|
| 203|0x000000070cb00000, 0x000000070cc00000, 0x000000070cc00000|100%| E|CS|TS  9|AC  0|TAMS 0x000000070cb00000, 0x000000070cb00000|
| 204|0x000000070cc00000, 0x000000070cd00000, 0x000000070cd00000|100%| E|CS|TS  9|AC  0|TAMS 0x000000070cc00000, 0x000000070cc00000|
| 205|0x000000070cd00000, 0x000000070ce00000, 0x000000070ce00000|100%| E|CS|TS  9|AC  0|TAMS 0x000000070cd00000, 0x000000070cd00000|
| 206|0x000000070ce00000, 0x000000070cf00000, 0x000000070cf00000|100%| E|CS|TS  9|AC  0|TAMS 0x000000070ce00000, 0x000000070ce00000|
| 207|0x000000070cf00000, 0x000000070d000000, 0x000000070d000000|100%| E|CS|TS  9|AC  0|TAMS 0x000000070cf00000, 0x000000070cf00000|
| 208|0x000000070d000000, 0x000000070d100000, 0x000000070d100000|100%| E|CS|TS  9|AC  0|TAMS 0x000000070d000000, 0x000000070d000000|

Card table byte_map: [0x0000023869540000,0x0000023869b40000] byte_map_base: 0x0000023865d40000

Marking Bits (Prev, Next): (CMBitMap*) 0x000002384d138880, (CMBitMap*) 0x000002384d1388b8
 Prev Bits: [0x000002386a140000, 0x000002386d140000)
 Next Bits: [0x000002386d140000, 0x0000023870140000)

Polling page: 0x0000023846d90000

CodeHeap 'non-profiled nmethods': size=119168Kb used=15615Kb max_used=15615Kb free=103552Kb
 bounds [0x0000023860a40000, 0x0000023861980000, 0x0000023867ea0000]
CodeHeap 'profiled nmethods': size=119168Kb used=33708Kb max_used=33708Kb free=85459Kb
 bounds [0x00000238595e0000, 0x000002385b700000, 0x0000023860a40000]
CodeHeap 'non-nmethods': size=7424Kb used=3394Kb max_used=3498Kb free=4029Kb
 bounds [0x0000023858ea0000, 0x0000023859220000, 0x00000238595e0000]
 total_blobs=23356 nmethods=13536 adapters=1011
 compilation: enabled

Compilation events (10 events):
Event: 1335.689 Thread 0x000002384d9e2000 nmethod 16160 0x000002385b6e6690 code [0x000002385b6e6840, 0x000002385b6e6a50]
Event: 1335.689 Thread 0x000002384d9e3000 nmethod 16156 0x000002385b6e6b10 code [0x000002385b6e6cc0, 0x000002385b6e6e78]
Event: 1335.689 Thread 0x000002384d9e2000 16158       3       java.awt.Container::setFocusTraversalKeys (27 bytes)
Event: 1335.689 Thread 0x000002384d9e3000 16157       3       sun.swing.UIAction::getValue (13 bytes)
Event: 1335.689 Thread 0x000002384d9e3000 nmethod 16157 0x000002385b6e6f10 code [0x000002385b6e70c0, 0x000002385b6e7278]
Event: 1335.690 Thread 0x000002384d9df000 nmethod 16161 0x000002385b6e7310 code [0x000002385b6e7520, 0x000002385b6e7ae0]
Event: 1335.690 Thread 0x000002384d9df000 16163       3       javax.swing.plaf.basic.BasicEditorPaneUI::addActions (40 bytes)
Event: 1335.690 Thread 0x000002384d9e3000 16155       1       javax.swing.text.AbstractWriter::getDocument (5 bytes)
Event: 1335.690 Thread 0x000002384d9e2000 nmethod 16158 0x000002385b6e7d10 code [0x000002385b6e7ee0, 0x000002385b6e8220]
Event: 1335.690 Thread 0x000002384d9e3000 nmethod 16155 0x0000023861974d10 code [0x0000023861974ec0, 0x0000023861974fd8]

GC Heap History (10 events):
Event: 129.890 GC heap before
{Heap before GC invocations=106 (full 2):
 garbage-first heap   total 214016K, used 143083K [0x0000000700000000, 0x0000000700100688, 0x00000007c0000000)
  region size 1024K, 60 young (61440K), 0 survivors (0K)
 Metaspace       used 73426K, capacity 77906K, committed 78128K, reserved 1116160K
  class space    used 10163K, capacity 10975K, committed 11056K, reserved 1048576K
}
Event: 129.892 GC heap after
{Heap after GC invocations=107 (full 2):
 garbage-first heap   total 214016K, used 82932K [0x0000000700000000, 0x0000000700100688, 0x00000007c0000000)
  region size 1024K, 2 young (2048K), 2 survivors (2048K)
 Metaspace       used 73426K, capacity 77906K, committed 78128K, reserved 1116160K
  class space    used 10163K, capacity 10975K, committed 11056K, reserved 1048576K
}
Event: 416.906 GC heap before
{Heap before GC invocations=107 (full 2):
 garbage-first heap   total 214016K, used 142324K [0x0000000700000000, 0x0000000700100688, 0x00000007c0000000)
  region size 1024K, 60 young (61440K), 2 survivors (2048K)
 Metaspace       used 73503K, capacity 78034K, committed 78128K, reserved 1116160K
  class space    used 10163K, capacity 10975K, committed 11056K, reserved 1048576K
}
Event: 416.911 GC heap after
{Heap after GC invocations=108 (full 2):
 garbage-first heap   total 214016K, used 82912K [0x0000000700000000, 0x0000000700100688, 0x00000007c0000000)
  region size 1024K, 2 young (2048K), 2 survivors (2048K)
 Metaspace       used 73503K, capacity 78034K, committed 78128K, reserved 1116160K
  class space    used 10163K, capacity 10975K, committed 11056K, reserved 1048576K
}
Event: 707.473 GC heap before
{Heap before GC invocations=108 (full 2):
 garbage-first heap   total 214016K, used 142304K [0x0000000700000000, 0x0000000700100688, 0x00000007c0000000)
  region size 1024K, 60 young (61440K), 2 survivors (2048K)
 Metaspace       used 73542K, capacity 78034K, committed 78128K, reserved 1116160K
  class space    used 10163K, capacity 10975K, committed 11056K, reserved 1048576K
}
Event: 707.480 GC heap after
{Heap after GC invocations=109 (full 2):
 garbage-first heap   total 214016K, used 82981K [0x0000000700000000, 0x0000000700100688, 0x00000007c0000000)
  region size 1024K, 2 young (2048K), 2 survivors (2048K)
 Metaspace       used 73542K, capacity 78034K, committed 78128K, reserved 1116160K
  class space    used 10163K, capacity 10975K, committed 11056K, reserved 1048576K
}
Event: 998.275 GC heap before
{Heap before GC invocations=109 (full 2):
 garbage-first heap   total 214016K, used 142373K [0x0000000700000000, 0x0000000700100688, 0x00000007c0000000)
  region size 1024K, 60 young (61440K), 2 survivors (2048K)
 Metaspace       used 73589K, capacity 78098K, committed 78384K, reserved 1116160K
  class space    used 10163K, capacity 10975K, committed 11056K, reserved 1048576K
}
Event: 998.323 GC heap after
{Heap after GC invocations=110 (full 2):
 garbage-first heap   total 214016K, used 82975K [0x0000000700000000, 0x0000000700100688, 0x00000007c0000000)
  region size 1024K, 2 young (2048K), 2 survivors (2048K)
 Metaspace       used 73589K, capacity 78098K, committed 78384K, reserved 1116160K
  class space    used 10163K, capacity 10975K, committed 11056K, reserved 1048576K
}
Event: 1292.979 GC heap before
{Heap before GC invocations=110 (full 2):
 garbage-first heap   total 214016K, used 142367K [0x0000000700000000, 0x0000000700100688, 0x00000007c0000000)
  region size 1024K, 60 young (61440K), 2 survivors (2048K)
 Metaspace       used 73602K, capacity 78098K, committed 78384K, reserved 1116160K
  class space    used 10163K, capacity 10975K, committed 11056K, reserved 1048576K
}
Event: 1293.048 GC heap after
{Heap after GC invocations=111 (full 2):
 garbage-first heap   total 214016K, used 82943K [0x0000000700000000, 0x0000000700100688, 0x00000007c0000000)
  region size 1024K, 2 young (2048K), 2 survivors (2048K)
 Metaspace       used 73602K, capacity 78098K, committed 78384K, reserved 1116160K
  class space    used 10163K, capacity 10975K, committed 11056K, reserved 1048576K
}

Deoptimization events (10 events):
Event: 75.444 Thread 0x00000238748b5000 Uncommon trap: reason=unstable_if action=reinterpret pc=0x0000023860d24ec4 method=java.lang.invoke.MethodType$ConcurrentWeakInternSet$WeakEntry.equals(Ljava/lang/Object;)Z @ 21 c2
Event: 75.445 Thread 0x00000238748b5000 Uncommon trap: reason=class_check action=maybe_recompile pc=0x00000238618612e8 method=sun.awt.windows.WComponentPeer.getBounds()Ljava/awt/Rectangle; @ 4 c2
Event: 75.446 Thread 0x00000238748b5000 Uncommon trap: reason=class_check action=maybe_recompile pc=0x00000238618612e8 method=sun.awt.windows.WComponentPeer.getBounds()Ljava/awt/Rectangle; @ 4 c2
Event: 75.470 Thread 0x00000238748b5000 Uncommon trap: reason=unstable_if action=reinterpret pc=0x0000023860bf5e84 method=javax.swing.tree.VariableHeightLayoutCache$TreeStateNode.getPreferredHeight()I @ 22 c2
Event: 75.472 Thread 0x00000238748b5000 Uncommon trap: reason=unstable_if action=reinterpret pc=0x0000023860c1d948 method=com.jidesoft.grid.JideTable.getRowHeight(I)I @ 12 c2
Event: 75.475 Thread 0x00000238748b5000 Uncommon trap: reason=unstable_if action=reinterpret pc=0x00000238610d7374 method=javax.swing.tree.VariableHeightLayoutCache$VisibleTreeStateNodeEnumeration.hasMoreElements()Z @ 4 c2
Event: 77.603 Thread 0x0000023803b97800 Uncommon trap: reason=unstable_if action=reinterpret pc=0x0000023861317438 method=java.security.AccessControlContext.optimize()Ljava/security/AccessControlContext; @ 49 c2
Event: 102.262 Thread 0x00000238748b5000 Uncommon trap: reason=unstable_if action=reinterpret pc=0x000002386167de78 method=java.util.concurrent.locks.AbstractQueuedSynchronizer.acquireQueued(Ljava/util/concurrent/locks/AbstractQueuedSynchronizer$Node;I)Z @ 22 c2
Event: 558.941 Thread 0x00000238748b5000 Uncommon trap: reason=unstable_if action=reinterpret pc=0x00000238619390bc method=java.util.concurrent.locks.AbstractQueuedSynchronizer.isOnSyncQueue(Ljava/util/concurrent/locks/AbstractQueuedSynchronizer$Node;)Z @ 22 c2
Event: 1335.689 Thread 0x00000238746b3000 Uncommon trap: reason=unstable_if action=reinterpret pc=0x000002386192d9b4 method=javax.swing.Timer.post()V @ 16 c2

Classes redefined (0 events):
No events

Internal exceptions (10 events):
Event: 75.104 Thread 0x00000238748b5000 Exception <a 'java/lang/ClassNotFoundException'{0x000000070a3b0270}: javax/swing/JComponentCustomizer> (0x000000070a3b0270) thrown at [t:/workspace/hotspot/src/share/vm/classfile/systemDictionary.cpp, line 218]
Event: 75.111 Thread 0x00000238748b5000 Exception <a 'java/lang/ClassNotFoundException'{0x000000070a255298}: javax/swing/JPanelCustomizer> (0x000000070a255298) thrown at [t:/workspace/hotspot/src/share/vm/classfile/systemDictionary.cpp, line 218]
Event: 75.111 Thread 0x00000238748b5000 Exception <a 'java/lang/ClassNotFoundException'{0x000000070a288950}: org/jdesktop/swingx/JXPanelCustomizer> (0x000000070a288950) thrown at [t:/workspace/hotspot/src/share/vm/classfile/systemDictionary.cpp, line 218]
Event: 75.112 Thread 0x00000238748b5000 Exception <a 'java/lang/ClassNotFoundException'{0x000000070a2c6148}: org/jdesktop/swingx/JXTitledPanelCustomizer> (0x000000070a2c6148) thrown at [t:/workspace/hotspot/src/share/vm/classfile/systemDictionary.cpp, line 218]
Event: 75.112 Thread 0x00000238748b5000 Exception <a 'java/lang/ClassNotFoundException'{0x000000070a2fe230}: ui/utils/o/p/a/dCustomizer> (0x000000070a2fe230) thrown at [t:/workspace/hotspot/src/share/vm/classfile/systemDictionary.cpp, line 218]
Event: 75.113 Thread 0x00000238748b5000 Exception <a 'java/lang/ClassNotFoundException'{0x000000070a135198}: ui/views/waveform/f/pCustomizer> (0x000000070a135198) thrown at [t:/workspace/hotspot/src/share/vm/classfile/systemDictionary.cpp, line 218]
Event: 75.115 Thread 0x00000238748b5000 Implicit null exception at 0x000002386142ad5e to 0x000002386142b7d1
Event: 75.444 Thread 0x00000238748b5000 Implicit null exception at 0x0000023860d2013f to 0x0000023860d24e85
Event: 75.624 Thread 0x00000238748b5000 Exception <a 'java/lang/NoSuchMethodError'{0x000000070ba5aec0}: java.lang.invoke.DelegatingMethodHandle$Holder.reinvoke_L(Ljava/lang/Object;Ljava/lang/Object;J)Ljava/lang/Object;> (0x000000070ba5aec0) thrown at [t:/workspace/hotspot/src/share/vm/interpret
Event: 77.603 Thread 0x0000023803b97800 Implicit null exception at 0x0000023861316ea9 to 0x0000023861317421

Events (10 events):
Event: 1333.451 loading class ui/data/design/G done
Event: 1333.464 loading class ui/data/design/dai_auto
Event: 1333.464 loading class ui/data/design/dai_auto done
Event: 1333.750 Executing VM operation: BulkRevokeBias
Event: 1333.751 Executing VM operation: BulkRevokeBias done
Event: 1333.751 Executing VM operation: BulkRevokeBias
Event: 1333.751 Executing VM operation: BulkRevokeBias done
Event: 1333.780 Executing VM operation: BulkRevokeBias
Event: 1335.688 Executing VM operation: BulkRevokeBias done
Event: 1335.688 Thread 0x00000238746b3000 Uncommon trap: trap_request=0xffffff5d fr.pc=0x000002386192d9b4 relative=0x00000000000000f4


Dynamic libraries:
0x00007ff7e2910000 - 0x00007ff7e2940000 	D:\Xilinx\Vivado\2018.3\bin\unwrapped\win64.o\vivado.exe
0x00007ffb88120000 - 0x00007ffb88386000 	C:\Windows\SYSTEM32\ntdll.dll
0x00007ffb870c0000 - 0x00007ffb87189000 	C:\Windows\System32\KERNEL32.DLL
0x00007ffb85980000 - 0x00007ffb85d7e000 	C:\Windows\System32\KERNELBASE.dll
0x00007ffb85820000 - 0x00007ffb8596c000 	C:\Windows\System32\ucrtbase.dll
0x00007ffb56330000 - 0x00007ffb56344000 	D:\Xilinx\Vivado\2018.3\lib\win64.o\libboost_signals.dll
0x00007ffb56310000 - 0x00007ffb56324000 	D:\Xilinx\Vivado\2018.3\lib\win64.o\librdi_commonmain.dll
0x00007ffb67e30000 - 0x00007ffb67eb8000 	C:\Windows\SYSTEM32\MSVCP140.dll
0x00007ff9c4650000 - 0x00007ff9c54e4000 	D:\Xilinx\Vivado\2018.3\lib\win64.o\librdi_common.dll
0x00007ffb87250000 - 0x00007ffb87417000 	C:\Windows\System32\USER32.dll
0x00007ffb67ec0000 - 0x00007ffb67ede000 	C:\Windows\SYSTEM32\VCRUNTIME140.dll
0x00007ffb85670000 - 0x00007ffb85697000 	C:\Windows\System32\win32u.dll
0x00007ffb876d0000 - 0x00007ffb876fb000 	C:\Windows\System32\GDI32.dll
0x00007ffb853f0000 - 0x00007ffb8551a000 	C:\Windows\System32\gdi32full.dll
0x00007ffb421a0000 - 0x00007ffb421c6000 	D:\Xilinx\Vivado\2018.3\lib\win64.o\libboost_filesystem.dll
0x00007ffb85340000 - 0x00007ffb853e3000 	C:\Windows\System32\msvcp_win.dll
0x00007ffb86b80000 - 0x00007ffb86c37000 	C:\Windows\System32\ADVAPI32.dll
0x00007ffb878b0000 - 0x00007ffb88042000 	C:\Windows\System32\SHELL32.dll
0x00007ffb871a0000 - 0x00007ffb87249000 	C:\Windows\System32\msvcrt.dll
0x00007ffb86440000 - 0x00007ffb864ea000 	C:\Windows\System32\sechost.dll
0x00007ffb56530000 - 0x00007ffb5653a000 	D:\Xilinx\Vivado\2018.3\lib\win64.o\librdi_commonversion.dll
0x00007ffb87520000 - 0x00007ffb87638000 	C:\Windows\System32\RPCRT4.dll
0x00007ff9c58d0000 - 0x00007ff9c59f1000 	D:\Xilinx\Vivado\2018.3\lib\win64.o\librdi_commonxillic.dll
0x00000000502b0000 - 0x00000000503db000 	D:\Xilinx\Vivado\2018.3\lib\win64.o\tcl85t.dll
0x00007ffb864f0000 - 0x00007ffb86570000 	C:\Windows\System32\WS2_32.dll
0x00007ffb69f10000 - 0x00007ffb69f1b000 	C:\Windows\SYSTEM32\VCRUNTIME140_1.dll
0x00007ff9c42e0000 - 0x00007ff9c464e000 	D:\Xilinx\Vivado\2018.3\lib\win64.o\libCOIN-all.dll
0x00007ff9c5610000 - 0x00007ff9c58c5000 	D:\Xilinx\Vivado\2018.3\lib\win64.o\libXil_lmgr11.dll
0x00007ffb3fc80000 - 0x00007ffb3fc94000 	D:\Xilinx\Vivado\2018.3\lib\win64.o\libboost_date_time.dll
0x00007ffb85e50000 - 0x00007ffb85f42000 	C:\Windows\System32\COMDLG32.dll
0x00007ffb86770000 - 0x00007ffb86af3000 	C:\Windows\System32\combase.dll
0x00007ffb86c40000 - 0x00007ffb86d37000 	C:\Windows\System32\shcore.dll
0x00007ffaffbb0000 - 0x00007ffaffc2f000 	D:\Xilinx\Vivado\2018.3\lib\win64.o\libboost_program_options.dll
0x00007ffb87650000 - 0x00007ffb876b7000 	C:\Windows\System32\SHLWAPI.dll
0x00007ff9c54f0000 - 0x00007ff9c5604000 	D:\Xilinx\Vivado\2018.3\lib\win64.o\libboost_regex.dll
0x00007ffb45000000 - 0x00007ffb4500b000 	D:\Xilinx\Vivado\2018.3\lib\win64.o\libboost_system.dll
0x00007ffb3fc30000 - 0x00007ffb3fc51000 	D:\Xilinx\Vivado\2018.3\lib\win64.o\libboost_thread.dll
0x00007ffb87420000 - 0x00007ffb874f9000 	C:\Windows\System32\OLEAUT32.dll
0x00007ffb41cd0000 - 0x00007ffb41cdf000 	D:\Xilinx\Vivado\2018.3\lib\win64.o\libboost_xilinx.dll
0x00007ffb86f20000 - 0x00007ffb870b9000 	C:\Windows\System32\ole32.dll
0x00007ffaf55f0000 - 0x00007ffaf5672000 	D:\Xilinx\Vivado\2018.3\lib\win64.o\libhdlpsolve.dll
0x00007ffb85520000 - 0x00007ffb855a3000 	C:\Windows\System32\WINTRUST.dll
0x00007ffb856a0000 - 0x00007ffb85818000 	C:\Windows\System32\CRYPT32.dll
0x00007ffaf18c0000 - 0x00007ffaf1965000 	D:\Xilinx\Vivado\2018.3\lib\win64.o\libhdxml.dll
0x00007ff9c2bf0000 - 0x00007ff9c343e600 	D:\Xilinx\Vivado\2018.3\lib\win64.o\libisl_iostreams.dll
0x00007ffb3fc00000 - 0x00007ffb3fc2e000 	D:\Xilinx\Vivado\2018.3\lib\win64.o\libisl_sysinfo.dll
0x00007ffafe470000 - 0x00007ffafe4d5000 	D:\Xilinx\Vivado\2018.3\lib\win64.o\liblmx6.0.dll
0x00007ffb3e620000 - 0x00007ffb3e63a000 	D:\Xilinx\Vivado\2018.3\lib\win64.o\pthreadVC2.dll
0x00007ffb032d0000 - 0x00007ffb032ec000 	D:\Xilinx\Vivado\2018.3\lib\win64.o\librdiconfig.dll
0x00007ffb032a0000 - 0x00007ffb032c1000 	D:\Xilinx\Vivado\2018.3\lib\win64.o\librdizlib.dll
0x0000000012000000 - 0x0000000012272000 	D:\Xilinx\Vivado\2018.3\lib\win64.o\xerces-c_3_1.dll
0x00007ffb75670000 - 0x00007ffb7568a000 	C:\Windows\SYSTEM32\NETAPI32.dll
0x00007ffb7c250000 - 0x00007ffb7c377000 	C:\Windows\SYSTEM32\WINHTTP.dll
0x00007ffb5e9f0000 - 0x00007ffb5ec85000 	C:\Windows\SYSTEM32\WININET.dll
0x00007ffb5e740000 - 0x00007ffb5e91c000 	C:\Windows\SYSTEM32\urlmon.dll
0x00007ff9c3440000 - 0x00007ff9c42d1000 	D:\Xilinx\Vivado\2018.3\lib\win64.o\gurobi65.dll
0x00007ffb56410000 - 0x00007ffb56446000 	C:\Windows\SYSTEM32\VCOMP140.DLL
0x00007ffb5bf60000 - 0x00007ffb5bf6a000 	C:\Windows\SYSTEM32\WSOCK32.dll
0x00007ffb5fd20000 - 0x00007ffb5fdd5000 	C:\Windows\WinSxS\amd64_microsoft.windows.common-controls_6595b64144ccf1df_5.82.26100.8328_none_87eede957a2ccddd\COMCTL32.dll
0x00007ffb3fbf0000 - 0x00007ffb3fbfd000 	D:\Xilinx\Vivado\2018.3\lib\win64.o\libboost_chrono.dll
0x00007ffb7bfb0000 - 0x00007ffb7bfd5000 	C:\Windows\SYSTEM32\dhcpcsvc.DLL
0x00007ffb03080000 - 0x00007ffb0309b000 	D:\Xilinx\Vivado\2018.3\lib\win64.o\libboost_iostreams.dll
0x00007ffb69100000 - 0x00007ffb693c5000 	C:\Windows\SYSTEM32\iertutil.dll
0x00007ffb81e00000 - 0x00007ffb82692000 	C:\Windows\SYSTEM32\windows.storage.dll
0x00007ffafe940000 - 0x00007ffafe965000 	D:\Xilinx\Vivado\2018.3\lib\win64.o\libisl_iosutils.dll
0x00007ffb74860000 - 0x00007ffb74889000 	C:\Windows\SYSTEM32\srvcli.dll
0x00007ffb829d0000 - 0x00007ffb829dd000 	C:\Windows\SYSTEM32\netutils.dll
0x00007ffb85f50000 - 0x00007ffb85f82000 	C:\Windows\System32\IMM32.DLL
0x00007ffb839c0000 - 0x00007ffb839d3000 	C:\Windows\SYSTEM32\MSASN1.dll
0x00007ffb83940000 - 0x00007ffb8395b000 	C:\Windows\SYSTEM32\kernel.appcore.dll
0x00007ff9c26f0000 - 0x00007ff9c2be5000 	D:\Xilinx\Vivado\2018.3\lib\win64.o\librdi_commontasks.dll
0x00007ff9c2470000 - 0x00007ff9c26ef000 	D:\Xilinx\Vivado\2018.3\lib\win64.o\librdi_sio.dll
0x00007ffb82d60000 - 0x00007ffb82d6b000 	C:\Windows\SYSTEM32\VERSION.dll
0x00007ffb82ac0000 - 0x00007ffb82af3000 	C:\Windows\SYSTEM32\IPHLPAPI.DLL
0x00000000775d0000 - 0x0000000077ff5000 	D:\Xilinx\Vivado\2018.3\tps\win64\jre9.0.4\bin\server\jvm.dll
0x00007ffb87640000 - 0x00007ffb87648000 	C:\Windows\System32\PSAPI.DLL
0x00007ffb805a0000 - 0x00007ffb805d6000 	C:\Windows\SYSTEM32\WINMM.dll
0x00007ff9e83a0000 - 0x00007ff9e848f000 	C:\Windows\SYSTEM32\MSVCR120.dll
0x00007ffb83640000 - 0x00007ffb836ac000 	C:\Windows\SYSTEM32\MSWSOCK.DLL
0x00007ff9b41a0000 - 0x00007ff9b6562000 	D:\Xilinx\Vivado\2018.3\lib\win64.o\librdi_tcltasks.dll
0x00007ff9c1f10000 - 0x00007ff9c22ec000 	D:\Xilinx\Vivado\2018.3\lib\win64.o\librdi_bitstream.dll
0x00007ff9c22f0000 - 0x00007ff9c246e000 	D:\Xilinx\Vivado\2018.3\lib\win64.o\librdi_board.dll
0x00007ffac08f0000 - 0x00007ffac09cc000 	D:\Xilinx\Vivado\2018.3\lib\win64.o\librdi_chipscope.dll
0x00007ffadcb40000 - 0x00007ffadcbaa000 	D:\Xilinx\Vivado\2018.3\lib\win64.o\librdi_boarddep.dll
0x00007ff9c1d50000 - 0x00007ff9c1f09000 	D:\Xilinx\Vivado\2018.3\lib\win64.o\librdi_chipscopeimpl.dll
0x00007ff9b2890000 - 0x00007ff9b4195000 	D:\Xilinx\Vivado\2018.3\lib\win64.o\librdi_constraints.dll
0x00007ff9c1c00000 - 0x00007ff9c1d48000 	D:\Xilinx\Vivado\2018.3\lib\win64.o\librdi_containers.dll
0x00007ff9acc70000 - 0x00007ff9aea8f000 	D:\Xilinx\Vivado\2018.3\lib\win64.o\librdi_coregen.dll
0x00007ff9c0bd0000 - 0x00007ff9c12aa000 	D:\Xilinx\Vivado\2018.3\lib\win64.o\librdi_coregenipxact.dll
0x00007ff9aea90000 - 0x00007ff9b288b000 	D:\Xilinx\Vivado\2018.3\lib\win64.o\librdi_designutils.dll
0x00007ff99bf10000 - 0x00007ff9acc62000 	D:\Xilinx\Vivado\2018.3\lib\win64.o\librdi_device.dll
0x00007ff9c18e0000 - 0x00007ff9c1bfb000 	D:\Xilinx\Vivado\2018.3\lib\win64.o\librdi_dlyest.dll
0x00007ff9c1380000 - 0x00007ff9c18e0000 	D:\Xilinx\Vivado\2018.3\lib\win64.o\librdi_drc.dll
0x00007ff9c12b0000 - 0x00007ff9c1372000 	D:\Xilinx\Vivado\2018.3\lib\win64.o\librdi_dsp.dll
0x00007ff9b8700000 - 0x00007ff9b8d3f000 	D:\Xilinx\Vivado\2018.3\lib\win64.o\librdi_filemgmt.dll
0x00007ff9c08f0000 - 0x00007ff9c0bca000 	D:\Xilinx\Vivado\2018.3\lib\win64.o\librdi_guitools.dll
0x00007ffaf5590000 - 0x00007ffaf55ed000 	D:\Xilinx\Vivado\2018.3\lib\win64.o\librdi_hdf.dll
0x00007ff9b80e0000 - 0x00007ff9b86f5000 	D:\Xilinx\Vivado\2018.3\lib\win64.o\librdi_memdata.dll
0x00007ff99ab70000 - 0x00007ff99bf01000 	D:\Xilinx\Vivado\2018.3\lib\win64.o\librdi_implflow.dll
0x00007ffa756f0000 - 0x00007ffa75761000 	D:\Xilinx\Vivado\2018.3\lib\win64.o\librdi_memoryarray.dll
0x00007ff9971c0000 - 0x00007ff99ab6c000 	D:\Xilinx\Vivado\2018.3\lib\win64.o\librdi_mig.dll
0x00007ff9b7aa0000 - 0x00007ff9b80db000 	D:\Xilinx\Vivado\2018.3\lib\win64.o\librdi_netlist.dll
0x00007ffadcaf0000 - 0x00007ffadcb40000 	D:\Xilinx\Vivado\2018.3\lib\win64.o\librdi_pfi.dll
0x00007ff9945a0000 - 0x00007ff996ab4000 	D:\Xilinx\Vivado\2018.3\lib\win64.o\librdi_place.dll
0x00007ff9b7790000 - 0x00007ff9b7a97000 	D:\Xilinx\Vivado\2018.3\lib\win64.o\librdi_platform.dll
0x00007ff996ac0000 - 0x00007ff9971b5000 	D:\Xilinx\Vivado\2018.3\lib\win64.o\librdi_power.dll
0x00007ff994040000 - 0x00007ff994596000 	D:\Xilinx\Vivado\2018.3\lib\win64.o\librdi_project.dll
0x00007ff993260000 - 0x00007ff993953000 	D:\Xilinx\Vivado\2018.3\lib\win64.o\librdi_psta.dll
0x00007ff993960000 - 0x00007ff994039000 	D:\Xilinx\Vivado\2018.3\lib\win64.o\librdi_rsb.dll
0x00007ff992e80000 - 0x00007ff993257000 	D:\Xilinx\Vivado\2018.3\lib\win64.o\librdi_runs.dll
0x00007ff9b76b0000 - 0x00007ff9b7788000 	D:\Xilinx\Vivado\2018.3\lib\win64.o\librdi_runsbase.dll
0x00007ff992c50000 - 0x00007ff992e78000 	D:\Xilinx\Vivado\2018.3\lib\win64.o\librdi_simdata.dll
0x00007ff991ec0000 - 0x00007ff992c4d000 	D:\Xilinx\Vivado\2018.3\lib\win64.o\librdi_timing.dll
0x00007ff9b7550000 - 0x00007ff9b76a4000 	D:\Xilinx\Vivado\2018.3\lib\win64.o\librdi_advchipscopeimpl.dll
0x00007ffadbf20000 - 0x00007ffadbf6c000 	D:\Xilinx\Vivado\2018.3\lib\win64.o\libboost_serialization.dll
0x00007ff9b6970000 - 0x00007ff9b6a28000 	D:\Xilinx\Vivado\2018.3\lib\win64.o\librdi_hip_devdesign.dll
0x00007ff9b74a0000 - 0x00007ff9b754b000 	D:\Xilinx\Vivado\2018.3\lib\win64.o\librdi_ipconfig_readwrite.dll
0x00007ffac0470000 - 0x00007ffac04a8000 	D:\Xilinx\Vivado\2018.3\lib\win64.o\librdi_noc_frameworks.dll
0x00007ff990470000 - 0x00007ff990fb7000 	D:\Xilinx\Vivado\2018.3\lib\win64.o\libverific.dll
0x00007ff991b00000 - 0x00007ff991eb5000 	D:\Xilinx\Vivado\2018.3\lib\win64.o\librdi_hip_config.dll
0x00007ff9915b0000 - 0x00007ff991afe000 	D:\Xilinx\Vivado\2018.3\lib\win64.o\librdi_xdm.dll
0x00007ff9df510000 - 0x00007ff9df5ae000 	D:\Xilinx\Vivado\2018.3\lib\win64.o\libise.dll
0x00007ff990fc0000 - 0x00007ff9915a4000 	D:\Xilinx\Vivado\2018.3\lib\win64.o\librdi_wavedata.dll
0x00007ff9d5490000 - 0x00007ff9d54d9000 	D:\Xilinx\Vivado\2018.3\lib\win64.o\librdi_wavedata_SimpleApi.dll
0x00007ff9b6900000 - 0x00007ff9b6963000 	D:\Xilinx\Vivado\2018.3\lib\win64.o\librdi_hip_mathengine.dll
0x00007ff98f210000 - 0x00007ff990212000 	D:\Xilinx\Vivado\2018.3\lib\win64.o\librdi_route.dll
0x00007ff98d2c0000 - 0x00007ff98f202000 	D:\Xilinx\Vivado\2018.3\lib\win64.o\librdi_synth.dll
0x00007ff98d230000 - 0x00007ff98d2b8000 	D:\Xilinx\Vivado\2018.3\lib\win64.o\librdi_meir_core.dll

VM Arguments:
jvm_args: -Dsun.java2d.pmoffscreen=false -Dsun.java2d.xrender=false -Dsun.java2d.d3d=false -Dsun.awt.nopixfmt=true -Dsun.java2d.dpiaware=true -Dsun.java2d.uiScale.enabled=false -Xverify:none -Dswing.aatext=true -XX:-UsePerfData -Djdk.map.althashing.threshold=512 -XX:StringTableSize=4072 --add-opens=java.base/java.nio=ALL-UNNAMED --add-opens=java.desktop/sun.swing=ALL-UNNAMED --add-opens=java.desktop/javax.swing=ALL-UNNAMED --add-opens=java.desktop/javax.swing.tree=ALL-UNNAMED --add-opens=java.desktop/javax.swing.plaf.basic=ALL-UNNAMED --add-opens=java.desktop/javax.swing.plaf.synth=ALL-UNNAMED --add-opens=java.desktop/com.sun.awt=ALL-UNNAMED -XX:NewSize=60m -XX:MaxNewSize=60m -Xms128m -Xmx3072m -Xss5m 
java_command: <unknown>
java_class_path (initial): D:/Xilinx/Vivado/2018.3\lib\classes\alloy.jar;D:/Xilinx/Vivado/2018.3\lib\classes\autopilot.scelaborator.jar;D:/Xilinx/Vivado/2018.3\lib\classes\autopilot.sourceprocessor.jar;D:/Xilinx/Vivado/2018.3\lib\classes\autopilot.tbprocessor.jar;D:/Xilinx/Vivado/2018.3\lib\classes\batik-anim.jar;D:/Xilinx/Vivado/2018.3\lib\classes\batik-awt-util.jar;D:/Xilinx/Vivado/2018.3\lib\classes\batik-bridge.jar;D:/Xilinx/Vivado/2018.3\lib\classes\batik-codec.jar;D:/Xilinx/Vivado/2018.3\lib\classes\batik-css.jar;D:/Xilinx/Vivado/2018.3\lib\classes\batik-dom.jar;D:/Xilinx/Vivado/2018.3\lib\classes\batik-ext.jar;D:/Xilinx/Vivado/2018.3\lib\classes\batik-gui-util.jar;D:/Xilinx/Vivado/2018.3\lib\classes\batik-gvt.jar;D:/Xilinx/Vivado/2018.3\lib\classes\batik-parser.jar;D:/Xilinx/Vivado/2018.3\lib\classes\batik-script.jar;D:/Xilinx/Vivado/2018.3\lib\classes\batik-svg-dom.jar;D:/Xilinx/Vivado/2018.3\lib\classes\batik-swing.jar;D:/Xilinx/Vivado/2018.3\lib\classes\batik-transcoder.jar;D:/Xilinx/Vivado/2018.3\lib\classes\batik-util.jar;D:/Xilinx/Vivado/2018.3\lib\classes\batik-xml.jar;D:/Xilinx/Vivado/2018.3\lib\classes\com.ibm.icu_4.4.2.v20110208.jar;D:/Xilinx/Vivado/2018.3\lib\classes\commons-collections4-4.1.jar;D:/Xilinx/Vivado/2018.3\lib\classes\commons-math-2.2.jar;D:/Xilinx/Vivado/2018.3\lib\classes\dom4j-1.6.1.jar;D:/Xilinx/Vivado/2018.3\lib\classes\guava-18.0.jar;D:/Xilinx/Vivado/2018.3\lib\classes\help.jar;D:/Xilinx/Vivado/2018.3\lib\classes\hsqldb.jar;D:/Xilinx/Vivado/2018.3\lib\classes\jargs.jar;D:/Xilinx/Vivado/2018.3\lib\classes\jaxb-api-2.3.0.jar;D:/Xilinx/Vivado/2018.3\lib\classes\jh.jar;D:/Xilinx/Vivado/2018.3\lib\classes\jide-action.jar;D:/Xilinx/Vivado/2018.3\lib\classes\jide-charts.jar;D:/Xilinx/Vivado/2018.3\lib\classes\jide-common.jar;D:/Xilinx/Vivado/2018.3\lib\classes\jide-components.jar;D:/Xilinx/Vivado/2018.3\lib\classes\jide-dashboard.jar;D:/Xilinx/Vivado/2018.3\lib\classes\jide-data.jar;D:/Xilinx/Vivado/2018.3\lib\classes\jide-dialogs.jar
Launcher Type: generic

Logging:
Log output configuration:
#0: stdout all=warning uptime,level,tags
#1: stderr all=off uptime,level,tags

Environment Variables:
PATH=D:/Xilinx/Vivado/2018.3/bin;D:/Xilinx/Vivado/2018.3/lib/win64.o;D:/Xilinx/Vivado/2018.3/tps/win64/jre9.0.4/bin/server;D:/Xilinx/Vivado/2018.3/tps/win64/jre9.0.4/bin;D:/Xilinx/SDK/2018.3/bin;D:/Xilinx/Vivado/2018.3/ids_lite/ISE/bin/nt64;D:/Xilinx/Vivado/2018.3/ids_lite/ISE/lib/nt64;%PATH%;C:\Program Files\HuarayTech\MV Viewer\Runtime\x64\;C:\Program Files\HuarayTech\MV Viewer\Runtime\Win32\;E:\XP¾µÏñ\VMware\bin\;C:\Python314\Scripts\;C:\Python314\;C:\Program Files (x86)\NVIDIA Corporation\PhysX\Common;C:\Windows\system32;C:\Windows;C:\Windows\System32\Wbem;C:\Windows\System32\WindowsPowerShell\v1.0\;C:\Windows\System32\OpenSSH\;C:\Program Files\NVIDIA Corporation\NVIDIA app\NvDLISR;C:\Program Files\dotnet\;C:\Program Files (x86)\STMicroelectronics\STM32 ST-LINK Utility\ST-LINK Utility;D:\tools\cmake-3.27.1-windows-i386 (1)\cmake-3.27.1-windows-i386\bin;D:\tools\cmsis-toolbox-windows-amd64\bin;D:\tools;D:\Windows Kits\10\Windows Performance Toolkit\;C:\Program Files (x86)\Windows Kits\8.1\Windows Performance Toolkit\;C:\Program Files\Wolfram Research\WolframScript\;C:\Program Files\MATLAB\R2025a\bin;C:\ProgramData\chocolatey\bin;D:\APP\Git\Git\cmd;C:\Program Files\nodejs\;D:\DevEnv\BuildTools\Ninja;D:\DevEnv\Debuggers\OpenOCD\bin;D:\DevEnv\Compilers\CMSIS-Toolbox\bin;D:\DevEnv\Compilers\ARM-GCC\bin;C:\Program Files\CMake\bin;C:\Users\sunjiayi\AppData\Local\Microsoft\WindowsApps;D:\APP\Visual Studio Code User\Microsoft VS Code\bin;\;C:\Users\sunjiayi\AppData\Local\Python\bin;D:\APP\Understand\SciTools\bin\pc-win64;C:\Users\sunjiayi\AppData\Local\JetBrains\Toolbox\scripts;C:\Users\sunjiayi\AppData\Local\Microsoft\WinGet\Packages\astral-sh.uv_Microsoft.Winget.Source_8wekyb3d8bbwe;C:\Users\sunjiayi\AppData\Roaming\npm;D:\DevEnv\Espressif\tools\cmake\3.30.2\bin;C:\Program Files\usbipd-win;C:\Users\sunjiayi\AppData\Local\Programs\MiKTeX\miktex\bin\x64\;D:\APP\DSCModules\;D:/Xilinx/Vivado/2018.3\tps\mingw\6.2.0\win64.o\nt\bin;D:/Xilinx/Vivado/2018.3\tps\mingw\6.2.0\win64.o
USERNAME=sunjiayi
OS=Windows_NT
PROCESSOR_IDENTIFIER=Intel64 Family 6 Model 198 Stepping 2, GenuineIntel



---------------  S Y S T E M  ---------------

OS: Windows 10 , 64 bit Build 26100 (10.0.26100.8875)

CPU:total 24 (initial active 24) (24 cores per cpu, 1 threads per core) family 6 model 198 stepping 2, cmov, cx8, fxsr, mmx, sse, sse2, sse3, ssse3, sse4.1, sse4.2, popcnt, avx, avx2, aes, clmul, erms, 3dnowpref, lzcnt, tsc, tscinvbit, bmi1, bmi2, adx, sha, fma

Memory: 4k page, physical 32961912k(725460k free), swap 85390836k(143512k free)

vm_info: Java HotSpot(TM) 64-Bit Server VM (9.0.4+11) for windows-amd64 JRE (9.0.4+11), built on Dec 20 2017 02:18:54 by "mach5one" with MS VC++ 12.0 (VS2013)

END.
