#
# There is insufficient memory for the Java Runtime Environment to continue.
# Native memory allocation (malloc) failed to allocate 1131696 bytes for Chunk::new
# Possible reasons:
#   The system is out of physical RAM or swap space
#   The process is running with CompressedOops enabled, and the Java Heap may be blocking the growth of the native heap
# Possible solutions:
#   Reduce memory load on the system
#   Increase physical memory or swap space
#   Check if swap backing store is full
#   Decrease Java heap size (-Xmx/-Xms)
#   Decrease number of Java threads
#   Decrease Java thread stack sizes (-Xss)
#   Set larger code cache with -XX:ReservedCodeCacheSize=
#   JVM is running with Zero Based Compressed Oops mode in which the Java heap is
#     placed in the first 32GB address space. The Java Heap base address is the
#     maximum limit for the native heap growth. Please use -XX:HeapBaseMinAddress
#     to set the Java Heap base and to place the Java Heap above 32GB virtual address.
# This output file may be truncated or incomplete.
#
#  Out of Memory Error (t:/workspace/hotspot/src/share/vm/memory/allocation.cpp:372), pid=23004, tid=69600
#
# JRE version: Java(TM) SE Runtime Environment (9.0+11) (build 9.0.4+11)
# Java VM: Java HotSpot(TM) 64-Bit Server VM (9.0.4+11, mixed mode, tiered, compressed oops, g1 gc, windows-amd64)
# No core dump will be written. Minidumps are not enabled by default on client versions of Windows
#

---------------  S U M M A R Y ------------

Command Line: -Dsun.java2d.pmoffscreen=false -Dsun.java2d.xrender=false -Dsun.java2d.d3d=false -Dsun.awt.nopixfmt=true -Dsun.java2d.dpiaware=true -Dsun.java2d.uiScale.enabled=false -Xverify:none -Dswing.aatext=true -XX:-UsePerfData -Djdk.map.althashing.threshold=512 -XX:StringTableSize=4072 --add-opens=java.base/java.nio=ALL-UNNAMED --add-opens=java.desktop/sun.swing=ALL-UNNAMED --add-opens=java.desktop/javax.swing=ALL-UNNAMED --add-opens=java.desktop/javax.swing.tree=ALL-UNNAMED --add-opens=java.desktop/javax.swing.plaf.basic=ALL-UNNAMED --add-opens=java.desktop/javax.swing.plaf.synth=ALL-UNNAMED --add-opens=java.desktop/com.sun.awt=ALL-UNNAMED -XX:NewSize=60m -XX:MaxNewSize=60m -Xms128m -Xmx3072m -Xss5m 

Host: Intel(R) Core(TM) Ultra 9 275HX, 24 cores, 31G,  Windows 10 , 64 bit Build 26100 (10.0.26100.8875)
Time: Wed Jul 29 09:54:17 2026 ?D1¨²¡À¨º¡Á?¨º¡À?? elapsed time: 374 seconds (0d 0h 6m 14s)

---------------  T H R E A D  ---------------

Current thread (0x000002903b839800):  JavaThread "C2 CompilerThread1" daemon [_thread_in_native, id=69600, stack(0x000000a35fa00000,0x000000a35fb00000)]


Current CompileTask:
C2: 374792 14618       4       java.lang.String::split (327 bytes)

Stack: [0x000000a35fa00000,0x000000a35fb00000]
Native frames: (J=compiled Java code, j=interpreted, Vv=VM code, C=native code)
V  [jvm.dll+0x587068]
V  [jvm.dll+0x69c25e]
V  [jvm.dll+0x69d17a]
V  [jvm.dll+0x69d7b3]
V  [jvm.dll+0x21d198]
V  [jvm.dll+0xa7aac]
V  [jvm.dll+0xa83ec]
V  [jvm.dll+0x320eac]
V  [jvm.dll+0x2e7aaa]
V  [jvm.dll+0x2e703a]
V  [jvm.dll+0x1e9ae1]
V  [jvm.dll+0x1e8d86]
V  [jvm.dll+0x1691cb]
V  [jvm.dll+0x1f6570]
V  [jvm.dll+0x1f51f6]
V  [jvm.dll+0x66b44f]
V  [jvm.dll+0x586490]
C  [MSVCR120.dll+0x24f7f]
C  [MSVCR120.dll+0x25126]
C  [KERNEL32.DLL+0x2e957]
C  [ntdll.dll+0xaad6c]


---------------  P R O C E S S  ---------------

Java Threads: ( => current thread )
  0x00000290707df000 JavaThread "SyntheticaAnimation 50" daemon [_thread_blocked, id=69400, stack(0x000000a362900000,0x000000a362e00000)]
  0x00000290707d9800 JavaThread "Image Animator 0" daemon [_thread_blocked, id=39940, stack(0x000000a367700000,0x000000a367c00000)]
  0x00000290707db000 JavaThread "Image Animator 3" daemon [_thread_blocked, id=40896, stack(0x000000a366d00000,0x000000a367200000)]
  0x00000290707d6000 JavaThread "hw_ila_monitor" [_thread_blocked, id=51324, stack(0x000000a366800000,0x000000a366d00000)]
  0x00000290707d7800 JavaThread "Update Runs Swing Worker" [_thread_blocked, id=24300, stack(0x000000a366300000,0x000000a366800000)]
  0x00000290707d9000 JavaThread "Refresh Filesets Swing Worker" [_thread_blocked, id=18660, stack(0x000000a363d00000,0x000000a364200000)]
  0x000002903c19b000 JavaThread "SyntheticaAnimation 70" daemon [_thread_blocked, id=19368, stack(0x000000a365e00000,0x000000a366300000)]
  0x000002903c199800 JavaThread "SyntheticaAnimation 25" daemon [_thread_blocked, id=19348, stack(0x000000a365400000,0x000000a365900000)]
  0x000002903c195800 JavaThread "SyntheticaAnimation 50" daemon [_thread_blocked, id=19344, stack(0x000000a364f00000,0x000000a365400000)]
  0x000002903c198800 JavaThread "Monitor HEventQueue" [_thread_blocked, id=19332, stack(0x000000a364a00000,0x000000a364f00000)]
  0x000002903c196800 JavaThread "Batik CleanerThread" daemon [_thread_blocked, id=19200, stack(0x000000a364200000,0x000000a364700000)]
  0x000002903c198000 JavaThread "SyntheticaCleanerThread" daemon [_thread_blocked, id=18908, stack(0x000000a362e00000,0x000000a363300000)]
  0x00000290601b8000 JavaThread "AWT-EventQueue-1" [_thread_blocked, id=53496, stack(0x000000a363800000,0x000000a363d00000)]
  0x0000029060964000 JavaThread "Process Messages" [_thread_blocked, id=62400, stack(0x000000a363300000,0x000000a363800000)]
  0x0000029060973000 JavaThread "Thread-1" [_thread_in_native, id=17552, stack(0x000000a35a200000,0x000000a35b600000)]
  0x00000290603cc000 JavaThread "TimerQueue" daemon [_thread_blocked, id=39876, stack(0x000000a362400000,0x000000a362900000)]
  0x000002903df0c800 JavaThread "AWT-Windows" daemon [_thread_in_native, id=37556, stack(0x000000a361f00000,0x000000a362400000)]
  0x000002903de68800 JavaThread "AWT-Shutdown" [_thread_blocked, id=37552, stack(0x000000a361a00000,0x000000a361f00000)]
  0x000002903de67000 JavaThread "Java2D Disposer" daemon [_thread_blocked, id=37548, stack(0x000000a361500000,0x000000a361a00000)]
  0x000002903d7eb000 JavaThread "Service Thread" daemon [_thread_blocked, id=37532, stack(0x000000a360f00000,0x000000a361400000)]
  0x000002903c3ca000 JavaThread "Common-Cleaner" daemon [_thread_blocked, id=37520, stack(0x000000a360a00000,0x000000a360f00000)]
  0x000002903c197000 JavaThread "Sweeper thread" daemon [_thread_blocked, id=37516, stack(0x000000a360500000,0x000000a360a00000)]
  0x000002903c3c4000 JavaThread "C1 CompilerThread11" daemon [_thread_blocked, id=37512, stack(0x000000a360400000,0x000000a360500000)]
  0x000002903c3c3000 JavaThread "C1 CompilerThread10" daemon [_thread_blocked, id=36660, stack(0x000000a360300000,0x000000a360400000)]
  0x000002903c3c2000 JavaThread "C1 CompilerThread9" daemon [_thread_blocked, id=36516, stack(0x000000a360200000,0x000000a360300000)]
  0x000002903c3c0800 JavaThread "C1 CompilerThread8" daemon [_thread_blocked, id=36372, stack(0x000000a360100000,0x000000a360200000)]
  0x000002903c3bc000 JavaThread "C2 CompilerThread7" daemon [_thread_blocked, id=36636, stack(0x000000a360000000,0x000000a360100000)]
  0x000002903c3ba000 JavaThread "C2 CompilerThread6" daemon [_thread_blocked, id=36528, stack(0x000000a35ff00000,0x000000a360000000)]
  0x000002903bf36000 JavaThread "C2 CompilerThread5" daemon [_thread_blocked, id=21404, stack(0x000000a35fe00000,0x000000a35ff00000)]
  0x000002903bf35000 JavaThread "C2 CompilerThread4" daemon [_thread_blocked, id=36476, stack(0x000000a35fd00000,0x000000a35fe00000)]
  0x000002903b3e4000 JavaThread "C2 CompilerThread3" daemon [_thread_blocked, id=36436, stack(0x000000a35fc00000,0x000000a35fd00000)]
  0x000002903bf34000 JavaThread "C2 CompilerThread2" daemon [_thread_blocked, id=36468, stack(0x000000a35fb00000,0x000000a35fc00000)]
=>0x000002903b839800 JavaThread "C2 CompilerThread1" daemon [_thread_in_native, id=69600, stack(0x000000a35fa00000,0x000000a35fb00000)]
  0x000002903b86e000 JavaThread "C2 CompilerThread0" daemon [_thread_blocked, id=68200, stack(0x000000a35f900000,0x000000a35fa00000)]
  0x000002903b86d800 JavaThread "Attach Listener" daemon [_thread_blocked, id=20856, stack(0x000000a35f400000,0x000000a35f900000)]
  0x000002903912c800 JavaThread "Signal Dispatcher" daemon [_thread_blocked, id=40200, stack(0x000000a35ef00000,0x000000a35f400000)]
  0x000002903d5af000 JavaThread "Finalizer" daemon [_thread_blocked, id=72148, stack(0x000000a35ea00000,0x000000a35ef00000)]
  0x000002903d5ae800 JavaThread "Reference Handler" daemon [_thread_blocked, id=2588, stack(0x000000a35e500000,0x000000a35ea00000)]
  0x000002903a90a800 JavaThread "main" [_thread_blocked, id=50940, stack(0x000000a35a100000,0x000000a35a200000)]

Other Threads:
  0x000002903985e000 VMThread "VM Thread" [stack: 0x000000a35e400000,0x000000a35e500000] [id=46588]
  0x000002903d7ec000 WatcherThread [stack: 0x000000a361400000,0x000000a361500000] [id=37536]
  0x000002903b225800 GCTaskThread "GC Thread#0" [stack: 0x000000a35b900000,0x000000a35ba00000] [id=36896]
  0x0000029039ea9800 GCTaskThread "GC Thread#1" [stack: 0x000000a35ba00000,0x000000a35bb00000] [id=64376]
  0x0000029039eaa000 GCTaskThread "GC Thread#2" [stack: 0x000000a35bb00000,0x000000a35bc00000] [id=43044]
  0x000002903b185800 GCTaskThread "GC Thread#3" [stack: 0x000000a35bc00000,0x000000a35bd00000] [id=11252]
  0x000002903a476800 GCTaskThread "GC Thread#4" [stack: 0x000000a35bd00000,0x000000a35be00000] [id=28544]
  0x000002903a4b3800 GCTaskThread "GC Thread#5" [stack: 0x000000a35be00000,0x000000a35bf00000] [id=32664]
  0x000002903a4b4000 GCTaskThread "GC Thread#6" [stack: 0x000000a35bf00000,0x000000a35c000000] [id=62092]
  0x000002903b8af000 GCTaskThread "GC Thread#7" [stack: 0x000000a35c000000,0x000000a35c100000] [id=51816]
  0x000002903b8ac800 GCTaskThread "GC Thread#8" [stack: 0x000000a35c100000,0x000000a35c200000] [id=50660]
  0x000002903b8ad800 GCTaskThread "GC Thread#9" [stack: 0x000000a35c200000,0x000000a35c300000] [id=37456]
  0x000002903b8ae000 GCTaskThread "GC Thread#10" [stack: 0x000000a35c300000,0x000000a35c400000] [id=37604]
  0x000002903b8af800 GCTaskThread "GC Thread#11" [stack: 0x000000a35c400000,0x000000a35c500000] [id=40196]
  0x000002903b8b0000 GCTaskThread "GC Thread#12" [stack: 0x000000a35c500000,0x000000a35c600000] [id=40204]
  0x000002903b8ad000 GCTaskThread "GC Thread#13" [stack: 0x000000a35c600000,0x000000a35c700000] [id=39880]
  0x000002903b8b3000 GCTaskThread "GC Thread#14" [stack: 0x000000a35c700000,0x000000a35c800000] [id=40088]
  0x000002903b8b0800 GCTaskThread "GC Thread#15" [stack: 0x000000a35c800000,0x000000a35c900000] [id=42312]
  0x000002903b8b1800 GCTaskThread "GC Thread#16" [stack: 0x000000a35c900000,0x000000a35ca00000] [id=40160]
  0x000002903b8b2000 GCTaskThread "GC Thread#17" [stack: 0x000000a35ca00000,0x000000a35cb00000] [id=37432]
  0x000002903c193800 ConcurrentGCThread "G1 Main Marker" [stack: 0x000000a35de00000,0x000000a35df00000] [id=57860]
  0x000002903b8b2800 ConcurrentGCThread "G1 Marker#0" [stack: 0x000000a35df00000,0x000000a35e000000] [id=40176]
  0x000002903c45c000 ConcurrentGCThread "G1 Marker#1" [stack: 0x000000a35e000000,0x000000a35e100000] [id=31408]
  0x000002903c459800 ConcurrentGCThread "G1 Marker#2" [stack: 0x000000a35e100000,0x000000a35e200000] [id=18828]
  0x000002903c45c800 ConcurrentGCThread "G1 Marker#3" [stack: 0x000000a35e200000,0x000000a35e300000] [id=11216]
  0x000002903c45d000 ConcurrentGCThread "G1 Marker#4" [stack: 0x000000a35e300000,0x000000a35e400000] [id=66032]
  0x000002903bb61800 ConcurrentGCThread "G1 Refine#0" [stack: 0x000000a35dc00000,0x000000a35dd00000] [id=39308]
  0x000002903bb60000 ConcurrentGCThread "G1 Refine#1" [stack: 0x000000a35db00000,0x000000a35dc00000] [id=42304]
  0x000002903bb5d800 ConcurrentGCThread "G1 Refine#2" [stack: 0x000000a35da00000,0x000000a35db00000] [id=40220]
  0x000002903bb5f800 ConcurrentGCThread "G1 Refine#3" [stack: 0x000000a35d900000,0x000000a35da00000] [id=37452]
  0x000002903bb5c800 ConcurrentGCThread "G1 Refine#4" [stack: 0x000000a35d800000,0x000000a35d900000] [id=38928]
  0x000002903bb5b000 ConcurrentGCThread "G1 Refine#5" [stack: 0x000000a35d700000,0x000000a35d800000] [id=21356]
  0x000002903bb5b800 ConcurrentGCThread "G1 Refine#6" [stack: 0x000000a35d600000,0x000000a35d700000] [id=40168]
  0x000002903bb5e800 ConcurrentGCThread "G1 Refine#7" [stack: 0x000000a35d500000,0x000000a35d600000] [id=40068]
  0x000002903bb5d000 ConcurrentGCThread "G1 Refine#8" [stack: 0x000000a35d400000,0x000000a35d500000] [id=38344]
  0x000002903bb5a800 ConcurrentGCThread "G1 Refine#9" [stack: 0x000000a35d300000,0x000000a35d400000] [id=38712]
  0x0000029039249800 ConcurrentGCThread "G1 Refine#10" [stack: 0x000000a35d200000,0x000000a35d300000] [id=28136]
  0x0000029039130000 ConcurrentGCThread "G1 Refine#11" [stack: 0x000000a35d100000,0x000000a35d200000] [id=8460]
  0x000002903943c800 ConcurrentGCThread "G1 Refine#12" [stack: 0x000000a35d000000,0x000000a35d100000] [id=42308]
  0x000002903943b800 ConcurrentGCThread "G1 Refine#13" [stack: 0x000000a35cf00000,0x000000a35d000000] [id=71348]
  0x0000029039052800 ConcurrentGCThread "G1 Refine#14" [stack: 0x000000a35ce00000,0x000000a35cf00000] [id=72468]
  0x000002903c5d6000 ConcurrentGCThread "G1 Refine#15" [stack: 0x000000a35cd00000,0x000000a35ce00000] [id=65312]
  0x000002903c5d5800 ConcurrentGCThread "G1 Refine#16" [stack: 0x000000a35cc00000,0x000000a35cd00000] [id=55852]
  0x000002903b747000 ConcurrentGCThread "G1 Refine#17" [stack: 0x000000a35cb00000,0x000000a35cc00000] [id=59204]
  0x000002903bb63000 ConcurrentGCThread "G1 Young RemSet Sampling" [stack: 0x000000a35dd00000,0x000000a35de00000] [id=40172]

Threads with active compile tasks:
C2 CompilerThread114618       4       java.lang.String::split (327 bytes)

VM state:not at safepoint (normal execution)

VM Mutex/Monitor currently owned by a thread: None

Heap address: 0x0000000700000000, size: 3072 MB, Compressed Oops mode: Zero based, Oop shift amount: 3
Narrow klass base: 0x0000000000000000, Narrow klass shift: 3
Compressed class space size: 1073741824 Address: 0x00000007c0000000

Heap:
 garbage-first heap   total 179200K, used 112419K [0x0000000700000000, 0x0000000700100578, 0x00000007c0000000)
  region size 1024K, 37 young (37888K), 2 survivors (2048K)
 Metaspace       used 68295K, capacity 72634K, committed 72880K, reserved 1112064K
  class space    used 9365K, capacity 10155K, committed 10160K, reserved 1048576K
Heap Regions: E=young(eden), S=young(survivor), O=old, HS=humongous(starts), HC=humongous(continues), CS=collection set, F=free, A=archive, TS=gc time stamp, AC=allocation context, TAMS=top-at-mark-start (previous, next)
|   0|0x0000000700000000, 0x00000007000ffff0, 0x0000000700100000| 99%| O|  |TS  0|AC  0|TAMS 0x00000007000ffff0, 0x00000007000ffff0|
|   1|0x0000000700100000, 0x0000000700200000, 0x0000000700200000|100%|HS|  |TS  0|AC  0|TAMS 0x0000000700200000, 0x0000000700200000|
|   2|0x0000000700200000, 0x0000000700300000, 0x0000000700300000|100%|HC|  |TS  0|AC  0|TAMS 0x0000000700300000, 0x0000000700300000|
|   3|0x0000000700300000, 0x0000000700400000, 0x0000000700400000|100%|HS|  |TS  0|AC  0|TAMS 0x0000000700400000, 0x0000000700400000|
|   4|0x0000000700400000, 0x00000007004ffff0, 0x0000000700500000| 99%| O|  |TS  0|AC  0|TAMS 0x00000007004ffff0, 0x00000007004ffff0|
|   5|0x0000000700500000, 0x00000007005ffff8, 0x0000000700600000| 99%| O|  |TS  0|AC  0|TAMS 0x00000007005ffff8, 0x00000007005ffff8|
|   6|0x0000000700600000, 0x00000007006fffc8, 0x0000000700700000| 99%| O|  |TS  0|AC  0|TAMS 0x00000007006fffc8, 0x00000007006fffc8|
|   7|0x0000000700700000, 0x00000007007ffff0, 0x0000000700800000| 99%| O|  |TS  0|AC  0|TAMS 0x00000007007ffff0, 0x00000007007ffff0|
|   8|0x0000000700800000, 0x00000007008ffff8, 0x0000000700900000| 99%| O|  |TS  0|AC  0|TAMS 0x00000007008ffff8, 0x00000007008ffff8|
|   9|0x0000000700900000, 0x0000000700a00000, 0x0000000700a00000|100%| O|  |TS  0|AC  0|TAMS 0x0000000700a00000, 0x0000000700a00000|
|  10|0x0000000700a00000, 0x0000000700af8218, 0x0000000700b00000| 96%| O|  |TS  0|AC  0|TAMS 0x0000000700af8218, 0x0000000700af8218|
|  11|0x0000000700b00000, 0x0000000700c00000, 0x0000000700c00000|100%|HS|  |TS  0|AC  0|TAMS 0x0000000700c00000, 0x0000000700c00000|
|  12|0x0000000700c00000, 0x0000000700d00000, 0x0000000700d00000|100%|HC|  |TS  0|AC  0|TAMS 0x0000000700d00000, 0x0000000700d00000|
|  13|0x0000000700d00000, 0x0000000700dfffa0, 0x0000000700e00000| 99%| O|  |TS  0|AC  0|TAMS 0x0000000700dfffa0, 0x0000000700dfffa0|
|  14|0x0000000700e00000, 0x0000000700ee4568, 0x0000000700f00000| 89%| O|  |TS  0|AC  0|TAMS 0x0000000700ee4568, 0x0000000700ee4568|
|  15|0x0000000700f00000, 0x0000000700fff960, 0x0000000701000000| 99%| O|  |TS  0|AC  0|TAMS 0x0000000700fff960, 0x0000000700fff960|
|  16|0x0000000701000000, 0x00000007010f2448, 0x0000000701100000| 94%| O|  |TS  0|AC  0|TAMS 0x00000007010f2448, 0x00000007010f2448|
|  17|0x0000000701100000, 0x00000007011fecc8, 0x0000000701200000| 99%| O|  |TS  0|AC  0|TAMS 0x00000007011fecc8, 0x00000007011fecc8|
|  18|0x0000000701200000, 0x00000007012ffff8, 0x0000000701300000| 99%| O|  |TS  0|AC  0|TAMS 0x00000007012ffff8, 0x00000007012ffff8|
|  19|0x0000000701300000, 0x00000007013fffd8, 0x0000000701400000| 99%| O|  |TS  0|AC  0|TAMS 0x00000007013fffd8, 0x00000007013fffd8|
|  20|0x0000000701400000, 0x0000000701500000, 0x0000000701500000|100%|HS|  |TS  0|AC  0|TAMS 0x0000000701500000, 0x0000000701500000|
|  21|0x0000000701500000, 0x0000000701600000, 0x0000000701600000|100%|HS|  |TS  0|AC  0|TAMS 0x0000000701600000, 0x0000000701600000|
|  22|0x0000000701600000, 0x0000000701700000, 0x0000000701700000|100%| O|  |TS  0|AC  0|TAMS 0x0000000701700000, 0x0000000701700000|
|  23|0x0000000701700000, 0x00000007017ffd00, 0x0000000701800000| 99%| O|  |TS  0|AC  0|TAMS 0x00000007017ffd00, 0x00000007017ffd00|
|  24|0x0000000701800000, 0x0000000701900000, 0x0000000701900000|100%| O|  |TS  0|AC  0|TAMS 0x0000000701900000, 0x0000000701900000|
|  25|0x0000000701900000, 0x00000007019fffc0, 0x0000000701a00000| 99%| O|  |TS  0|AC  0|TAMS 0x00000007019fffc0, 0x00000007019fffc0|
|  26|0x0000000701a00000, 0x0000000701afffd8, 0x0000000701b00000| 99%| O|  |TS  0|AC  0|TAMS 0x0000000701afffd8, 0x0000000701afffd8|
|  27|0x0000000701b00000, 0x0000000701bfffe8, 0x0000000701c00000| 99%| O|  |TS  0|AC  0|TAMS 0x0000000701bfffe8, 0x0000000701bfffe8|
|  28|0x0000000701c00000, 0x0000000701cffe58, 0x0000000701d00000| 99%| O|  |TS  0|AC  0|TAMS 0x0000000701cffe58, 0x0000000701cffe58|
|  29|0x0000000701d00000, 0x0000000701dffff8, 0x0000000701e00000| 99%| O|  |TS  0|AC  0|TAMS 0x0000000701dffff8, 0x0000000701dffff8|
|  30|0x0000000701e00000, 0x0000000701f00000, 0x0000000701f00000|100%|HS|  |TS  0|AC  0|TAMS 0x0000000701f00000, 0x0000000701f00000|
|  31|0x0000000701f00000, 0x0000000702000000, 0x0000000702000000|100%| O|  |TS  0|AC  0|TAMS 0x0000000702000000, 0x0000000702000000|
|  32|0x0000000702000000, 0x0000000702100000, 0x0000000702100000|100%| O|  |TS  0|AC  0|TAMS 0x0000000702100000, 0x0000000702100000|
|  33|0x0000000702100000, 0x00000007021f9048, 0x0000000702200000| 97%| O|  |TS  0|AC  0|TAMS 0x00000007021f9048, 0x00000007021f9048|
|  34|0x0000000702200000, 0x00000007022ffef0, 0x0000000702300000| 99%| O|  |TS  0|AC  0|TAMS 0x00000007022ffef0, 0x00000007022ffef0|
|  35|0x0000000702300000, 0x00000007023fffe8, 0x0000000702400000| 99%| O|  |TS  0|AC  0|TAMS 0x00000007023fffe8, 0x00000007023fffe8|
|  36|0x0000000702400000, 0x00000007024fffd0, 0x0000000702500000| 99%| O|  |TS  0|AC  0|TAMS 0x00000007024fffd0, 0x00000007024fffd0|
|  37|0x0000000702500000, 0x00000007025ffff8, 0x0000000702600000| 99%| O|  |TS  0|AC  0|TAMS 0x00000007025ffff8, 0x00000007025ffff8|
|  38|0x0000000702600000, 0x00000007026ffd00, 0x0000000702700000| 99%| O|  |TS  0|AC  0|TAMS 0x00000007026ffd00, 0x00000007026ffd00|
|  39|0x0000000702700000, 0x00000007027ba3a0, 0x0000000702800000| 72%| O|  |TS  0|AC  0|TAMS 0x00000007027ba3a0, 0x00000007027ba3a0|
|  40|0x0000000702800000, 0x00000007028fffe8, 0x0000000702900000| 99%| O|  |TS  0|AC  0|TAMS 0x00000007028fffe8, 0x00000007028fffe8|
|  41|0x0000000702900000, 0x0000000702a00000, 0x0000000702a00000|100%|HS|  |TS  0|AC  0|TAMS 0x0000000702a00000, 0x0000000702a00000|
|  42|0x0000000702a00000, 0x0000000702b00000, 0x0000000702b00000|100%|HC|  |TS  0|AC  0|TAMS 0x0000000702b00000, 0x0000000702b00000|
|  43|0x0000000702b00000, 0x0000000702c00000, 0x0000000702c00000|100%|HC|  |TS  0|AC  0|TAMS 0x0000000702c00000, 0x0000000702c00000|
|  44|0x0000000702c00000, 0x0000000702d00000, 0x0000000702d00000|100%|HC|  |TS  0|AC  0|TAMS 0x0000000702d00000, 0x0000000702d00000|
|  45|0x0000000702d00000, 0x0000000702e00000, 0x0000000702e00000|100%|HC|  |TS  0|AC  0|TAMS 0x0000000702e00000, 0x0000000702e00000|
|  46|0x0000000702e00000, 0x0000000702f00000, 0x0000000702f00000|100%|HC|  |TS  0|AC  0|TAMS 0x0000000702f00000, 0x0000000702f00000|
|  47|0x0000000702f00000, 0x0000000703000000, 0x0000000703000000|100%|HC|  |TS  0|AC  0|TAMS 0x0000000703000000, 0x0000000703000000|
|  48|0x0000000703000000, 0x0000000703100000, 0x0000000703100000|100%|HC|  |TS  0|AC  0|TAMS 0x0000000703100000, 0x0000000703100000|
|  49|0x0000000703100000, 0x0000000703200000, 0x0000000703200000|100%|HC|  |TS  0|AC  0|TAMS 0x0000000703200000, 0x0000000703200000|
|  50|0x0000000703200000, 0x0000000703300000, 0x0000000703300000|100%|HC|  |TS  0|AC  0|TAMS 0x0000000703300000, 0x0000000703300000|
|  51|0x0000000703300000, 0x0000000703400000, 0x0000000703400000|100%|HC|  |TS  0|AC  0|TAMS 0x0000000703400000, 0x0000000703400000|
|  52|0x0000000703400000, 0x0000000703500000, 0x0000000703500000|100%|HC|  |TS  0|AC  0|TAMS 0x0000000703500000, 0x0000000703500000|
|  53|0x0000000703500000, 0x0000000703600000, 0x0000000703600000|100%|HC|  |TS  0|AC  0|TAMS 0x0000000703600000, 0x0000000703600000|
|  54|0x0000000703600000, 0x0000000703700000, 0x0000000703700000|100%|HC|  |TS  0|AC  0|TAMS 0x0000000703700000, 0x0000000703700000|
|  55|0x0000000703700000, 0x0000000703800000, 0x0000000703800000|100%|HC|  |TS  0|AC  0|TAMS 0x0000000703800000, 0x0000000703800000|
|  56|0x0000000703800000, 0x00000007038fcf60, 0x0000000703900000| 98%| O|  |TS  0|AC  0|TAMS 0x00000007038fcf60, 0x00000007038fcf60|
|  57|0x0000000703900000, 0x00000007039ffff8, 0x0000000703a00000| 99%| O|  |TS  0|AC  0|TAMS 0x00000007039ffff8, 0x00000007039ffff8|
|  58|0x0000000703a00000, 0x0000000703affff0, 0x0000000703b00000| 99%| O|  |TS  0|AC  0|TAMS 0x0000000703affff0, 0x0000000703affff0|
|  59|0x0000000703b00000, 0x0000000703bffbc0, 0x0000000703c00000| 99%| O|  |TS  0|AC  0|TAMS 0x0000000703bffbc0, 0x0000000703bffbc0|
|  60|0x0000000703c00000, 0x0000000703cffff8, 0x0000000703d00000| 99%| O|  |TS  0|AC  0|TAMS 0x0000000703cffff8, 0x0000000703cffff8|
|  61|0x0000000703d00000, 0x0000000703e00000, 0x0000000703e00000|100%|HS|  |TS  0|AC  0|TAMS 0x0000000703e00000, 0x0000000703e00000|
|  62|0x0000000703e00000, 0x0000000703efffe0, 0x0000000703f00000| 99%| O|  |TS  0|AC  0|TAMS 0x0000000703efffe0, 0x0000000703efffe0|
|  63|0x0000000703f00000, 0x0000000704000000, 0x0000000704000000|100%| O|  |TS  0|AC  0|TAMS 0x0000000704000000, 0x0000000704000000|
|  64|0x0000000704000000, 0x00000007040ffff0, 0x0000000704100000| 99%| O|  |TS  0|AC  0|TAMS 0x00000007040ffff0, 0x00000007040ffff0|
|  65|0x0000000704100000, 0x00000007041ff290, 0x0000000704200000| 99%| O|  |TS  0|AC  0|TAMS 0x00000007041ff290, 0x00000007041ff290|
|  66|0x0000000704200000, 0x00000007042fffd8, 0x0000000704300000| 99%| O|  |TS  0|AC  0|TAMS 0x00000007042fffd8, 0x00000007042fffd8|
|  67|0x0000000704300000, 0x00000007043e2210, 0x0000000704400000| 88%| O|  |TS  0|AC  0|TAMS 0x00000007043e2210, 0x00000007043e2210|
|  68|0x0000000704400000, 0x0000000704500000, 0x0000000704500000|100%| O|  |TS  1|AC  0|TAMS 0x0000000704400000, 0x0000000704400000|
|  69|0x0000000704500000, 0x0000000704600000, 0x0000000704600000|100%| O|  |TS  1|AC  0|TAMS 0x0000000704500000, 0x0000000704500000|
|  70|0x0000000704600000, 0x0000000704700000, 0x0000000704700000|100%| O|  |TS  1|AC  0|TAMS 0x0000000704600000, 0x0000000704600000|
|  71|0x0000000704700000, 0x0000000704777800, 0x0000000704800000| 46%| O|  |TS 21|AC  0|TAMS 0x0000000704700000, 0x0000000704700000|
|  72|0x0000000704800000, 0x0000000704800000, 0x0000000704900000|  0%| F|  |TS  0|AC  0|TAMS 0x0000000704800000, 0x0000000704800000|
|  73|0x0000000704900000, 0x0000000704900000, 0x0000000704a00000|  0%| F|  |TS  0|AC  0|TAMS 0x0000000704900000, 0x0000000704900000|
|  74|0x0000000704a00000, 0x0000000704a00000, 0x0000000704b00000|  0%| F|  |TS  0|AC  0|TAMS 0x0000000704a00000, 0x0000000704a00000|
|  75|0x0000000704b00000, 0x0000000704b00000, 0x0000000704c00000|  0%| F|  |TS  0|AC  0|TAMS 0x0000000704b00000, 0x0000000704b00000|
|  76|0x0000000704c00000, 0x0000000704c00000, 0x0000000704d00000|  0%| F|  |TS  0|AC  0|TAMS 0x0000000704c00000, 0x0000000704c00000|
|  77|0x0000000704d00000, 0x0000000704d00000, 0x0000000704e00000|  0%| F|  |TS  1|AC  0|TAMS 0x0000000704d00000, 0x0000000704d00000|
|  78|0x0000000704e00000, 0x0000000704e00000, 0x0000000704f00000|  0%| F|  |TS  1|AC  0|TAMS 0x0000000704e00000, 0x0000000704e00000|
|  79|0x0000000704f00000, 0x0000000704f00000, 0x0000000705000000|  0%| F|  |TS  1|AC  0|TAMS 0x0000000704f00000, 0x0000000704f00000|
|  80|0x0000000705000000, 0x0000000705000000, 0x0000000705100000|  0%| F|  |TS  1|AC  0|TAMS 0x0000000705000000, 0x0000000705000000|
|  81|0x0000000705100000, 0x0000000705100000, 0x0000000705200000|  0%| F|  |TS  1|AC  0|TAMS 0x0000000705100000, 0x0000000705100000|
|  82|0x0000000705200000, 0x0000000705200000, 0x0000000705300000|  0%| F|  |TS  0|AC  0|TAMS 0x0000000705200000, 0x0000000705200000|
|  83|0x0000000705300000, 0x0000000705400000, 0x0000000705400000|100%|HS|  |TS  0|AC  0|TAMS 0x0000000705400000, 0x0000000705400000|
|  84|0x0000000705400000, 0x0000000705500000, 0x0000000705500000|100%|HC|  |TS  0|AC  0|TAMS 0x0000000705500000, 0x0000000705500000|
|  85|0x0000000705500000, 0x0000000705600000, 0x0000000705600000|100%|HC|  |TS  0|AC  0|TAMS 0x0000000705600000, 0x0000000705600000|
|  86|0x0000000705600000, 0x0000000705600000, 0x0000000705700000|  0%| F|  |TS  0|AC  0|TAMS 0x0000000705600000, 0x0000000705600000|
|  87|0x0000000705700000, 0x0000000705700000, 0x0000000705800000|  0%| F|  |TS  0|AC  0|TAMS 0x0000000705700000, 0x0000000705700000|
|  88|0x0000000705800000, 0x0000000705800000, 0x0000000705900000|  0%| F|  |TS  0|AC  0|TAMS 0x0000000705800000, 0x0000000705800000|
|  89|0x0000000705900000, 0x0000000705900000, 0x0000000705a00000|  0%| F|  |TS  0|AC  0|TAMS 0x0000000705900000, 0x0000000705900000|
|  90|0x0000000705a00000, 0x0000000705a00000, 0x0000000705b00000|  0%| F|  |TS  0|AC  0|TAMS 0x0000000705a00000, 0x0000000705a00000|
|  91|0x0000000705b00000, 0x0000000705b00000, 0x0000000705c00000|  0%| F|  |TS  0|AC  0|TAMS 0x0000000705b00000, 0x0000000705b00000|
|  92|0x0000000705c00000, 0x0000000705c00000, 0x0000000705d00000|  0%| F|  |TS  0|AC  0|TAMS 0x0000000705c00000, 0x0000000705c00000|
|  93|0x0000000705d00000, 0x0000000705d00000, 0x0000000705e00000|  0%| F|  |TS  0|AC  0|TAMS 0x0000000705d00000, 0x0000000705d00000|
|  94|0x0000000705e00000, 0x0000000705e00000, 0x0000000705f00000|  0%| F|  |TS  0|AC  0|TAMS 0x0000000705e00000, 0x0000000705e00000|
|  95|0x0000000705f00000, 0x0000000705f00000, 0x0000000706000000|  0%| F|  |TS  0|AC  0|TAMS 0x0000000705f00000, 0x0000000705f00000|
|  96|0x0000000706000000, 0x0000000706000000, 0x0000000706100000|  0%| F|  |TS  0|AC  0|TAMS 0x0000000706000000, 0x0000000706000000|
|  97|0x0000000706100000, 0x0000000706100000, 0x0000000706200000|  0%| F|  |TS  0|AC  0|TAMS 0x0000000706100000, 0x0000000706100000|
|  98|0x0000000706200000, 0x0000000706200000, 0x0000000706300000|  0%| F|  |TS  0|AC  0|TAMS 0x0000000706200000, 0x0000000706200000|
|  99|0x0000000706300000, 0x0000000706300000, 0x0000000706400000|  0%| F|  |TS  0|AC  0|TAMS 0x0000000706300000, 0x0000000706300000|
| 100|0x0000000706400000, 0x0000000706400000, 0x0000000706500000|  0%| F|  |TS  0|AC  0|TAMS 0x0000000706400000, 0x0000000706400000|
| 101|0x0000000706500000, 0x0000000706500000, 0x0000000706600000|  0%| F|  |TS  0|AC  0|TAMS 0x0000000706500000, 0x0000000706500000|
| 102|0x0000000706600000, 0x0000000706600000, 0x0000000706700000|  0%| F|  |TS  0|AC  0|TAMS 0x0000000706600000, 0x0000000706600000|
| 103|0x0000000706700000, 0x0000000706700000, 0x0000000706800000|  0%| F|  |TS  0|AC  0|TAMS 0x0000000706700000, 0x0000000706700000|
| 104|0x0000000706800000, 0x0000000706800000, 0x0000000706900000|  0%| F|  |TS  0|AC  0|TAMS 0x0000000706800000, 0x0000000706800000|
| 105|0x0000000706900000, 0x0000000706900000, 0x0000000706a00000|  0%| F|  |TS  0|AC  0|TAMS 0x0000000706900000, 0x0000000706900000|
| 106|0x0000000706a00000, 0x0000000706a00000, 0x0000000706b00000|  0%| F|  |TS  0|AC  0|TAMS 0x0000000706a00000, 0x0000000706a00000|
| 107|0x0000000706b00000, 0x0000000706b00000, 0x0000000706c00000|  0%| F|  |TS  0|AC  0|TAMS 0x0000000706b00000, 0x0000000706b00000|
| 108|0x0000000706c00000, 0x0000000706c00000, 0x0000000706d00000|  0%| F|  |TS  0|AC  0|TAMS 0x0000000706c00000, 0x0000000706c00000|
| 109|0x0000000706d00000, 0x0000000706d00000, 0x0000000706e00000|  0%| F|  |TS  0|AC  0|TAMS 0x0000000706d00000, 0x0000000706d00000|
| 110|0x0000000706e00000, 0x0000000706e00000, 0x0000000706f00000|  0%| F|  |TS  0|AC  0|TAMS 0x0000000706e00000, 0x0000000706e00000|
| 111|0x0000000706f00000, 0x0000000706f00000, 0x0000000707000000|  0%| F|  |TS  0|AC  0|TAMS 0x0000000706f00000, 0x0000000706f00000|
| 112|0x0000000707000000, 0x0000000707000000, 0x0000000707100000|  0%| F|  |TS 21|AC  0|TAMS 0x0000000707000000, 0x0000000707000000|
| 113|0x0000000707100000, 0x0000000707100000, 0x0000000707200000|  0%| F|  |TS 19|AC  0|TAMS 0x0000000707100000, 0x0000000707100000|
| 114|0x0000000707200000, 0x0000000707200000, 0x0000000707300000|  0%| F|  |TS 21|AC  0|TAMS 0x0000000707200000, 0x0000000707200000|
| 115|0x0000000707300000, 0x00000007073f3b00, 0x0000000707400000| 95%| S|CS|TS 21|AC  0|TAMS 0x0000000707300000, 0x0000000707300000|
| 116|0x0000000707400000, 0x0000000707400000, 0x0000000707500000|  0%| F|  |TS 21|AC  0|TAMS 0x0000000707400000, 0x0000000707400000|
| 117|0x0000000707500000, 0x0000000707600000, 0x0000000707600000|100%| S|CS|TS 21|AC  0|TAMS 0x0000000707500000, 0x0000000707500000|
| 118|0x0000000707600000, 0x0000000707600000, 0x0000000707700000|  0%| F|  |TS 21|AC  0|TAMS 0x0000000707600000, 0x0000000707600000|
| 119|0x0000000707700000, 0x0000000707700000, 0x0000000707800000|  0%| F|  |TS 21|AC  0|TAMS 0x0000000707700000, 0x0000000707700000|
| 120|0x0000000707800000, 0x0000000707800000, 0x0000000707900000|  0%| F|  |TS 21|AC  0|TAMS 0x0000000707800000, 0x0000000707800000|
| 121|0x0000000707900000, 0x0000000707900000, 0x0000000707a00000|  0%| F|  |TS 21|AC  0|TAMS 0x0000000707900000, 0x0000000707900000|
| 122|0x0000000707a00000, 0x0000000707a00000, 0x0000000707b00000|  0%| F|  |TS 21|AC  0|TAMS 0x0000000707a00000, 0x0000000707a00000|
| 123|0x0000000707b00000, 0x0000000707b00000, 0x0000000707c00000|  0%| F|  |TS 21|AC  0|TAMS 0x0000000707b00000, 0x0000000707b00000|
| 124|0x0000000707c00000, 0x0000000707c00000, 0x0000000707d00000|  0%| F|  |TS 21|AC  0|TAMS 0x0000000707c00000, 0x0000000707c00000|
| 125|0x0000000707d00000, 0x0000000707d00000, 0x0000000707e00000|  0%| F|  |TS 21|AC  0|TAMS 0x0000000707d00000, 0x0000000707d00000|
| 126|0x0000000707e00000, 0x0000000707e00000, 0x0000000707f00000|  0%| F|  |TS 21|AC  0|TAMS 0x0000000707e00000, 0x0000000707e00000|
| 127|0x0000000707f00000, 0x0000000707f00000, 0x0000000708000000|  0%| F|  |TS 21|AC  0|TAMS 0x0000000707f00000, 0x0000000707f00000|
| 128|0x0000000708000000, 0x0000000708000000, 0x0000000708100000|  0%| F|  |TS 21|AC  0|TAMS 0x0000000708000000, 0x0000000708000000|
| 129|0x0000000708100000, 0x0000000708100000, 0x0000000708200000|  0%| F|  |TS 21|AC  0|TAMS 0x0000000708100000, 0x0000000708100000|
| 130|0x0000000708200000, 0x0000000708200000, 0x0000000708300000|  0%| F|  |TS 21|AC  0|TAMS 0x0000000708200000, 0x0000000708200000|
| 131|0x0000000708300000, 0x0000000708300000, 0x0000000708400000|  0%| F|  |TS 21|AC  0|TAMS 0x0000000708300000, 0x0000000708300000|
| 132|0x0000000708400000, 0x0000000708400000, 0x0000000708500000|  0%| F|  |TS 21|AC  0|TAMS 0x0000000708400000, 0x0000000708400000|
| 133|0x0000000708500000, 0x0000000708500000, 0x0000000708600000|  0%| F|  |TS 21|AC  0|TAMS 0x0000000708500000, 0x0000000708500000|
| 134|0x0000000708600000, 0x0000000708600000, 0x0000000708700000|  0%| F|  |TS 21|AC  0|TAMS 0x0000000708600000, 0x0000000708600000|
| 135|0x0000000708700000, 0x0000000708700000, 0x0000000708800000|  0%| F|  |TS 21|AC  0|TAMS 0x0000000708700000, 0x0000000708700000|
| 136|0x0000000708800000, 0x0000000708800000, 0x0000000708900000|  0%| F|  |TS 21|AC  0|TAMS 0x0000000708800000, 0x0000000708800000|
| 137|0x0000000708900000, 0x0000000708900000, 0x0000000708a00000|  0%| F|  |TS 21|AC  0|TAMS 0x0000000708900000, 0x0000000708900000|
| 138|0x0000000708a00000, 0x0000000708a00000, 0x0000000708b00000|  0%| F|  |TS 21|AC  0|TAMS 0x0000000708a00000, 0x0000000708a00000|
| 139|0x0000000708b00000, 0x0000000708b00000, 0x0000000708c00000|  0%| F|  |TS 21|AC  0|TAMS 0x0000000708b00000, 0x0000000708b00000|
| 140|0x0000000708c00000, 0x0000000708cc4008, 0x0000000708d00000| 76%| E|  |TS 21|AC  0|TAMS 0x0000000708c00000, 0x0000000708c00000|
| 141|0x0000000708d00000, 0x0000000708e00000, 0x0000000708e00000|100%| E|CS|TS 21|AC  0|TAMS 0x0000000708d00000, 0x0000000708d00000|
| 142|0x0000000708e00000, 0x0000000708f00000, 0x0000000708f00000|100%| E|CS|TS 21|AC  0|TAMS 0x0000000708e00000, 0x0000000708e00000|
| 143|0x0000000708f00000, 0x0000000709000000, 0x0000000709000000|100%| E|CS|TS 21|AC  0|TAMS 0x0000000708f00000, 0x0000000708f00000|
| 144|0x0000000709000000, 0x0000000709100000, 0x0000000709100000|100%| E|CS|TS 21|AC  0|TAMS 0x0000000709000000, 0x0000000709000000|
| 145|0x0000000709100000, 0x0000000709200000, 0x0000000709200000|100%| E|CS|TS 21|AC  0|TAMS 0x0000000709100000, 0x0000000709100000|
| 146|0x0000000709200000, 0x0000000709300000, 0x0000000709300000|100%| E|CS|TS 21|AC  0|TAMS 0x0000000709200000, 0x0000000709200000|
| 147|0x0000000709300000, 0x0000000709400000, 0x0000000709400000|100%| E|CS|TS 21|AC  0|TAMS 0x0000000709300000, 0x0000000709300000|
| 148|0x0000000709400000, 0x0000000709500000, 0x0000000709500000|100%| E|CS|TS 21|AC  0|TAMS 0x0000000709400000, 0x0000000709400000|
| 149|0x0000000709500000, 0x0000000709600000, 0x0000000709600000|100%| E|CS|TS 21|AC  0|TAMS 0x0000000709500000, 0x0000000709500000|
| 150|0x0000000709600000, 0x0000000709700000, 0x0000000709700000|100%| E|CS|TS 21|AC  0|TAMS 0x0000000709600000, 0x0000000709600000|
| 151|0x0000000709700000, 0x0000000709800000, 0x0000000709800000|100%| E|CS|TS 21|AC  0|TAMS 0x0000000709700000, 0x0000000709700000|
| 152|0x0000000709800000, 0x0000000709900000, 0x0000000709900000|100%| E|CS|TS 21|AC  0|TAMS 0x0000000709800000, 0x0000000709800000|
| 153|0x0000000709900000, 0x0000000709a00000, 0x0000000709a00000|100%| E|CS|TS 21|AC  0|TAMS 0x0000000709900000, 0x0000000709900000|
| 154|0x0000000709a00000, 0x0000000709b00000, 0x0000000709b00000|100%| E|CS|TS 21|AC  0|TAMS 0x0000000709a00000, 0x0000000709a00000|
| 155|0x0000000709b00000, 0x0000000709c00000, 0x0000000709c00000|100%| E|CS|TS 21|AC  0|TAMS 0x0000000709b00000, 0x0000000709b00000|
| 156|0x0000000709c00000, 0x0000000709d00000, 0x0000000709d00000|100%| E|CS|TS 21|AC  0|TAMS 0x0000000709c00000, 0x0000000709c00000|
| 157|0x0000000709d00000, 0x0000000709e00000, 0x0000000709e00000|100%| E|CS|TS 21|AC  0|TAMS 0x0000000709d00000, 0x0000000709d00000|
| 158|0x0000000709e00000, 0x0000000709f00000, 0x0000000709f00000|100%| E|CS|TS 21|AC  0|TAMS 0x0000000709e00000, 0x0000000709e00000|
| 159|0x0000000709f00000, 0x000000070a000000, 0x000000070a000000|100%| E|CS|TS 21|AC  0|TAMS 0x0000000709f00000, 0x0000000709f00000|
| 160|0x000000070a000000, 0x000000070a100000, 0x000000070a100000|100%| E|CS|TS 21|AC  0|TAMS 0x000000070a000000, 0x000000070a000000|
| 161|0x000000070a100000, 0x000000070a200000, 0x000000070a200000|100%| E|CS|TS 21|AC  0|TAMS 0x000000070a100000, 0x000000070a100000|
| 162|0x000000070a200000, 0x000000070a300000, 0x000000070a300000|100%| E|CS|TS 21|AC  0|TAMS 0x000000070a200000, 0x000000070a200000|
| 163|0x000000070a300000, 0x000000070a400000, 0x000000070a400000|100%| E|CS|TS 21|AC  0|TAMS 0x000000070a300000, 0x000000070a300000|
| 164|0x000000070a400000, 0x000000070a500000, 0x000000070a500000|100%| E|CS|TS 21|AC  0|TAMS 0x000000070a400000, 0x000000070a400000|
| 165|0x000000070a500000, 0x000000070a600000, 0x000000070a600000|100%| E|CS|TS 21|AC  0|TAMS 0x000000070a500000, 0x000000070a500000|
| 166|0x000000070a600000, 0x000000070a700000, 0x000000070a700000|100%| E|CS|TS 21|AC  0|TAMS 0x000000070a600000, 0x000000070a600000|
| 167|0x000000070a700000, 0x000000070a800000, 0x000000070a800000|100%| E|CS|TS 21|AC  0|TAMS 0x000000070a700000, 0x000000070a700000|
| 168|0x000000070a800000, 0x000000070a900000, 0x000000070a900000|100%| E|CS|TS 21|AC  0|TAMS 0x000000070a800000, 0x000000070a800000|
| 169|0x000000070a900000, 0x000000070aa00000, 0x000000070aa00000|100%| E|CS|TS 21|AC  0|TAMS 0x000000070a900000, 0x000000070a900000|
| 170|0x000000070aa00000, 0x000000070ab00000, 0x000000070ab00000|100%| E|CS|TS 21|AC  0|TAMS 0x000000070aa00000, 0x000000070aa00000|
| 171|0x000000070ab00000, 0x000000070ac00000, 0x000000070ac00000|100%| E|CS|TS 21|AC  0|TAMS 0x000000070ab00000, 0x000000070ab00000|
| 172|0x000000070ac00000, 0x000000070ad00000, 0x000000070ad00000|100%| E|CS|TS 21|AC  0|TAMS 0x000000070ac00000, 0x000000070ac00000|
| 173|0x000000070ad00000, 0x000000070ae00000, 0x000000070ae00000|100%| E|CS|TS 21|AC  0|TAMS 0x000000070ad00000, 0x000000070ad00000|
| 174|0x000000070ae00000, 0x000000070af00000, 0x000000070af00000|100%| E|CS|TS 21|AC  0|TAMS 0x000000070ae00000, 0x000000070ae00000|

Card table byte_map: [0x00000290557b0000,0x0000029055db0000] byte_map_base: 0x0000029051fb0000

Marking Bits (Prev, Next): (CMBitMap*) 0x000002903b225ea0, (CMBitMap*) 0x000002903b225ed8
 Prev Bits: [0x00000290563b0000, 0x00000290593b0000)
 Next Bits: [0x00000290593b0000, 0x000002905c3b0000)

Polling page: 0x00000290331b0000

CodeHeap 'non-profiled nmethods': size=119168Kb used=12285Kb max_used=12285Kb free=106882Kb
 bounds [0x000002904cec0000, 0x000002904dac0000, 0x0000029054320000]
CodeHeap 'profiled nmethods': size=119168Kb used=32061Kb max_used=32061Kb free=87106Kb
 bounds [0x0000029045a60000, 0x00000290479e0000, 0x000002904cec0000]
CodeHeap 'non-nmethods': size=7424Kb used=3390Kb max_used=3418Kb free=4033Kb
 bounds [0x0000029045320000, 0x0000029045680000, 0x0000029045a60000]
 total_blobs=20819 nmethods=12415 adapters=996
 compilation: enabled

Compilation events (10 events):
Event: 369.428 Thread 0x000002903c3c0800 14614       3       com.jidesoft.swing.DefaultOverlayable::setBounds (110 bytes)
Event: 369.429 Thread 0x000002903c3c0800 nmethod 14614 0x00000290479d1390 code [0x00000290479d15c0, 0x00000290479d2070]
Event: 371.124 Thread 0x000002903c3c3000 14615       3       ui.utils.p.a.a::eXn (22 bytes)
Event: 371.125 Thread 0x000002903c3c3000 nmethod 14615 0x00000290479d2390 code [0x00000290479d2660, 0x00000290479d3640]
Event: 371.682 Thread 0x000002903c3ba000 14616       4       javax.swing.JFrame::getGraphics (9 bytes)
Event: 371.699 Thread 0x000002903c3ba000 nmethod 14616 0x000002904dab7990 code [0x000002904dab7cc0, 0x000002904dab99c8]
Event: 372.984 Thread 0x000002903b3e4000 14617       4       java.awt.Component::getGraphics (124 bytes)
Event: 372.998 Thread 0x000002903b3e4000 nmethod 14617 0x000002904dabaa10 code [0x000002904dabad20, 0x000002904dabc748]
Event: 373.758 Thread 0x000002903b839800 14618       4       java.lang.String::split (327 bytes)
Event: 374.786 Thread 0x000002903c3bc000 14619       4       de.javasoft.plaf.synthetica.painter.LabelPainter::getInstance (36 bytes)

GC Heap History (10 events):
Event: 153.719 GC heap before
{Heap before GC invocations=54 (full 1):
 garbage-first heap   total 179200K, used 136792K [0x0000000700000000, 0x0000000700100578, 0x00000007c0000000)
  region size 1024K, 60 young (61440K), 1 survivors (1024K)
 Metaspace       used 67807K, capacity 71976K, committed 72112K, reserved 1112064K
  class space    used 9319K, capacity 10076K, committed 10160K, reserved 1048576K
}
Event: 153.720 GC heap after
{Heap after GC invocations=55 (full 1):
 garbage-first heap   total 179200K, used 76991K [0x0000000700000000, 0x0000000700100578, 0x00000007c0000000)
  region size 1024K, 2 young (2048K), 2 survivors (2048K)
 Metaspace       used 67807K, capacity 71976K, committed 72112K, reserved 1112064K
  class space    used 9319K, capacity 10076K, committed 10160K, reserved 1048576K
}
Event: 154.704 GC heap before
{Heap before GC invocations=55 (full 1):
 garbage-first heap   total 179200K, used 136383K [0x0000000700000000, 0x0000000700100578, 0x00000007c0000000)
  region size 1024K, 60 young (61440K), 2 survivors (2048K)
 Metaspace       used 67839K, capacity 71976K, committed 72112K, reserved 1112064K
  class space    used 9319K, capacity 10076K, committed 10160K, reserved 1048576K
}
Event: 154.706 GC heap after
{Heap after GC invocations=56 (full 1):
 garbage-first heap   total 179200K, used 77225K [0x0000000700000000, 0x0000000700100578, 0x00000007c0000000)
  region size 1024K, 2 young (2048K), 2 survivors (2048K)
 Metaspace       used 67839K, capacity 71976K, committed 72112K, reserved 1112064K
  class space    used 9319K, capacity 10076K, committed 10160K, reserved 1048576K
}
Event: 160.111 GC heap before
{Heap before GC invocations=56 (full 1):
 garbage-first heap   total 179200K, used 136617K [0x0000000700000000, 0x0000000700100578, 0x00000007c0000000)
  region size 1024K, 60 young (61440K), 2 survivors (2048K)
 Metaspace       used 67890K, capacity 72040K, committed 72368K, reserved 1112064K
  class space    used 9319K, capacity 10076K, committed 10160K, reserved 1048576K
}
Event: 160.113 GC heap after
{Heap after GC invocations=57 (full 1):
 garbage-first heap   total 179200K, used 77363K [0x0000000700000000, 0x0000000700100578, 0x00000007c0000000)
  region size 1024K, 2 young (2048K), 2 survivors (2048K)
 Metaspace       used 67890K, capacity 72040K, committed 72368K, reserved 1112064K
  class space    used 9319K, capacity 10076K, committed 10160K, reserved 1048576K
}
Event: 272.044 GC heap before
{Heap before GC invocations=57 (full 1):
 garbage-first heap   total 179200K, used 136755K [0x0000000700000000, 0x0000000700100578, 0x00000007c0000000)
  region size 1024K, 60 young (61440K), 2 survivors (2048K)
 Metaspace       used 68056K, capacity 72168K, committed 72368K, reserved 1112064K
  class space    used 9322K, capacity 10076K, committed 10160K, reserved 1048576K
}
Event: 272.049 GC heap after
{Heap after GC invocations=58 (full 1):
 garbage-first heap   total 179200K, used 77697K [0x0000000700000000, 0x0000000700100578, 0x00000007c0000000)
  region size 1024K, 3 young (3072K), 3 survivors (3072K)
 Metaspace       used 68056K, capacity 72168K, committed 72368K, reserved 1112064K
  class space    used 9322K, capacity 10076K, committed 10160K, reserved 1048576K
}
Event: 362.734 GC heap before
{Heap before GC invocations=58 (full 1):
 garbage-first heap   total 179200K, used 136065K [0x0000000700000000, 0x0000000700100578, 0x00000007c0000000)
  region size 1024K, 60 young (61440K), 3 survivors (3072K)
 Metaspace       used 68262K, capacity 72570K, committed 72624K, reserved 1112064K
  class space    used 9364K, capacity 10155K, committed 10160K, reserved 1048576K
}
Event: 362.813 GC heap after
{Heap after GC invocations=59 (full 1):
 garbage-first heap   total 179200K, used 77603K [0x0000000700000000, 0x0000000700100578, 0x00000007c0000000)
  region size 1024K, 2 young (2048K), 2 survivors (2048K)
 Metaspace       used 68262K, capacity 72570K, committed 72624K, reserved 1112064K
  class space    used 9364K, capacity 10155K, committed 10160K, reserved 1048576K
}

Deoptimization events (10 events):
Event: 360.402 Thread 0x00000290601b8000 Uncommon trap: reason=unstable_if action=reinterpret pc=0x000002904da85a78 method=java.util.IdentityHashMap.keySet()Ljava/util/Set; @ 6 c2
Event: 360.437 Thread 0x00000290601b8000 Uncommon trap: reason=class_check action=maybe_recompile pc=0x000002904d884910 method=com.jidesoft.swing.FastGradientPainter.drawGradient(Ljava/awt/Graphics2D;Ljava/awt/Shape;Ljava/awt/Color;Ljava/awt/Color;Z)V @ 1 c2
Event: 361.290 Thread 0x00000290601b8000 Uncommon trap: reason=class_check action=maybe_recompile pc=0x000002904d884910 method=com.jidesoft.swing.FastGradientPainter.drawGradient(Ljava/awt/Graphics2D;Ljava/awt/Shape;Ljava/awt/Color;Ljava/awt/Color;Z)V @ 1 c2
Event: 361.296 Thread 0x00000290601b8000 Uncommon trap: reason=class_check action=maybe_recompile pc=0x000002904d884910 method=com.jidesoft.swing.FastGradientPainter.drawGradient(Ljava/awt/Graphics2D;Ljava/awt/Shape;Ljava/awt/Color;Ljava/awt/Color;Z)V @ 1 c2
Event: 365.743 Thread 0x00000290601b8000 Uncommon trap: reason=unstable_if action=reinterpret pc=0x000002904da7ebdc method=sun.java2d.pipe.Region.getIntersectionXYXY(IIII)Lsun/java2d/pipe/Region; @ 72 c2
Event: 365.743 Thread 0x00000290601b8000 Uncommon trap: reason=unstable_if action=reinterpret pc=0x000002904da7ebdc method=sun.java2d.pipe.Region.getIntersectionXYXY(IIII)Lsun/java2d/pipe/Region; @ 72 c2
Event: 365.743 Thread 0x00000290601b8000 Uncommon trap: reason=unstable_if action=reinterpret pc=0x000002904da7ebdc method=sun.java2d.pipe.Region.getIntersectionXYXY(IIII)Lsun/java2d/pipe/Region; @ 72 c2
Event: 365.743 Thread 0x00000290601b8000 Uncommon trap: reason=unstable_if action=reinterpret pc=0x000002904da7ebdc method=sun.java2d.pipe.Region.getIntersectionXYXY(IIII)Lsun/java2d/pipe/Region; @ 72 c2
Event: 365.743 Thread 0x00000290601b8000 Uncommon trap: reason=unstable_if action=reinterpret pc=0x000002904cf34d80 method=sun.java2d.pipe.Region.getIntersectionXYXY(IIII)Lsun/java2d/pipe/Region; @ 72 c2
Event: 366.426 Thread 0x00000290601b8000 Uncommon trap: reason=unstable_if action=reinterpret pc=0x000002904d8fd748 method=java.awt.Container.getMouseEventTargetImpl(IIZLjava/awt/Container$EventTargetFilter;ZZ)Ljava/awt/Component; @ 218 c2

Classes redefined (0 events):
No events

Internal exceptions (10 events):
Event: 153.497 Thread 0x00000290601b8000 Exception <a 'java/lang/NoSuchMethodError'{0x00000007093a8030}: java.lang.invoke.DelegatingMethodHandle$Holder.reinvoke_L(Ljava/lang/Object;Ljava/lang/Object;Ljava/lang/Object;Ljava/lang/Object;Ljava/lang/Object;IILjava/lang/Object;Ljava/lang/Object;IILja
Event: 333.789 Thread 0x00000290601b8000 Exception <a 'java/lang/NoSuchMethodError'{0x0000000709ca9480}: java.lang.invoke.DirectMethodHandle$Holder.invokeSpecial(Ljava/lang/Object;Ljava/lang/Object;IILjava/lang/Object;JI)Ljava/lang/Object;> (0x0000000709ca9480) thrown at [t:/workspace/hotspot/sr
Event: 333.791 Thread 0x00000290707d7800 Exception <a 'java/lang/NoSuchMethodError'{0x0000000709b2cfd0}: java.lang.invoke.DirectMethodHandle$Holder.invokeSpecial(Ljava/lang/Object;Ljava/lang/Object;IILjava/lang/Object;JI)Ljava/lang/Object;> (0x0000000709b2cfd0) thrown at [t:/workspace/hotspot/sr
Event: 333.790 Thread 0x00000290707d9000 Exception <a 'java/lang/NoSuchMethodError'{0x0000000709b83710}: java.lang.invoke.DirectMethodHandle$Holder.invokeSpecial(Ljava/lang/Object;Ljava/lang/Object;IILjava/lang/Object;JJ)Ljava/lang/Object;> (0x0000000709b83710) thrown at [t:/workspace/hotspot/sr
Event: 333.797 Thread 0x00000290707d7800 Exception <a 'java/lang/NoSuchMethodError'{0x0000000709b8c7c0}: java.lang.invoke.DelegatingMethodHandle$Holder.reinvoke_L(Ljava/lang/Object;IILjava/lang/Object;JI)Ljava/lang/Object;> (0x0000000709b8c7c0) thrown at [t:/workspace/hotspot/src/share/vm/interp
Event: 333.906 Thread 0x00000290601b8000 Exception <a 'java/lang/NoSuchMethodError'{0x0000000709cac7b0}: java.lang.invoke.DelegatingMethodHandle$Holder.reinvoke_L(Ljava/lang/Object;IILjava/lang/Object;JI)Ljava/lang/Object;> (0x0000000709cac7b0) thrown at [t:/workspace/hotspot/src/share/vm/interp
Event: 333.906 Thread 0x00000290707d9000 Exception <a 'java/lang/NoSuchMethodError'{0x0000000709b88480}: java.lang.invoke.DelegatingMethodHandle$Holder.reinvoke_L(Ljava/lang/Object;IILjava/lang/Object;JJ)Ljava/lang/Object;> (0x0000000709b88480) thrown at [t:/workspace/hotspot/src/share/vm/interp
Event: 334.561 Thread 0x00000290601b8000 Exception <a 'java/lang/NoSuchMethodError'{0x0000000709babb90}: method resolution failed> (0x0000000709babb90) thrown at [t:/workspace/hotspot/src/share/vm/prims/methodHandles.cpp, line 1256]
Event: 334.562 Thread 0x00000290707d9000 Exception <a 'java/lang/NoSuchMethodError'{0x0000000709a11b90}: method resolution failed> (0x0000000709a11b90) thrown at [t:/workspace/hotspot/src/share/vm/prims/methodHandles.cpp, line 1256]
Event: 334.562 Thread 0x00000290707d7800 Exception <a 'java/lang/NoSuchMethodError'{0x0000000709a147e8}: method resolution failed> (0x0000000709a147e8) thrown at [t:/workspace/hotspot/src/share/vm/prims/methodHandles.cpp, line 1256]

Events (10 events):
Event: 366.426 Thread 0x00000290601b8000 Uncommon trap: trap_request=0xffffff5d fr.pc=0x000002904d8fd748 relative=0x0000000000000be8
Event: 366.426 Thread 0x00000290601b8000 DEOPT PACKING pc=0x000002904d8fd748 sp=0x000000a363cfb980
Event: 366.426 Thread 0x00000290601b8000 DEOPT UNPACKING pc=0x000002904536df29 sp=0x000000a363cfb888 mode 2
Event: 367.753 Thread 0x00000290707df800 Thread added: 0x00000290707df800
Event: 367.756 Thread 0x00000290707df800 Thread exited: 0x00000290707df800
Event: 370.754 Thread 0x00000290707df800 Thread added: 0x00000290707df800
Event: 370.756 Thread 0x00000290707df800 Thread exited: 0x00000290707df800
Event: 373.755 Thread 0x00000290707df800 Thread added: 0x00000290707df800
Event: 373.757 Thread 0x00000290707df800 Thread exited: 0x00000290707df800
Event: 374.786 Thread 0x00000290707e1000 Thread added: 0x00000290707e1000


Dynamic libraries:
0x00007ff7fbc90000 - 0x00007ff7fbcc0000 	D:\Xilinx\Vivado\2018.3\bin\unwrapped\win64.o\vivado.exe
0x00007ffe550a0000 - 0x00007ffe55306000 	C:\Windows\SYSTEM32\ntdll.dll
0x00007ffe533b0000 - 0x00007ffe53479000 	C:\Windows\System32\KERNEL32.DLL
0x00007ffe525a0000 - 0x00007ffe5299e000 	C:\Windows\System32\KERNELBASE.dll
0x00007ffe522c0000 - 0x00007ffe5240c000 	C:\Windows\System32\ucrtbase.dll
0x00007ffe36cd0000 - 0x00007ffe36d58000 	C:\Windows\SYSTEM32\MSVCP140.dll
0x00007ffe37030000 - 0x00007ffe3704e000 	C:\Windows\SYSTEM32\VCRUNTIME140.dll
0x00007ffd36d30000 - 0x00007ffd37bc4000 	D:\Xilinx\Vivado\2018.3\lib\win64.o\librdi_common.dll
0x00007ffe204a0000 - 0x00007ffe204b4000 	D:\Xilinx\Vivado\2018.3\lib\win64.o\libboost_signals.dll
0x00007ffe10330000 - 0x00007ffe10344000 	D:\Xilinx\Vivado\2018.3\lib\win64.o\librdi_commonmain.dll
0x00007ffe372c0000 - 0x00007ffe372cb000 	C:\Windows\SYSTEM32\VCRUNTIME140_1.dll
0x00007ffe54b50000 - 0x00007ffe54d17000 	C:\Windows\System32\USER32.dll
0x00007ffe52c30000 - 0x00007ffe52c57000 	C:\Windows\System32\win32u.dll
0x00007ffe532b0000 - 0x00007ffe532db000 	C:\Windows\System32\GDI32.dll
0x00007ffe52b00000 - 0x00007ffe52c2a000 	C:\Windows\System32\gdi32full.dll
0x00007ffd42820000 - 0x00007ffd42b8e000 	D:\Xilinx\Vivado\2018.3\lib\win64.o\libCOIN-all.dll
0x00007ffe52c60000 - 0x00007ffe52d03000 	C:\Windows\System32\msvcp_win.dll
0x00007ffe0e0c0000 - 0x00007ffe0e0e6000 	D:\Xilinx\Vivado\2018.3\lib\win64.o\libboost_filesystem.dll
0x00007ffdadad0000 - 0x00007ffdadd85000 	D:\Xilinx\Vivado\2018.3\lib\win64.o\libXil_lmgr11.dll
0x00007ffe53cb0000 - 0x00007ffe53d67000 	C:\Windows\System32\ADVAPI32.dll
0x00007ffe53d70000 - 0x00007ffe54502000 	C:\Windows\System32\SHELL32.dll
0x00007ffe52f40000 - 0x00007ffe53032000 	C:\Windows\System32\COMDLG32.dll
0x00007ffe53bd0000 - 0x00007ffe53c79000 	C:\Windows\System32\msvcrt.dll
0x00007ffe54d20000 - 0x00007ffe54dca000 	C:\Windows\System32\sechost.dll
0x00007ffe547c0000 - 0x00007ffe54b43000 	C:\Windows\System32\combase.dll
0x00007ffe53480000 - 0x00007ffe53598000 	C:\Windows\System32\RPCRT4.dll
0x00007ffe52dd0000 - 0x00007ffe52ec7000 	C:\Windows\System32\shcore.dll
0x00007ffe0de10000 - 0x00007ffe0de24000 	D:\Xilinx\Vivado\2018.3\lib\win64.o\libboost_date_time.dll
0x00007ffe52ed0000 - 0x00007ffe52f37000 	C:\Windows\System32\SHLWAPI.dll
0x00007ffe53130000 - 0x00007ffe53209000 	C:\Windows\System32\OLEAUT32.dll
0x00007ffe26ba0000 - 0x00007ffe26baa000 	D:\Xilinx\Vivado\2018.3\lib\win64.o\librdi_commonversion.dll
0x00007ffe53a30000 - 0x00007ffe53bc9000 	C:\Windows\System32\ole32.dll
0x00007ffe54fb0000 - 0x00007ffe55030000 	C:\Windows\System32\WS2_32.dll
0x00007ffdce740000 - 0x00007ffdce861000 	D:\Xilinx\Vivado\2018.3\lib\win64.o\librdi_commonxillic.dll
0x0000000073090000 - 0x00000000731bb000 	D:\Xilinx\Vivado\2018.3\lib\win64.o\tcl85t.dll
0x00007ffe529b0000 - 0x00007ffe52a33000 	C:\Windows\System32\WINTRUST.dll
0x00007ffe52420000 - 0x00007ffe52598000 	C:\Windows\System32\CRYPT32.dll
0x00007ffe0c850000 - 0x00007ffe0c8cf000 	D:\Xilinx\Vivado\2018.3\lib\win64.o\libboost_program_options.dll
0x00007ffe24cc0000 - 0x00007ffe24ccb000 	D:\Xilinx\Vivado\2018.3\lib\win64.o\libboost_system.dll
0x00007ffdcc010000 - 0x00007ffdcc124000 	D:\Xilinx\Vivado\2018.3\lib\win64.o\libboost_regex.dll
0x00007ffe0db90000 - 0x00007ffe0dbb1000 	D:\Xilinx\Vivado\2018.3\lib\win64.o\libboost_thread.dll
0x00007ffe244e0000 - 0x00007ffe244ef000 	D:\Xilinx\Vivado\2018.3\lib\win64.o\libboost_xilinx.dll
0x00007ffe0bb60000 - 0x00007ffe0bbe2000 	D:\Xilinx\Vivado\2018.3\lib\win64.o\libhdlpsolve.dll
0x00007ffe0ceb0000 - 0x00007ffe0cede000 	D:\Xilinx\Vivado\2018.3\lib\win64.o\libisl_sysinfo.dll
0x00007ffdcec30000 - 0x00007ffdcecd5000 	D:\Xilinx\Vivado\2018.3\lib\win64.o\libhdxml.dll
0x00007ffe0cc40000 - 0x00007ffe0cca5000 	D:\Xilinx\Vivado\2018.3\lib\win64.o\liblmx6.0.dll
0x00007ffd3ffe0000 - 0x00007ffd4082e600 	D:\Xilinx\Vivado\2018.3\lib\win64.o\libisl_iostreams.dll
0x00007ffe0ddc0000 - 0x00007ffe0ddda000 	D:\Xilinx\Vivado\2018.3\lib\win64.o\pthreadVC2.dll
0x00007ffe0d170000 - 0x00007ffe0d18c000 	D:\Xilinx\Vivado\2018.3\lib\win64.o\librdiconfig.dll
0x00007ffe0cb90000 - 0x00007ffe0cbb1000 	D:\Xilinx\Vivado\2018.3\lib\win64.o\librdizlib.dll
0x0000000012000000 - 0x0000000012272000 	D:\Xilinx\Vivado\2018.3\lib\win64.o\xerces-c_3_1.dll
0x00007ffe45870000 - 0x00007ffe4588a000 	C:\Windows\SYSTEM32\NETAPI32.dll
0x00007ffe2a870000 - 0x00007ffe2ab05000 	C:\Windows\SYSTEM32\WININET.dll
0x00007ffe496a0000 - 0x00007ffe497c7000 	C:\Windows\SYSTEM32\WINHTTP.dll
0x00007ffe29e40000 - 0x00007ffe2a01c000 	C:\Windows\SYSTEM32\urlmon.dll
0x00007ffc62e10000 - 0x00007ffc63ca1000 	D:\Xilinx\Vivado\2018.3\lib\win64.o\gurobi65.dll
0x00007ffe294f0000 - 0x00007ffe294fa000 	C:\Windows\SYSTEM32\WSOCK32.dll
0x00007ffe23420000 - 0x00007ffe23456000 	C:\Windows\SYSTEM32\VCOMP140.DLL
0x00007ffe2c2f0000 - 0x00007ffe2c3a5000 	C:\Windows\WinSxS\amd64_microsoft.windows.common-controls_6595b64144ccf1df_5.82.26100.8328_none_87eede957a2ccddd\COMCTL32.dll
0x00007ffe49500000 - 0x00007ffe49525000 	C:\Windows\SYSTEM32\dhcpcsvc.DLL
0x00007ffe23ff0000 - 0x00007ffe23ffd000 	D:\Xilinx\Vivado\2018.3\lib\win64.o\libboost_chrono.dll
0x00007ffe0c820000 - 0x00007ffe0c845000 	D:\Xilinx\Vivado\2018.3\lib\win64.o\libisl_iosutils.dll
0x00007ffe2cfe0000 - 0x00007ffe2d2a5000 	C:\Windows\SYSTEM32\iertutil.dll
0x00007ffe0ce00000 - 0x00007ffe0ce1b000 	D:\Xilinx\Vivado\2018.3\lib\win64.o\libboost_iostreams.dll
0x00007ffe4fd70000 - 0x00007ffe50602000 	C:\Windows\SYSTEM32\windows.storage.dll
0x00007ffe44d70000 - 0x00007ffe44d99000 	C:\Windows\SYSTEM32\srvcli.dll
0x00007ffe508d0000 - 0x00007ffe508dd000 	C:\Windows\SYSTEM32\netutils.dll
0x00007ffe53260000 - 0x00007ffe53292000 	C:\Windows\System32\IMM32.DLL
0x00007ffe519f0000 - 0x00007ffe51a03000 	C:\Windows\SYSTEM32\MSASN1.dll
0x00007ffe510c0000 - 0x00007ffe510db000 	C:\Windows\SYSTEM32\kernel.appcore.dll
0x00007ffc9cf20000 - 0x00007ffc9d415000 	D:\Xilinx\Vivado\2018.3\lib\win64.o\librdi_commontasks.dll
0x00007ffe4b180000 - 0x00007ffe4b18b000 	C:\Windows\SYSTEM32\VERSION.dll
0x0000000072660000 - 0x0000000073085000 	D:\Xilinx\Vivado\2018.3\tps\win64\jre9.0.4\bin\server\jvm.dll
0x00007ffd3fd60000 - 0x00007ffd3ffdf000 	D:\Xilinx\Vivado\2018.3\lib\win64.o\librdi_sio.dll
0x00007ffe532a0000 - 0x00007ffe532a8000 	C:\Windows\System32\PSAPI.DLL
0x00007ffe4c070000 - 0x00007ffe4c0a6000 	C:\Windows\SYSTEM32\WINMM.dll
0x00007ffe50a30000 - 0x00007ffe50a63000 	C:\Windows\SYSTEM32\IPHLPAPI.DLL
0x00007ffdcdb30000 - 0x00007ffdcdc1f000 	C:\Windows\SYSTEM32\MSVCR120.dll
0x00007ffe51670000 - 0x00007ffe516dc000 	C:\Windows\SYSTEM32\MSWSOCK.DLL
0x00007ffc1ca30000 - 0x00007ffc1edf2000 	D:\Xilinx\Vivado\2018.3\lib\win64.o\librdi_tcltasks.dll
0x00007ffdae620000 - 0x00007ffdae79e000 	D:\Xilinx\Vivado\2018.3\lib\win64.o\librdi_board.dll
0x00007ffd2e000000 - 0x00007ffd2e3dc000 	D:\Xilinx\Vivado\2018.3\lib\win64.o\librdi_bitstream.dll
0x00007ffe0bf50000 - 0x00007ffe0bfba000 	D:\Xilinx\Vivado\2018.3\lib\win64.o\librdi_boarddep.dll
0x00007ffdcd9a0000 - 0x00007ffdcda7c000 	D:\Xilinx\Vivado\2018.3\lib\win64.o\librdi_chipscope.dll
0x00007ffd797e0000 - 0x00007ffd79999000 	D:\Xilinx\Vivado\2018.3\lib\win64.o\librdi_chipscopeimpl.dll
0x00007ffc1b120000 - 0x00007ffc1ca25000 	D:\Xilinx\Vivado\2018.3\lib\win64.o\librdi_constraints.dll
0x00007ffd7ccb0000 - 0x00007ffd7cdf8000 	D:\Xilinx\Vivado\2018.3\lib\win64.o\librdi_containers.dll
0x00007ffc19300000 - 0x00007ffc1b11f000 	D:\Xilinx\Vivado\2018.3\lib\win64.o\librdi_coregen.dll
0x00007ffc9c840000 - 0x00007ffc9cf1a000 	D:\Xilinx\Vivado\2018.3\lib\win64.o\librdi_coregenipxact.dll
0x00007ffc15500000 - 0x00007ffc192fb000 	D:\Xilinx\Vivado\2018.3\lib\win64.o\librdi_designutils.dll
0x00007ffbfae80000 - 0x00007ffc0bbd2000 	D:\Xilinx\Vivado\2018.3\lib\win64.o\librdi_device.dll
0x00007ffc8f580000 - 0x00007ffc8f89b000 	D:\Xilinx\Vivado\2018.3\lib\win64.o\librdi_dlyest.dll
0x00007ffc628b0000 - 0x00007ffc62e10000 	D:\Xilinx\Vivado\2018.3\lib\win64.o\librdi_drc.dll
0x00007ffc62270000 - 0x00007ffc628af000 	D:\Xilinx\Vivado\2018.3\lib\win64.o\librdi_filemgmt.dll
0x00007ffc61f90000 - 0x00007ffc6226a000 	D:\Xilinx\Vivado\2018.3\lib\win64.o\librdi_guitools.dll
0x00007ffdccf10000 - 0x00007ffdccfd2000 	D:\Xilinx\Vivado\2018.3\lib\win64.o\librdi_dsp.dll
0x00007ffe0bc80000 - 0x00007ffe0bcdd000 	D:\Xilinx\Vivado\2018.3\lib\win64.o\librdi_hdf.dll
0x00007ffc14160000 - 0x00007ffc154f1000 	D:\Xilinx\Vivado\2018.3\lib\win64.o\librdi_implflow.dll
0x00007ffc55770000 - 0x00007ffc55d85000 	D:\Xilinx\Vivado\2018.3\lib\win64.o\librdi_memdata.dll
0x00007ffdcead0000 - 0x00007ffdceb41000 	D:\Xilinx\Vivado\2018.3\lib\win64.o\librdi_memoryarray.dll
0x00007ffc107b0000 - 0x00007ffc1415c000 	D:\Xilinx\Vivado\2018.3\lib\win64.o\librdi_mig.dll
0x00007ffc55130000 - 0x00007ffc5576b000 	D:\Xilinx\Vivado\2018.3\lib\win64.o\librdi_netlist.dll
0x00007ffe08650000 - 0x00007ffe086a0000 	D:\Xilinx\Vivado\2018.3\lib\win64.o\librdi_pfi.dll
0x00007ffc61c80000 - 0x00007ffc61f87000 	D:\Xilinx\Vivado\2018.3\lib\win64.o\librdi_platform.dll
0x00007ffc0db90000 - 0x00007ffc0e285000 	D:\Xilinx\Vivado\2018.3\lib\win64.o\librdi_power.dll
0x00007ffc54bd0000 - 0x00007ffc55126000 	D:\Xilinx\Vivado\2018.3\lib\win64.o\librdi_project.dll
0x00007ffc0e290000 - 0x00007ffc107a4000 	D:\Xilinx\Vivado\2018.3\lib\win64.o\librdi_place.dll
0x00007ffc0d490000 - 0x00007ffc0db83000 	D:\Xilinx\Vivado\2018.3\lib\win64.o\librdi_psta.dll
0x00007ffbfa7a0000 - 0x00007ffbfae79000 	D:\Xilinx\Vivado\2018.3\lib\win64.o\librdi_rsb.dll
0x00007ffc2ecf0000 - 0x00007ffc2f0c7000 	D:\Xilinx\Vivado\2018.3\lib\win64.o\librdi_runs.dll
0x00007ffdcba90000 - 0x00007ffdcbb68000 	D:\Xilinx\Vivado\2018.3\lib\win64.o\librdi_runsbase.dll
0x00007ffbf9a10000 - 0x00007ffbfa79d000 	D:\Xilinx\Vivado\2018.3\lib\win64.o\librdi_timing.dll
0x00007ffd3fb30000 - 0x00007ffd3fd58000 	D:\Xilinx\Vivado\2018.3\lib\win64.o\librdi_simdata.dll
0x00007ffd7c5f0000 - 0x00007ffd7c744000 	D:\Xilinx\Vivado\2018.3\lib\win64.o\librdi_advchipscopeimpl.dll
0x00007ffde9e70000 - 0x00007ffde9ebc000 	D:\Xilinx\Vivado\2018.3\lib\win64.o\libboost_serialization.dll
0x00007ffdce210000 - 0x00007ffdce2c8000 	D:\Xilinx\Vivado\2018.3\lib\win64.o\librdi_hip_devdesign.dll
0x00007ffe0c6a0000 - 0x00007ffe0c6d8000 	D:\Xilinx\Vivado\2018.3\lib\win64.o\librdi_noc_frameworks.dll
0x00007ffdcb170000 - 0x00007ffdcb21b000 	D:\Xilinx\Vivado\2018.3\lib\win64.o\librdi_ipconfig_readwrite.dll
0x00007ffbf8ec0000 - 0x00007ffbf9a07000 	D:\Xilinx\Vivado\2018.3\lib\win64.o\libverific.dll
0x00007ffc0d0d0000 - 0x00007ffc0d485000 	D:\Xilinx\Vivado\2018.3\lib\win64.o\librdi_hip_config.dll
0x00007ffbf8970000 - 0x00007ffbf8ebe000 	D:\Xilinx\Vivado\2018.3\lib\win64.o\librdi_xdm.dll
0x00007ffdcbf70000 - 0x00007ffdcc00e000 	D:\Xilinx\Vivado\2018.3\lib\win64.o\libise.dll
0x00007ffbf8380000 - 0x00007ffbf8964000 	D:\Xilinx\Vivado\2018.3\lib\win64.o\librdi_wavedata.dll
0x00007ffdcef10000 - 0x00007ffdcef59000 	D:\Xilinx\Vivado\2018.3\lib\win64.o\librdi_wavedata_SimpleApi.dll
0x00007ffdcd1e0000 - 0x00007ffdcd243000 	D:\Xilinx\Vivado\2018.3\lib\win64.o\librdi_hip_mathengine.dll
0x00007ffbf7370000 - 0x00007ffbf8372000 	D:\Xilinx\Vivado\2018.3\lib\win64.o\librdi_route.dll
0x00007ffbf5420000 - 0x00007ffbf7362000 	D:\Xilinx\Vivado\2018.3\lib\win64.o\librdi_synth.dll
0x00007ffdb0370000 - 0x00007ffdb03f8000 	D:\Xilinx\Vivado\2018.3\lib\win64.o\librdi_meir_core.dll

VM Arguments:
jvm_args: -Dsun.java2d.pmoffscreen=false -Dsun.java2d.xrender=false -Dsun.java2d.d3d=false -Dsun.awt.nopixfmt=true -Dsun.java2d.dpiaware=true -Dsun.java2d.uiScale.enabled=false -Xverify:none -Dswing.aatext=true -XX:-UsePerfData -Djdk.map.althashing.threshold=512 -XX:StringTableSize=4072 --add-opens=java.base/java.nio=ALL-UNNAMED --add-opens=java.desktop/sun.swing=ALL-UNNAMED --add-opens=java.desktop/javax.swing=ALL-UNNAMED --add-opens=java.desktop/javax.swing.tree=ALL-UNNAMED --add-opens=java.desktop/javax.swing.plaf.basic=ALL-UNNAMED --add-opens=java.desktop/javax.swing.plaf.synth=ALL-UNNAMED --add-opens=java.desktop/com.sun.awt=ALL-UNNAMED -XX:NewSize=60m -XX:MaxNewSize=60m -Xms128m -Xmx3072m -Xss5m 
java_command: <unknown>
java_class_path (initial): D:/Xilinx/Vivado/2018.3\lib\classes\alloy.jar;D:/Xilinx/Vivado/2018.3\lib\classes\autopilot.scelaborator.jar;D:/Xilinx/Vivado/2018.3\lib\classes\autopilot.sourceprocessor.jar;D:/Xilinx/Vivado/2018.3\lib\classes\autopilot.tbprocessor.jar;D:/Xilinx/Vivado/2018.3\lib\classes\batik-anim.jar;D:/Xilinx/Vivado/2018.3\lib\classes\batik-awt-util.jar;D:/Xilinx/Vivado/2018.3\lib\classes\batik-bridge.jar;D:/Xilinx/Vivado/2018.3\lib\classes\batik-codec.jar;D:/Xilinx/Vivado/2018.3\lib\classes\batik-css.jar;D:/Xilinx/Vivado/2018.3\lib\classes\batik-dom.jar;D:/Xilinx/Vivado/2018.3\lib\classes\batik-ext.jar;D:/Xilinx/Vivado/2018.3\lib\classes\batik-gui-util.jar;D:/Xilinx/Vivado/2018.3\lib\classes\batik-gvt.jar;D:/Xilinx/Vivado/2018.3\lib\classes\batik-parser.jar;D:/Xilinx/Vivado/2018.3\lib\classes\batik-script.jar;D:/Xilinx/Vivado/2018.3\lib\classes\batik-svg-dom.jar;D:/Xilinx/Vivado/2018.3\lib\classes\batik-swing.jar;D:/Xilinx/Vivado/2018.3\lib\classes\batik-transcoder.jar;D:/Xilinx/Vivado/2018.3\lib\classes\batik-util.jar;D:/Xilinx/Vivado/2018.3\lib\classes\batik-xml.jar;D:/Xilinx/Vivado/2018.3\lib\classes\com.ibm.icu_4.4.2.v20110208.jar;D:/Xilinx/Vivado/2018.3\lib\classes\commons-collections4-4.1.jar;D:/Xilinx/Vivado/2018.3\lib\classes\commons-math-2.2.jar;D:/Xilinx/Vivado/2018.3\lib\classes\dom4j-1.6.1.jar;D:/Xilinx/Vivado/2018.3\lib\classes\guava-18.0.jar;D:/Xilinx/Vivado/2018.3\lib\classes\help.jar;D:/Xilinx/Vivado/2018.3\lib\classes\hsqldb.jar;D:/Xilinx/Vivado/2018.3\lib\classes\jargs.jar;D:/Xilinx/Vivado/2018.3\lib\classes\jaxb-api-2.3.0.jar;D:/Xilinx/Vivado/2018.3\lib\classes\jh.jar;D:/Xilinx/Vivado/2018.3\lib\classes\jide-action.jar;D:/Xilinx/Vivado/2018.3\lib\classes\jide-charts.jar;D:/Xilinx/Vivado/2018.3\lib\classes\jide-common.jar;D:/Xilinx/Vivado/2018.3\lib\classes\jide-components.jar;D:/Xilinx/Vivado/2018.3\lib\classes\jide-dashboard.jar;D:/Xilinx/Vivado/2018.3\lib\classes\jide-data.jar;D:/Xilinx/Vivado/2018.3\lib\classes\jide-dialogs.jar
Launcher Type: generic

Logging:
Log output configuration:
#0: stdout all=warning uptime,level,tags
#1: stderr all=off uptime,level,tags

Environment Variables:
PATH=D:/Xilinx/Vivado/2018.3/bin;D:/Xilinx/Vivado/2018.3/lib/win64.o;D:/Xilinx/Vivado/2018.3/tps/win64/jre9.0.4/bin/server;D:/Xilinx/Vivado/2018.3/tps/win64/jre9.0.4/bin;D:/Xilinx/SDK/2018.3/bin;D:/Xilinx/Vivado/2018.3/ids_lite/ISE/bin/nt64;D:/Xilinx/Vivado/2018.3/ids_lite/ISE/lib/nt64;%PATH%;C:\Program Files\HuarayTech\MV Viewer\Runtime\x64\;C:\Program Files\HuarayTech\MV Viewer\Runtime\Win32\;E:\XP¾µÏñ\VMware\bin\;C:\Python314\Scripts\;C:\Python314\;C:\Program Files (x86)\NVIDIA Corporation\PhysX\Common;C:\Windows\system32;C:\Windows;C:\Windows\System32\Wbem;C:\Windows\System32\WindowsPowerShell\v1.0\;C:\Windows\System32\OpenSSH\;C:\Program Files\NVIDIA Corporation\NVIDIA app\NvDLISR;C:\Program Files\dotnet\;C:\Program Files (x86)\STMicroelectronics\STM32 ST-LINK Utility\ST-LINK Utility;D:\tools\cmake-3.27.1-windows-i386 (1)\cmake-3.27.1-windows-i386\bin;D:\tools\cmsis-toolbox-windows-amd64\bin;D:\tools;D:\Windows Kits\10\Windows Performance Toolkit\;C:\Program Files (x86)\Windows Kits\8.1\Windows Performance Toolkit\;C:\Program Files\Wolfram Research\WolframScript\;C:\Program Files\MATLAB\R2025a\bin;C:\ProgramData\chocolatey\bin;D:\APP\Git\Git\cmd;C:\Program Files\nodejs\;D:\DevEnv\BuildTools\Ninja;D:\DevEnv\Debuggers\OpenOCD\bin;D:\DevEnv\Compilers\CMSIS-Toolbox\bin;D:\DevEnv\Compilers\ARM-GCC\bin;C:\Program Files\CMake\bin;C:\Users\sunjiayi\AppData\Local\Microsoft\WindowsApps;D:\APP\Visual Studio Code User\Microsoft VS Code\bin;\;C:\Users\sunjiayi\AppData\Local\Python\bin;D:\APP\Understand\SciTools\bin\pc-win64;C:\Users\sunjiayi\AppData\Local\JetBrains\Toolbox\scripts;C:\Users\sunjiayi\AppData\Local\Microsoft\WinGet\Packages\astral-sh.uv_Microsoft.Winget.Source_8wekyb3d8bbwe;C:\Users\sunjiayi\AppData\Roaming\npm;D:\DevEnv\Espressif\tools\cmake\3.30.2\bin;C:\Program Files\usbipd-win;C:\Users\sunjiayi\AppData\Local\Programs\MiKTeX\miktex\bin\x64\;D:\APP\DSCModules\;D:/Xilinx/Vivado/2018.3\tps\mingw\6.2.0\win64.o\nt\bin;D:/Xilinx/Vivado/2018.3\tps\mingw\6.2.0\win64.o
USERNAME=sunjiayi
OS=Windows_NT
PROCESSOR_IDENTIFIER=Intel64 Family 6 Model 198 Stepping 2, GenuineIntel



---------------  S Y S T E M  ---------------

OS: Windows 10 , 64 bit Build 26100 (10.0.26100.8875)

CPU:total 24 (initial active 24) (24 cores per cpu, 1 threads per core) family 6 model 198 stepping 2, cmov, cx8, fxsr, mmx, sse, sse2, sse3, ssse3, sse4.1, sse4.2, popcnt, avx, avx2, aes, clmul, erms, 3dnowpref, lzcnt, tsc, tscinvbit, bmi1, bmi2, adx, sha, fma

Memory: 4k page, physical 32961912k(6239672k free), swap 85390836k(2024k free)

vm_info: Java HotSpot(TM) 64-Bit Server VM (9.0.4+11) for windows-amd64 JRE (9.0.4+11), built on Dec 20 2017 02:18:54 by "mach5one" with MS VC++ 12.0 (VS2013)

END.
