#-----------------------------------------------------------
# Vivado v2018.3 (64-bit)
# SW Build 2405991 on Thu Dec  6 23:38:27 MST 2018
# IP Build 2404404 on Fri Dec  7 01:43:56 MST 2018
# Start of session at: Wed Jul 29 09:47:58 2026
# Process ID: 23004
# Current directory: E:/FPGA/project/smart_car_pld2026/my_car/prj
# Command line: vivado.exe -gui_launcher_event rodinguilauncherevent33092 E:\FPGA\project\smart_car_pld2026\my_car\prj\prj.xpr
# Log file: E:/FPGA/project/smart_car_pld2026/my_car/prj/vivado.log
# Journal file: E:/FPGA/project/smart_car_pld2026/my_car/prj\vivado.jou
#-----------------------------------------------------------
start_gui
open_project E:/FPGA/project/smart_car_pld2026/my_car/prj/prj.xpr
Scanning sources...
Finished scanning sources
INFO: [IP_Flow 19-234] Refreshing IP repositories
INFO: [IP_Flow 19-1704] No user IP repositories specified
INFO: [IP_Flow 19-2313] Loaded Vivado IP repository 'D:/Xilinx/Vivado/2018.3/data/ip'.
open_project: Time (s): cpu = 00:00:08 ; elapsed = 00:00:05 . Memory (MB): peak = 859.812 ; gain = 228.418
update_compile_order -fileset sources_1
