xilinx rtfpga
INFO: [Synth 8-3886] merging instance 'u_lcd_rgb_topi_3/u_lcd_rgb_top/u_dash_osd/pch_a_reg[1]' (FDC) to 'u_lcd_rgb_topi_3/u_lcd_rgb_top/u_osd_overlay/pch_a_reg[1]'
INFO: [Synth 8-3886] merging instance 'u_lcd_rgb_topi_3/u_lcd_rgb_top/u_dash_osd/pch_a_reg[0]' (FDC) to 'u_lcd_rgb_topi_3/u_lcd_rgb_top/u_osd_overlay/pch_a_reg[0]'
INFO: [Synth 8-3886] merging instance 'u_lcd_rgb_topi_3/u_lcd_rgb_top/u_dash_osd/rol_a_reg[0]' (FDC) to 'u_lcd_rgb_topi_3/u_lcd_rgb_top/u_osd_overlay/rol_a_reg[0]'
INFO: [Synth 8-3886] merging instance 'u_lcd_rgb_topi_3/u_lcd_rgb_top/u_dash_osd/rol_a_reg[1]' (FDC) to 'u_lcd_rgb_topi_3/u_lcd_rgb_top/u_osd_overlay/rol_a_reg[1]'
INFO: [Synth 8-3886] merging instance 'u_lcd_rgb_topi_3/u_lcd_rgb_top/u_dash_osd/pch_a_reg[2]' (FDC) to 'u_lcd_rgb_topi_3/u_lcd_rgb_top/u_osd_overlay/pch_a_reg[2]'
INFO: [Synth 8-3886] merging instance 'u_lcd_rgb_topi_3/u_lcd_rgb_top/u_dash_osd/pch_a_reg[3]' (FDC) to 'u_lcd_rgb_topi_3/u_lcd_rgb_top/u_osd_overlay/pch_a_reg[3]'
INFO: [Synth 8-3886] merging instance 'u_lcd_rgb_topi_3/u_lcd_rgb_top/u_dash_osd/pch_a_reg[4]' (FDC) to 'u_lcd_rgb_topi_3/u_lcd_rgb_top/u_osd_overlay/pch_a_reg[4]'
INFO: [Synth 8-3886] merging instance 'u_lcd_rgb_topi_3/u_lcd_rgb_top/u_dash_osd/pch_a_reg[5]' (FDC) to 'u_lcd_rgb_topi_3/u_lcd_rgb_top/u_osd_overlay/pch_a_reg[5]'
INFO: [Synth 8-3886] merging instance 'u_lcd_rgb_topi_3/u_lcd_rgb_top/u_dash_osd/pch_b_reg[1]' (FDC) to 'u_lcd_rgb_topi_3/u_lcd_rgb_top/u_osd_overlay/pch_b_reg[1]'
INFO: [Synth 8-3886] merging instance 'u_lcd_rgb_topi_3/u_lcd_rgb_top/u_dash_osd/pch_b_reg[0]' (FDC) to 'u_lcd_rgb_topi_3/u_lcd_rgb_top/u_osd_overlay/pch_b_reg[0]'
INFO: [Synth 8-3886] merging instance 'u_lcd_rgb_topi_3/u_lcd_rgb_top/u_dash_osd/rol_a_reg[2]' (FDC) to 'u_lcd_rgb_topi_3/u_lcd_rgb_top/u_osd_overlay/rol_a_reg[2]'
INFO: [Synth 8-3886] merging instance 'u_lcd_rgb_topi_3/u_lcd_rgb_top/u_dash_osd/rol_a_reg[3]' (FDC) to 'u_lcd_rgb_topi_3/u_lcd_rgb_top/u_osd_overlay/rol_a_reg[3]'
INFO: [Synth 8-3886] merging instance 'u_lcd_rgb_topi_3/u_lcd_rgb_top/u_dash_osd/rol_a_reg[4]' (FDC) to 'u_lcd_rgb_topi_3/u_lcd_rgb_top/u_osd_overlay/rol_a_reg[4]'
INFO: [Synth 8-3886] merging instance 'u_lcd_rgb_topi_3/u_lcd_rgb_top/u_dash_osd/rol_b_reg[0]' (FDC) to 'u_lcd_rgb_topi_3/u_lcd_rgb_top/u_osd_overlay/rol_b_reg[0]'
INFO: [Synth 8-3886] merging instance 'u_lcd_rgb_topi_3/u_lcd_rgb_top/u_dash_osd/rol_a_reg[5]' (FDC) to 'u_lcd_rgb_topi_3/u_lcd_rgb_top/u_osd_overlay/rol_a_reg[5]'
INFO: [Synth 8-3886] merging instance 'u_lcd_rgb_topi_3/u_lcd_rgb_top/u_dash_osd/rol_b_reg[1]' (FDC) to 'u_lcd_rgb_topi_3/u_lcd_rgb_top/u_osd_overlay/rol_b_reg[1]'
INFO: [Synth 8-3886] merging instance 'u_lcd_rgb_topi_3/u_lcd_rgb_top/u_dash_osd/pch_a_reg[6]' (FDC) to 'u_lcd_rgb_topi_3/u_lcd_rgb_top/u_osd_overlay/pch_a_reg[6]'
INFO: [Synth 8-3886] merging instance 'u_lcd_rgb_topi_3/u_lcd_rgb_top/u_dash_osd/pch_a_reg[7]' (FDC) to 'u_lcd_rgb_topi_3/u_lcd_rgb_top/u_osd_overlay/pch_a_reg[7]'
INFO: [Synth 8-3886] merging instance 'u_lcd_rgb_topi_3/u_lcd_rgb_top/u_dash_osd/pch_a_reg[8]' (FDC) to 'u_lcd_rgb_topi_3/u_lcd_rgb_top/u_osd_overlay/pch_a_reg[8]'
INFO: [Synth 8-3886] merging instance 'u_lcd_rgb_topi_3/u_lcd_rgb_top/u_dash_osd/pch_b_reg[2]' (FDC) to 'u_lcd_rgb_topi_3/u_lcd_rgb_top/u_osd_overlay/pch_b_reg[2]'
INFO: [Synth 8-3886] merging instance 'u_lcd_rgb_topi_3/u_lcd_rgb_top/u_dash_osd/pch_b_reg[3]' (FDC) to 'u_lcd_rgb_topi_3/u_lcd_rgb_top/u_osd_overlay/pch_b_reg[3]'
INFO: [Synth 8-3886] merging instance 'u_lcd_rgb_topi_3/u_lcd_rgb_top/u_dash_osd/pch_b_reg[4]' (FDC) to 'u_lcd_rgb_topi_3/u_lcd_rgb_top/u_osd_overlay/pch_b_reg[4]'
INFO: [Synth 8-3886] merging instance 'u_lcd_rgb_topi_3/u_lcd_rgb_top/u_dash_osd/pch_a_reg[9]' (FDC) to 'u_lcd_rgb_topi_3/u_lcd_rgb_top/u_osd_overlay/pch_a_reg[9]'
INFO: [Synth 8-3886] merging instance 'u_lcd_rgb_topi_3/u_lcd_rgb_top/u_dash_osd/pch_b_reg[5]' (FDC) to 'u_lcd_rgb_topi_3/u_lcd_rgb_top/u_osd_overlay/pch_b_reg[5]'
INFO: [Synth 8-3886] merging instance 'u_lcd_rgb_topi_3/u_lcd_rgb_top/u_dash_osd/rol_a_reg[6]' (FDC) to 'u_lcd_rgb_topi_3/u_lcd_rgb_top/u_osd_overlay/rol_a_reg[6]'
INFO: [Synth 8-3886] merging instance 'u_lcd_rgb_topi_3/u_lcd_rgb_top/u_dash_osd/rol_a_reg[7]' (FDC) to 'u_lcd_rgb_topi_3/u_lcd_rgb_top/u_osd_overlay/rol_a_reg[7]'
INFO: [Synth 8-3886] merging instance 'u_lcd_rgb_topi_3/u_lcd_rgb_top/u_dash_osd/rol_a_reg[8]' (FDC) to 'u_lcd_rgb_topi_3/u_lcd_rgb_top/u_osd_overlay/rol_a_reg[8]'
INFO: [Synth 8-3886] merging instance 'u_lcd_rgb_topi_3/u_lcd_rgb_top/u_dash_osd/rol_b_reg[2]' (FDC) to 'u_lcd_rgb_topi_3/u_lcd_rgb_top/u_osd_overlay/rol_b_reg[2]'
INFO: [Synth 8-3886] merging instance 'u_lcd_rgb_topi_3/u_lcd_rgb_top/u_dash_osd/rol_b_reg[3]' (FDC) to 'u_lcd_rgb_topi_3/u_lcd_rgb_top/u_osd_overlay/rol_b_reg[3]'
INFO: [Synth 8-3886] merging instance 'u_lcd_rgb_topi_3/u_lcd_rgb_top/u_dash_osd/rol_b_reg[4]' (FDC) to 'u_lcd_rgb_topi_3/u_lcd_rgb_top/u_osd_overlay/rol_b_reg[4]'
INFO: [Synth 8-3886] merging instance 'u_lcd_rgb_topi_3/u_lcd_rgb_top/u_dash_osd/rol_a_reg[9]' (FDC) to 'u_lcd_rgb_topi_3/u_lcd_rgb_top/u_osd_overlay/rol_a_reg[9]'
INFO: [Synth 8-3886] merging instance 'u_lcd_rgb_topi_3/u_lcd_rgb_top/u_dash_osd/rol_b_reg[5]' (FDC) to 'u_lcd_rgb_topi_3/u_lcd_rgb_top/u_osd_overlay/rol_b_reg[5]'
INFO: [Synth 8-3886] merging instance 'u_lcd_rgb_topi_3/u_lcd_rgb_top/u_dash_osd/pch_a_reg[10]' (FDC) to 'u_lcd_rgb_topi_3/u_lcd_rgb_top/u_osd_overlay/pch_a_reg[10]'
INFO: [Synth 8-3886] merging instance 'u_lcd_rgb_topi_3/u_lcd_rgb_top/u_dash_osd/pch_a_reg[11]' (FDC) to 'u_lcd_rgb_topi_3/u_lcd_rgb_top/u_osd_overlay/pch_a_reg[11]'
INFO: [Synth 8-3886] merging instance 'u_lcd_rgb_topi_3/u_lcd_rgb_top/u_dash_osd/pch_a_reg[12]' (FDC) to 'u_lcd_rgb_topi_3/u_lcd_rgb_top/u_osd_overlay/pch_a_reg[12]'
INFO: [Synth 8-3886] merging instance 'u_lcd_rgb_topi_3/u_lcd_rgb_top/u_dash_osd/pch_b_reg[6]' (FDC) to 'u_lcd_rgb_topi_3/u_lcd_rgb_top/u_osd_overlay/pch_b_reg[6]'
INFO: [Synth 8-3886] merging instance 'u_lcd_rgb_topi_3/u_lcd_rgb_top/u_dash_osd/pch_b_reg[7]' (FDC) to 'u_lcd_rgb_topi_3/u_lcd_rgb_top/u_osd_overlay/pch_b_reg[7]'
INFO: [Synth 8-3886] merging instance 'u_lcd_rgb_topi_3/u_lcd_rgb_top/u_dash_osd/pch_b_reg[8]' (FDC) to 'u_lcd_rgb_topi_3/u_lcd_rgb_top/u_osd_overlay/pch_b_reg[8]'
INFO: [Synth 8-3886] merging instance 'u_lcd_rgb_topi_3/u_lcd_rgb_top/u_dash_osd/pch_a_reg[13]' (FDC) to 'u_lcd_rgb_topi_3/u_lcd_rgb_top/u_osd_overlay/pch_a_reg[13]'
INFO: [Common 17-14] Message 'Synth 8-3886' appears 100 times and further instances of the messages will be disabled. Use the Tcl command set_msg_config to change the current settings.
