case__421: osd_overlay__GB5, 
case__625: top_dual_ov5640_lcd__GCB1, 
reg__416: top_dual_ov5640_lcd__GCB1, 
reg__154: top_dual_ov5640_lcd__GCB1, 
case__470: dash_osd__GB1, 
reg__147: top_dual_ov5640_lcd__GCB1, 
case__450: osd_overlay__GB5, 
case__54: top_dual_ov5640_lcd__GCB2, 
reg__267: osd_overlay__GB5, 
case__317: osd_overlay__GB6, 
case__115: top_dual_ov5640_lcd__GCB0, 
logic__1898: top_dual_ov5640_lcd__GCB1, 
datapath__758: top_dual_ov5640_lcd__GCB1, 
logic__1515: dash_osd__GB0, 
reg__55: top_dual_ov5640_lcd__GCB0, 
logic__1527: dash_osd__GB1, 
logic__1523: dash_osd__GB1, 
logic__1174: dash_osd__GB0, 
logic__1192: dash_osd__GB1, 
logic__1457: dash_osd__GB1, 
muxpart__192: dash_osd__GB1, 
datapath__135: lcd_rgb_top__GC0, 
logic__238: top_dual_ov5640_lcd__GCB0, 
muxpart__149: dash_osd__GB1, 
case__205: top_dual_ov5640_lcd__GCB0, 
muxpart__32: top_dual_ov5640_lcd__GCB0, 
case__247: top_dual_ov5640_lcd__GCB1, 
datapath__232: osd_overlay__GB5, 
reg__33: top_dual_ov5640_lcd__GCB0, 
i2c_ov5640_rgb565_cfg: top_dual_ov5640_lcd__GCB2, 
muxpart__103: osd_overlay__GB6, 
logic__926: osd_overlay__GB2, 
datapath__698: dash_osd__GB0, 
case__44: top_dual_ov5640_lcd__GCB2, 
case__657: top_dual_ov5640_lcd__GCB1, 
datapath__610: dash_osd__GB1, 
datapath__445: osd_overlay__GB5, 
datapath__693: dash_osd__GB0, 
datapath__559: dash_osd__GB1, 
case__145: top_dual_ov5640_lcd__GCB2, 
datapath__328: osd_overlay__GB4, 
case__513: dash_osd__GB1, 
datapath__285: osd_overlay__GB0, 
logic__218: top_dual_ov5640_lcd__GCB2, 
reg__366: dash_osd__GB0, 
reg__396: top_dual_ov5640_lcd__GCB1, 
logic__815: osd_overlay__GB5, 
case__341: osd_overlay__GB6, 
logic__1715: top_dual_ov5640_lcd__GCB1, 
osd_overlay__GB5: osd_overlay__GB5, 
reg__341: dash_osd__GB0, 
datapath__618: dash_osd__GB1, 
datapath__175: osd_overlay__GB5, 
case__321: osd_overlay__GB6, 
reg__194: top_dual_ov5640_lcd__GCB1, 
case__439: osd_overlay__GB5, 
case__378: osd_overlay__GB5, 
reg__82: top_dual_ov5640_lcd__GCB2, 
logic__647: lcd_rgb_top__GC0, 
case__194: top_dual_ov5640_lcd__GCB1, 
muxpart__112: osd_overlay__GB6, 
case__677: top_dual_ov5640_lcd__GCB1, 
reg__43: top_dual_ov5640_lcd__GCB0, 
reg__65: top_dual_ov5640_lcd__GCB2, 
case__360: osd_overlay__GB6, 
datapath__711: dash_osd__GB1, 
case__212: top_dual_ov5640_lcd__GCB0, 
case__355: osd_overlay__GB6, 
logic__592: top_dual_ov5640_lcd__GCB1, 
datapath__121: top_dual_ov5640_lcd__GCB1, 
logic__1646: dash_osd__GB1, 
muxpart__151: dash_osd__GB1, 
logic__1508: dash_osd__GB0, 
logic__1555: dash_osd__GB0, 
case__35: top_dual_ov5640_lcd__GCB2, 
datapath__155: lcd_rgb_top__GC0, 
reg__192: top_dual_ov5640_lcd__GCB1, 
reg__379: dash_osd__GB0, 
datapath__179: osd_overlay__GB5, 
logic__1318: dash_osd__GB1, 
case__235: top_dual_ov5640_lcd__GCB1, 
reg__283: osd_overlay__GB5, 
datapath__6: top_dual_ov5640_lcd__GCB0, 
top_dual_ov5640_lcd__GCB0: top_dual_ov5640_lcd__GCB0, 
logic__381: top_dual_ov5640_lcd__GCB1, 
logic__1570: dash_osd__GB1, 
datapath__288: osd_overlay__GB0, 
reg__71: top_dual_ov5640_lcd__GCB2, 
case__490: dash_osd__GB0, 
datapath__262: osd_overlay__GB0, 
datapath__14: top_dual_ov5640_lcd__GCB0, 
case__650: top_dual_ov5640_lcd__GCB1, 
logic__1667: dash_osd__GB0, 
case__295: osd_overlay__GB6, 
reg__257: lcd_rgb_top__GC0, 
case__47: top_dual_ov5640_lcd__GCB2, 
logic__973: osd_overlay__GB5, 
logic__1409: dash_osd__GB0, 
ddr3_fifo_ctrl__xdcDup__1: top_dual_ov5640_lcd__GCB1, 
logic__2051: top_dual_ov5640_lcd__GCB1, 
reg__241: lcd_rgb_top__GC0, 
logic__1069: dash_osd__GB1, 
muxpart__9: top_dual_ov5640_lcd__GCB2, 
case__320: osd_overlay__GB6, 
reg__242: lcd_rgb_top__GC0, 
case__393: osd_overlay__GB5, 
datapath__665: dash_osd__GB0, 
muxpart__181: dash_osd__GB1, 
case__640: top_dual_ov5640_lcd__GCB1, 
case__8: top_dual_ov5640_lcd__GCB2, 
reg__377: dash_osd__GB0, 
wr_fifo: top_dual_ov5640_lcd__GCB1, 
case__448: osd_overlay__GB5, 
cmos_capture_data: top_dual_ov5640_lcd__GCB2, 
logic__681: lcd_rgb_top__GC0, 
case__279: lcd_rgb_top__GC0, 
datapath__739: top_dual_ov5640_lcd__GCB1, 
datapath__369: osd_overlay__GB5, 
logic__1486: dash_osd__GB1, 
dsp48e1__3: top_dual_ov5640_lcd__GCB1, 
case__256: top_dual_ov5640_lcd__GCB1, 
datapath__613: dash_osd__GB0, 
logic__631: top_dual_ov5640_lcd__GCB1, 
datapath__100: top_dual_ov5640_lcd__GCB1, 
logic__1427: dash_osd__GB1, 
datapath__605: dash_osd__GB0, 
reg__447: top_dual_ov5640_lcd__GCB1, 
datapath__362: osd_overlay__GB5, 
case__511: dash_osd__GB0, 
reg__96: top_dual_ov5640_lcd__GCB1, 
datapath__736: top_dual_ov5640_lcd__GCB1, 
logic__13: top_dual_ov5640_lcd__GCB2, 
reg__378: dash_osd__GB0, 
logic__1321: dash_osd__GB1, 
logic__2042: top_dual_ov5640_lcd__GCB1, 
reg__290: osd_overlay__GB5, 
datapath__229: osd_overlay__GB5, 
reg__179: top_dual_ov5640_lcd__GCB1, 
case__293: lcd_rgb_top__GC0, 
logic__547: top_dual_ov5640_lcd__GCB1, 
muxpart__77: top_dual_ov5640_lcd__GCB0, 
case__659: top_dual_ov5640_lcd__GCB1, 
case__262: top_dual_ov5640_lcd__GCB1, 
reg__351: dash_osd__GB0, 
datapath__494: dash_osd__GB1, 
case__630: top_dual_ov5640_lcd__GCB1, 
datapath__204: osd_overlay__GB5, 
logic__162: top_dual_ov5640_lcd__GCB2, 
reg__156: top_dual_ov5640_lcd__GCB1, 
case__345: osd_overlay__GB6, 
datapath__543: dash_osd__GB1, 
reg__288: osd_overlay__GB5, 
case: top_dual_ov5640_lcd__GCB2, 
datapath__732: dash_osd__GB1, 
case__373: osd_overlay__GB5, 
case__476: dash_osd__GB0, 
muxpart__134: osd_overlay__GB5, 
case__412: osd_overlay__GB0, 
logic__1746: top_dual_ov5640_lcd__GCB1, 
top_dual_ov5640_lcd__GCB2: top_dual_ov5640_lcd__GCB2, 
datapath__511: dash_osd__GB1, 
reg__7: top_dual_ov5640_lcd__GCB2, 
reg__251: lcd_rgb_top__GC0, 
case__639: top_dual_ov5640_lcd__GCB1, 
logic__385: top_dual_ov5640_lcd__GCB1, 
case__390: osd_overlay__GB6, 
datapath__7: top_dual_ov5640_lcd__GCB0, 
reg__222: lcd_rgb_top__GC0, 
logic__1722: top_dual_ov5640_lcd__GCB1, 
reg__355: dash_osd__GB0, 
attitude_cf: top_dual_ov5640_lcd__GCB1, 
reg__469: top_dual_ov5640_lcd__GCB1, 
case__410: osd_overlay__GB1, 
datapath__735: top_dual_ov5640_lcd__GCB1, 
reg__46: top_dual_ov5640_lcd__GCB0, 
reg__111: top_dual_ov5640_lcd__GCB0, 
case__383: osd_overlay__GB5, 
case__713: top_dual_ov5640_lcd__GCB1, 
datapath__19: top_dual_ov5640_lcd__GCB2, 
logic__1868: top_dual_ov5640_lcd__GCB1, 
case__626: top_dual_ov5640_lcd__GCB1, 
datapath__10: top_dual_ov5640_lcd__GCB0, 
logic__1298: dash_osd__GB0, 
reg__261: osd_overlay__GB5, 
datapath__682: dash_osd__GB0, 
case__178: top_dual_ov5640_lcd__GCB1, 
reg__171: top_dual_ov5640_lcd__GCB1, 
logic__2076: top_dual_ov5640_lcd__GCB1, 
reg__152: top_dual_ov5640_lcd__GCB1, 
case__323: osd_overlay__GB6, 
muxpart__140: osd_overlay__GB5, 
case__80: top_dual_ov5640_lcd__GCB0, 
reg__101: top_dual_ov5640_lcd__GCB0, 
reg__443: top_dual_ov5640_lcd__GCB1, 
case__662: top_dual_ov5640_lcd__GCB1, 
logic__1136: dash_osd__GB1, 
reg__454: top_dual_ov5640_lcd__GCB1, 
case__633: top_dual_ov5640_lcd__GCB1, 
logic__2064: top_dual_ov5640_lcd__GCB1, 
reg__264: osd_overlay__GB5, 
logic__48: top_dual_ov5640_lcd__GCB2, 
mode_switch: top_dual_ov5640_lcd__GCB0, 
logic__848: osd_overlay__GB5, 
case__140: top_dual_ov5640_lcd__GCB2, 
datapath__571: dash_osd__GB0, 
reg__108: top_dual_ov5640_lcd__GCB0, 
case__208: top_dual_ov5640_lcd__GCB0, 
case__684: top_dual_ov5640_lcd__GCB1, 
datapath__2: top_dual_ov5640_lcd__GCB2, 
case__278: lcd_rgb_top__GC0, 
datapath__372: osd_overlay__GB5, 
logic__536: top_dual_ov5640_lcd__GCB1, 
case__493: dash_osd__GB0, 
logic__1227: dash_osd__GB0, 
datapath__533: dash_osd__GB1, 
logic__550: top_dual_ov5640_lcd__GCB1, 
case__245: top_dual_ov5640_lcd__GCB1, 
logic__1708: top_dual_ov5640_lcd__GCB1, 
logic__213: top_dual_ov5640_lcd__GCB2, 
case__290: lcd_rgb_top__GC0, 
case__408: osd_overlay__GB2, 
logic__2040: top_dual_ov5640_lcd__GCB1, 
datapath__126: lcd_rgb_top__GC0, 
osd_overlay__GB4: osd_overlay__GB4, 
reg__178: top_dual_ov5640_lcd__GCB1, 
datapath__454: osd_overlay__GB5, 
case__432: osd_overlay__GB5, 
reg__344: dash_osd__GB1, 
case__562: top_dual_ov5640_lcd__GCB1, 
datapath__409: osd_overlay__GB5, 
muxpart__172: dash_osd__GB0, 
datapath__557: dash_osd__GB1, 
logic__1496: dash_osd__GB0, 
reg__277: osd_overlay__GB5, 
logic__1172: dash_osd__GB0, 
datapath__680: dash_osd__GB0, 
datapath__325: osd_overlay__GB4, 
case__12: top_dual_ov5640_lcd__GCB2, 
datapath__373: osd_overlay__GB5, 
logic__1299: dash_osd__GB0, 
case__688: top_dual_ov5640_lcd__GCB1, 
muxpart__122: osd_overlay__GB6, 
logic__608: top_dual_ov5640_lcd__GCB1, 
logic__523: top_dual_ov5640_lcd__GCB1, 
case__291: lcd_rgb_top__GC0, 
reg__406: top_dual_ov5640_lcd__GCB1, 
datapath__576: dash_osd__GB1, 
reg__276: osd_overlay__GB5, 
case__425: osd_overlay__GB5, 
datapath__141: lcd_rgb_top__GC0, 
datapath__745: top_dual_ov5640_lcd__GCB1, 
case__111: top_dual_ov5640_lcd__GCB0, 
reg__158: top_dual_ov5640_lcd__GCB1, 
muxpart__131: osd_overlay__GB6, 
logic__858: osd_overlay__GB5, 
logic__1336: dash_osd__GB0, 
logic__1871: top_dual_ov5640_lcd__GCB1, 
reg__375: dash_osd__GB0, 
reg__347: dash_osd__GB0, 
logic__1864: top_dual_ov5640_lcd__GCB1, 
datapath__222: osd_overlay__GB5, 
logic__880: osd_overlay__GB5, 
logic__1236: dash_osd__GB0, 
case__521: dash_osd__GB1, 
datapath__677: dash_osd__GB0, 
datapath__253: osd_overlay__GB2, 
logic__1391: dash_osd__GB0, 
logic__453: top_dual_ov5640_lcd__GCB0, 
datapath__534: dash_osd__GB1, 
case__458: dash_osd__GB1, 
muxpart__104: osd_overlay__GB6, 
logic__834: osd_overlay__GB5, 
logic__1638: dash_osd__GB1, 
reg__134: top_dual_ov5640_lcd__GCB0, 
datapath__730: dash_osd__GB1, 
datapath__184: osd_overlay__GB5, 
logic__539: top_dual_ov5640_lcd__GCB1, 
logic__1267: dash_osd__GB1, 
datapath__40: top_dual_ov5640_lcd__GCB0, 
logic__720: lcd_rgb_top__GC0, 
datapath__743: top_dual_ov5640_lcd__GCB1, 
case__306: osd_overlay__GB6, 
counter__16: top_dual_ov5640_lcd__GCB1, 
datapath__740: top_dual_ov5640_lcd__GCB1, 
logic__615: top_dual_ov5640_lcd__GCB1, 
datapath__526: dash_osd__GB1, 
datapath__389: osd_overlay__GB5, 
muxpart__82: top_dual_ov5640_lcd__GCB1, 
case__71: top_dual_ov5640_lcd__GCB0, 
logic__749: osd_overlay__GB5, 
logic__1257: dash_osd__GB0, 
datapath__490: dash_osd__GB1, 
case__123: top_dual_ov5640_lcd__GCB0, 
datapath__678: dash_osd__GB0, 
case__143: top_dual_ov5640_lcd__GCB2, 
datapath__517: dash_osd__GB1, 
logic__1456: dash_osd__GB0, 
logic__244: top_dual_ov5640_lcd__GCB0, 
datapath__705: dash_osd__GB0, 
reg__202: lcd_rgb_top__GC0, 
case__37: top_dual_ov5640_lcd__GCB2, 
logic__1329: dash_osd__GB1, 
logic__2044: top_dual_ov5640_lcd__GCB1, 
datapath__632: dash_osd__GB1, 
datapath__598: dash_osd__GB0, 
reg__420: top_dual_ov5640_lcd__GCB1, 
case__130: top_dual_ov5640_lcd__GCB2, 
logic__938: osd_overlay__GB0, 
logic__209: top_dual_ov5640_lcd__GCB2, 
reg__107: top_dual_ov5640_lcd__GCB0, 
muxpart__89: lcd_rgb_top__GC0, 
logic__2081: top_dual_ov5640_lcd__GCB0, 
datapath__590: dash_osd__GB0, 
reg__237: lcd_rgb_top__GC0, 
logic__228: top_dual_ov5640_lcd__GCB0, 
datapath__585: dash_osd__GB1, 
datapath__122: top_dual_ov5640_lcd__GCB1, 
datapath__692: dash_osd__GB1, 
logic__1668: dash_osd__GB1, 
logic__1190: dash_osd__GB0, 
datapath__170: osd_overlay__GB5, 
logic__1705: lcd_rgb_top__GC0, 
logic__1466: dash_osd__GB0, 
case__186: top_dual_ov5640_lcd__GCB1, 
datapath__310: osd_overlay__GB0, 
muxpart__201: dash_osd__GB0, 
datapath__473: osd_overlay__GB5, 
datapath__674: dash_osd__GB1, 
logic__1100: dash_osd__GB0, 
case__711: top_dual_ov5640_lcd__GCB1, 
case__332: osd_overlay__GB6, 
datapath__50: top_dual_ov5640_lcd__GCB0, 
reg__231: lcd_rgb_top__GC0, 
logic__156: top_dual_ov5640_lcd__GCB2, 
case__708: top_dual_ov5640_lcd__GCB1, 
reg__87: top_dual_ov5640_lcd__GCB1, 
logic__312: top_dual_ov5640_lcd__GCB2, 
reg__115: top_dual_ov5640_lcd__GCB0, 
logic__1226: dash_osd__GB1, 
case__567: top_dual_ov5640_lcd__GCB1, 
muxpart__10: top_dual_ov5640_lcd__GCB2, 
counter__7: top_dual_ov5640_lcd__GCB2, 
reg__1: top_dual_ov5640_lcd__GCB2, 
muxpart__133: osd_overlay__GB5, 
muxpart__79: top_dual_ov5640_lcd__GCB0, 
reg__78: top_dual_ov5640_lcd__GCB2, 
dsp48e1__10: lcd_rgb_top__GC0, 
muxpart__212: dash_osd__GB1, 
case__292: lcd_rgb_top__GC0, 
reg__260: lcd_rgb_top__GC0, 
case__190: top_dual_ov5640_lcd__GCB1, 
case__487: dash_osd__GB1, 
case__712: top_dual_ov5640_lcd__GCB1, 
datapath__528: dash_osd__GB1, 
logic__1119: dash_osd__GB0, 
muxpart__217: top_dual_ov5640_lcd__GCB1, 
logic__2023: top_dual_ov5640_lcd__GCB1, 
datapath__218: osd_overlay__GB5, 
datapath__535: dash_osd__GB1, 
reg__210: lcd_rgb_top__GC0, 
muxpart__145: osd_overlay__GB5, 
datapath__541: dash_osd__GB1, 
reg__339: dash_osd__GB0, 
muxpart__208: dash_osd__GB0, 
case__116: top_dual_ov5640_lcd__GCB0, 
reg__446: top_dual_ov5640_lcd__GCB1, 
logic__231: top_dual_ov5640_lcd__GCB0, 
datapath__651: dash_osd__GB0, 
datapath__28: top_dual_ov5640_lcd__GCB1, 
logic__461: top_dual_ov5640_lcd__GCB0, 
case__216: top_dual_ov5640_lcd__GCB0, 
reg__419: top_dual_ov5640_lcd__GCB1, 
muxpart__85: top_dual_ov5640_lcd__GCB1, 
case__403: osd_overlay__GB5, 
datapath__174: osd_overlay__GB5, 
reg__120: top_dual_ov5640_lcd__GCB0, 
logic__1432: dash_osd__GB0, 
muxpart__194: dash_osd__GB0, 
reg__432: top_dual_ov5640_lcd__GCB1, 
datapath__670: dash_osd__GB0, 
case__422: osd_overlay__GB5, 
case__340: osd_overlay__GB6, 
ddr3_rw: top_dual_ov5640_lcd__GCB1, 
muxpart__176: dash_osd__GB0, 
logic__811: osd_overlay__GB5, 
datapath__471: osd_overlay__GB5, 
case__203: top_dual_ov5640_lcd__GCB0, 
datapath__706: dash_osd__GB0, 
ttc_warn: top_dual_ov5640_lcd__GCB0, 
logic__159: top_dual_ov5640_lcd__GCB2, 
case__177: top_dual_ov5640_lcd__GCB1, 
reg__49: top_dual_ov5640_lcd__GCB0, 
reg__196: top_dual_ov5640_lcd__GCB1, 
logic__593: top_dual_ov5640_lcd__GCB1, 
tracker_ctrl: top_dual_ov5640_lcd__GCB1, 
logic__1885: top_dual_ov5640_lcd__GCB1, 
logic__5: top_dual_ov5640_lcd__GCB2, 
reg__301: osd_overlay__GB5, 
case__86: top_dual_ov5640_lcd__GCB0, 
reg__201: lcd_rgb_top__GC0, 
case__494: dash_osd__GB0, 
datapath__249: osd_overlay__GB2, 
case__667: top_dual_ov5640_lcd__GCB1, 
datapath__379: osd_overlay__GB5, 
reg__249: lcd_rgb_top__GC0, 
reg__275: osd_overlay__GB5, 
reg__226: lcd_rgb_top__GC0, 
logic__1874: top_dual_ov5640_lcd__GCB1, 
muxpart__175: dash_osd__GB1, 
case__112: top_dual_ov5640_lcd__GCB0, 
datapath__77: top_dual_ov5640_lcd__GCB0, 
case__52: top_dual_ov5640_lcd__GCB2, 
reg__121: top_dual_ov5640_lcd__GCB0, 
reg__105: top_dual_ov5640_lcd__GCB0, 
datapath__453: osd_overlay__GB5, 
datapath__447: osd_overlay__GB5, 
datapath__555: dash_osd__GB1, 
logic__1979: top_dual_ov5640_lcd__GCB1, 
case__503: dash_osd__GB0, 
datapath__725: dash_osd__GB1, 
datapath__75: top_dual_ov5640_lcd__GCB0, 
counter__19: lcd_rgb_top__GC0, 
datapath__734: top_dual_ov5640_lcd__GCB1, 
logic__1553: dash_osd__GB0, 
logic__1895: top_dual_ov5640_lcd__GCB1, 
logic__499: top_dual_ov5640_lcd__GCB0, 
reg__268: osd_overlay__GB5, 
datapath__436: osd_overlay__GB5, 
reg__435: top_dual_ov5640_lcd__GCB1, 
case__316: osd_overlay__GB6, 
muxpart__143: osd_overlay__GB5, 
case__129: top_dual_ov5640_lcd__GCB0, 
reg__102: top_dual_ov5640_lcd__GCB0, 
case__416: osd_overlay__GB0, 
logic__1303: dash_osd__GB0, 
reg__425: top_dual_ov5640_lcd__GCB1, 
reg__383: dash_osd__GB0, 
case__148: top_dual_ov5640_lcd__GCB2, 
logic__301: top_dual_ov5640_lcd__GCB2, 
datapath__177: osd_overlay__GB5, 
logic__665: lcd_rgb_top__GC0, 
case__46: top_dual_ov5640_lcd__GCB2, 
datapath__747: top_dual_ov5640_lcd__GCB1, 
muxpart__94: lcd_rgb_top__GC0, 
datapath__703: dash_osd__GB0, 
logic__1403: dash_osd__GB1, 
logic__56: top_dual_ov5640_lcd__GCB2, 
case__82: top_dual_ov5640_lcd__GCB0, 
datapath__608: dash_osd__GB0, 
reg__174: top_dual_ov5640_lcd__GCB1, 
datapath__23: top_dual_ov5640_lcd__GCB1, 
muxpart__113: osd_overlay__GB6, 
datapath__150: lcd_rgb_top__GC0, 
case__40: top_dual_ov5640_lcd__GCB2, 
datapath__15: top_dual_ov5640_lcd__GCB0, 
logic__866: osd_overlay__GB5, 
logic__1995: top_dual_ov5640_lcd__GCB1, 
datapath__657: dash_osd__GB0, 
datapath__274: osd_overlay__GB1, 
logic__293: top_dual_ov5640_lcd__GCB2, 
case__232: top_dual_ov5640_lcd__GCB1, 
datapath__124: lcd_rgb_top__GC0, 
logic__448: top_dual_ov5640_lcd__GCB0, 
datapath__741: top_dual_ov5640_lcd__GCB1, 
case__120: top_dual_ov5640_lcd__GCB0, 
case__305: osd_overlay__GB6, 
logic__719: lcd_rgb_top__GC0, 
datapath__660: dash_osd__GB0, 
datapath__386: osd_overlay__GB5, 
datapath__241: osd_overlay__GB5, 
datapath__203: osd_overlay__GB5, 
logic__1896: top_dual_ov5640_lcd__GCB1, 
logic__916: osd_overlay__GB6, 
case__382: osd_overlay__GB5, 
case__428: osd_overlay__GB5, 
datapath__295: osd_overlay__GB3, 
reg__209: lcd_rgb_top__GC0, 
case__481: dash_osd__GB0, 
logic__760: osd_overlay__GB5, 
logic__1439: dash_osd__GB0, 
case__480: dash_osd__GB1, 
datapath__639: dash_osd__GB0, 
logic__1749: top_dual_ov5640_lcd__GCB1, 
v1_decode: top_dual_ov5640_lcd__GCB1, 
datapath__160: lcd_rgb_top__GC0, 
logic__729: lcd_rgb_top__GC0, 
reg__340: dash_osd__GB0, 
logic__1028: dash_osd__GB1, 
reg__442: top_dual_ov5640_lcd__GCB1, 
logic__224: top_dual_ov5640_lcd__GCB0, 
logic__1517: dash_osd__GB0, 
muxpart__209: dash_osd__GB0, 
dsp48e1__4: top_dual_ov5640_lcd__GCB1, 
muxpart__108: osd_overlay__GB6, 
datapath__318: osd_overlay__GB4, 
logic__1036: dash_osd__GB1, 
case__445: osd_overlay__GB5, 
reg__359: dash_osd__GB1, 
logic__582: top_dual_ov5640_lcd__GCB1, 
reg__300: osd_overlay__GB5, 
case__83: top_dual_ov5640_lcd__GCB0, 
case__352: osd_overlay__GB6, 
datapath__749: top_dual_ov5640_lcd__GCB1, 
datapath__726: dash_osd__GB1, 
case__276: top_dual_ov5640_lcd__GCB1, 
muxpart__204: dash_osd__GB0, 
datapath__239: osd_overlay__GB5, 
reg__336: dash_osd__GB0, 
case__628: top_dual_ov5640_lcd__GCB1, 
logic__2030: top_dual_ov5640_lcd__GCB1, 
datapath__258: osd_overlay__GB0, 
datapath__662: dash_osd__GB0, 
reg__427: top_dual_ov5640_lcd__GCB1, 
logic__328: top_dual_ov5640_lcd__GCB1, 
logic__1141: dash_osd__GB0, 
datapath__180: osd_overlay__GB5, 
logic__1058: dash_osd__GB0, 
reg__73: top_dual_ov5640_lcd__GCB2, 
muxpart__164: dash_osd__GB0, 
muxpart__117: osd_overlay__GB6, 
case__134: top_dual_ov5640_lcd__GCB2, 
case__678: top_dual_ov5640_lcd__GCB1, 
case__277: lcd_rgb_top__GC0, 
logic__1012: dash_osd__GB1, 
datapath__148: lcd_rgb_top__GC0, 
reg__424: top_dual_ov5640_lcd__GCB1, 
muxpart__111: osd_overlay__GB6, 
reg__439: top_dual_ov5640_lcd__GCB1, 
datapath__565: dash_osd__GB1, 
logic__793: osd_overlay__GB5, 
logic__1308: dash_osd__GB0, 
case__406: osd_overlay__GB2, 
reg__390: dash_osd__GB0, 
osd_overlay__GB3: osd_overlay__GB3, 
datapath__630: dash_osd__GB1, 
logic__1057: dash_osd__GB0, 
logic__1354: dash_osd__GB0, 
datapath__588: dash_osd__GB0, 
datapath__43: top_dual_ov5640_lcd__GCB0, 
logic__1591: dash_osd__GB0, 
datapath__73: top_dual_ov5640_lcd__GCB0, 
logic__1413: dash_osd__GB0, 
muxpart__165: dash_osd__GB0, 
reg__230: lcd_rgb_top__GC0, 
logic__1231: dash_osd__GB0, 
logic__900: osd_overlay__GB5, 
osd_overlay__GB6: osd_overlay__GB6, 
datapath__86: top_dual_ov5640_lcd__GCB0, 
reg__165: top_dual_ov5640_lcd__GCB1, 
case__700: top_dual_ov5640_lcd__GCB1, 
datapath__515: dash_osd__GB1, 
case__248: top_dual_ov5640_lcd__GCB1, 
logic__840: osd_overlay__GB5, 
logic__1900: top_dual_ov5640_lcd__GCB1, 
reg__135: top_dual_ov5640_lcd__GCB0, 
reg__349: dash_osd__GB0, 
logic__386: top_dual_ov5640_lcd__GCB1, 
case__526: top_dual_ov5640_lcd__GCB1, 
logic__485: top_dual_ov5640_lcd__GCB0, 
logic__1891: top_dual_ov5640_lcd__GCB1, 
logic__831: osd_overlay__GB5, 
case__518: dash_osd__GB0, 
datapath__20: top_dual_ov5640_lcd__GCB2, 
logic__498: top_dual_ov5640_lcd__GCB0, 
datapath__712: dash_osd__GB1, 
muxpart__203: dash_osd__GB1, 
datapath__205: osd_overlay__GB5, 
logic__856: osd_overlay__GB5, 
muxpart__174: dash_osd__GB0, 
logic__581: top_dual_ov5640_lcd__GCB1, 
datapath__261: osd_overlay__GB0, 
case__728: top_dual_ov5640_lcd__GCB1, 
case__629: top_dual_ov5640_lcd__GCB1, 
logic__1018: dash_osd__GB1, 
osd_overlay__GB0: osd_overlay__GB0, 
reg__150: top_dual_ov5640_lcd__GCB1, 
logic__626: top_dual_ov5640_lcd__GCB1, 
reg__17: top_dual_ov5640_lcd__GCB2, 
datapath__404: osd_overlay__GB5, 
case__331: osd_overlay__GB6, 
logic__2049: top_dual_ov5640_lcd__GCB1, 
reg__399: top_dual_ov5640_lcd__GCB1, 
reg__164: top_dual_ov5640_lcd__GCB1, 
reg__293: osd_overlay__GB5, 
logic__516: top_dual_ov5640_lcd__GCB1, 
reg__287: osd_overlay__GB5, 
logic__1418: dash_osd__GB0, 
datapath__504: dash_osd__GB1, 
datapath__500: dash_osd__GB1, 
case__131: top_dual_ov5640_lcd__GCB2, 
reg__54: top_dual_ov5640_lcd__GCB0, 
datapath__58: top_dual_ov5640_lcd__GCB0, 
muxpart__71: top_dual_ov5640_lcd__GCB1, 
reg__139: top_dual_ov5640_lcd__GCB0, 
case__652: top_dual_ov5640_lcd__GCB1, 
lcd_driver: lcd_rgb_top__GC0, 
logic__1477: dash_osd__GB0, 
reg__259: lcd_rgb_top__GC0, 
case__42: top_dual_ov5640_lcd__GCB2, 
datapath__93: top_dual_ov5640_lcd__GCB0, 
reg__248: lcd_rgb_top__GC0, 
datapath__584: dash_osd__GB0, 
case__570: top_dual_ov5640_lcd__GCB1, 
logic__1437: dash_osd__GB0, 
case__726: top_dual_ov5640_lcd__GCB1, 
datapath__708: dash_osd__GB0, 
logic__1210: dash_osd__GB0, 
logic__1878: top_dual_ov5640_lcd__GCB1, 
case__324: osd_overlay__GB6, 
reg__410: top_dual_ov5640_lcd__GCB1, 
datapath__187: osd_overlay__GB5, 
reg__184: top_dual_ov5640_lcd__GCB1, 
case__543: top_dual_ov5640_lcd__GCB1, 
logic__1335: dash_osd__GB0, 
datapath__408: osd_overlay__GB5, 
muxpart__27: top_dual_ov5640_lcd__GCB0, 
logic__1892: top_dual_ov5640_lcd__GCB1, 
datapath__264: osd_overlay__GB0, 
case__454: dash_osd__GB1, 
case__558: top_dual_ov5640_lcd__GCB1, 
reg__326: dash_osd__GB1, 
logic__1382: dash_osd__GB0, 
osd_overlay__GB2: osd_overlay__GB2, 
logic__1991: top_dual_ov5640_lcd__GCB1, 
reg__212: lcd_rgb_top__GC0, 
muxpart__206: dash_osd__GB0, 
reg__217: lcd_rgb_top__GC0, 
datapath__92: top_dual_ov5640_lcd__GCB0, 
muxpart__90: lcd_rgb_top__GC0, 
logic__806: osd_overlay__GB5, 
datapath__89: top_dual_ov5640_lcd__GCB0, 
case__491: dash_osd__GB1, 
case__19: top_dual_ov5640_lcd__GCB2, 
case__696: top_dual_ov5640_lcd__GCB1, 
case__540: top_dual_ov5640_lcd__GCB1, 
case__512: dash_osd__GB0, 
datapath__542: dash_osd__GB1, 
reg__274: osd_overlay__GB5, 
case__307: osd_overlay__GB6, 
case__211: top_dual_ov5640_lcd__GCB0, 
case__69: top_dual_ov5640_lcd__GCB2, 
logic__906: osd_overlay__GB5, 
logic__1494: dash_osd__GB1, 
datapath__691: dash_osd__GB1, 
logic__2032: top_dual_ov5640_lcd__GCB1, 
logic__220: top_dual_ov5640_lcd__GCB0, 
logic__784: osd_overlay__GB5, 
logic__1988: top_dual_ov5640_lcd__GCB1, 
logic__1504: dash_osd__GB0, 
logic__1014: dash_osd__GB1, 
case__135: top_dual_ov5640_lcd__GCB2, 
logic__509: top_dual_ov5640_lcd__GCB0, 
case__569: top_dual_ov5640_lcd__GCB1, 
logic__1347: dash_osd__GB0, 
logic__305: top_dual_ov5640_lcd__GCB2, 
datapath__377: osd_overlay__GB5, 
reg__206: lcd_rgb_top__GC0, 
reg__391: dash_osd__GB0, 
reg__372: dash_osd__GB0, 
datapath__119: top_dual_ov5640_lcd__GCB1, 
counter__22: top_dual_ov5640_lcd__GCB1, 
logic__1357: dash_osd__GB0, 
muxpart__210: dash_osd__GB0, 
reg__373: dash_osd__GB0, 
datapath__97: top_dual_ov5640_lcd__GCB1, 
logic__1590: dash_osd__GB1, 
muxpart__168: dash_osd__GB0, 
dsp48e1: top_dual_ov5640_lcd__GCB1, 
logic__187: top_dual_ov5640_lcd__GCB2, 
logic__2057: top_dual_ov5640_lcd__GCB1, 
reg__92: top_dual_ov5640_lcd__GCB1, 
datapath__345: osd_overlay__GB5, 
logic__1926: top_dual_ov5640_lcd__GCB1, 
logic__1485: dash_osd__GB1, 
datapath__83: top_dual_ov5640_lcd__GCB0, 
logic__32: top_dual_ov5640_lcd__GCB2, 
reg__218: lcd_rgb_top__GC0, 
case__58: top_dual_ov5640_lcd__GCB2, 
case__210: top_dual_ov5640_lcd__GCB0, 
case__231: top_dual_ov5640_lcd__GCB1, 
case__322: osd_overlay__GB6, 
datapath__152: lcd_rgb_top__GC0, 
logic__452: top_dual_ov5640_lcd__GCB0, 
logic__622: top_dual_ov5640_lcd__GCB1, 
logic__62: top_dual_ov5640_lcd__GCB2, 
logic__1183: dash_osd__GB0, 
datapath__327: osd_overlay__GB4, 
case__274: top_dual_ov5640_lcd__GCB1, 
logic__2038: top_dual_ov5640_lcd__GCB1, 
case__361: osd_overlay__GB6, 
reg__314: osd_overlay__GB5, 
stereo_dist: top_dual_ov5640_lcd__GCB2, 
datapath__336: osd_overlay__GB0, 
datapath__330: osd_overlay__GB0, 
datapath__383: osd_overlay__GB5, 
case__440: osd_overlay__GB5, 
case__573: top_dual_ov5640_lcd__GCB1, 
reg__2: top_dual_ov5640_lcd__GCB2, 
case__23: top_dual_ov5640_lcd__GCB2, 
logic__1608: dash_osd__GB1, 
datapath__76: top_dual_ov5640_lcd__GCB0, 
case__727: top_dual_ov5640_lcd__GCB1, 
reg__127: top_dual_ov5640_lcd__GCB0, 
reg__95: top_dual_ov5640_lcd__GCB1, 
logic__839: osd_overlay__GB5, 
case__366: osd_overlay__GB6, 
datapath__397: osd_overlay__GB5, 
case__673: top_dual_ov5640_lcd__GCB1, 
logic__1998: top_dual_ov5640_lcd__GCB1, 
datapath__127: lcd_rgb_top__GC0, 
datapath__32: top_dual_ov5640_lcd__GCB1, 
datapath__558: dash_osd__GB1, 
datapath__56: top_dual_ov5640_lcd__GCB0, 
datapath__498: dash_osd__GB1, 
reg__302: osd_overlay__GB5, 
logic__115: top_dual_ov5640_lcd__GCB2, 
case__347: osd_overlay__GB6, 
logic__1285: dash_osd__GB1, 
case__285: lcd_rgb_top__GC0, 
datapath__624: dash_osd__GB0, 
datapath__520: dash_osd__GB1, 
case__515: dash_osd__GB0, 
case__466: dash_osd__GB0, 
reg__335: dash_osd__GB0, 
reg__123: top_dual_ov5640_lcd__GCB0, 
datapath__439: osd_overlay__GB5, 
reg__72: top_dual_ov5640_lcd__GCB2, 
logic__1869: top_dual_ov5640_lcd__GCB1, 
reg__10: top_dual_ov5640_lcd__GCB2, 
reg__303: osd_overlay__GB5, 
muxpart__97: lcd_rgb_top__GC0, 
logic__2046: top_dual_ov5640_lcd__GCB1, 
logic__1551: dash_osd__GB0, 
case__29: top_dual_ov5640_lcd__GCB2, 
datapath__194: osd_overlay__GB5, 
datapath__309: osd_overlay__GB0, 
case__437: osd_overlay__GB5, 
reg__200: lcd_rgb_top__GC0, 
logic__1967: top_dual_ov5640_lcd__GCB1, 
case__159: top_dual_ov5640_lcd__GCB1, 
logic__1123: dash_osd__GB0, 
datapath__267: osd_overlay__GB2, 
logic__1239: dash_osd__GB0, 
datapath__497: dash_osd__GB1, 
muxpart__88: lcd_rgb_top__GC0, 
logic__332: top_dual_ov5640_lcd__GCB1, 
datapath__742: top_dual_ov5640_lcd__GCB1, 
reg__168: top_dual_ov5640_lcd__GCB1, 
case__430: osd_overlay__GB5, 
case__463: dash_osd__GB0, 
logic__1603: dash_osd__GB1, 
logic__1533: dash_osd__GB1, 
logic__1408: dash_osd__GB1, 
logic__1185: dash_osd__GB0, 
reg__153: top_dual_ov5640_lcd__GCB1, 
logic__570: top_dual_ov5640_lcd__GCB1, 
datapath__196: osd_overlay__GB5, 
logic__2021: top_dual_ov5640_lcd__GCB1, 
logic__1909: top_dual_ov5640_lcd__GCB1, 
muxpart__73: top_dual_ov5640_lcd__GCB1, 
datapath__291: osd_overlay__GB1, 
logic__515: top_dual_ov5640_lcd__GCB1, 
case__265: top_dual_ov5640_lcd__GCB1, 
case__230: top_dual_ov5640_lcd__GCB1, 
reg__193: top_dual_ov5640_lcd__GCB1, 
reg__198: lcd_rgb_top__GC0, 
reg__66: top_dual_ov5640_lcd__GCB2, 
case__362: osd_overlay__GB6, 
case__60: top_dual_ov5640_lcd__GCB2, 
logic__291: top_dual_ov5640_lcd__GCB2, 
case__431: osd_overlay__GB5, 
reg__429: top_dual_ov5640_lcd__GCB1, 
reg__306: osd_overlay__GB5, 
case__653: top_dual_ov5640_lcd__GCB1, 
case__384: osd_overlay__GB5, 
logic__1619: dash_osd__GB1, 
logic__443: top_dual_ov5640_lcd__GCB0, 
case__125: top_dual_ov5640_lcd__GCB0, 
case__349: osd_overlay__GB6, 
case__154: top_dual_ov5640_lcd__GCB1, 
datapath__238: osd_overlay__GB5, 
datapath__688: dash_osd__GB0, 
datapath__684: dash_osd__GB1, 
logic__1221: dash_osd__GB1, 
datapath__198: osd_overlay__GB5, 
case__57: top_dual_ov5640_lcd__GCB2, 
datapath__516: dash_osd__GB1, 
datapath__461: osd_overlay__GB5, 
datapath__536: dash_osd__GB1, 
case__237: top_dual_ov5640_lcd__GCB1, 
muxpart__83: top_dual_ov5640_lcd__GCB1, 
logic__236: top_dual_ov5640_lcd__GCB0, 
reg__423: top_dual_ov5640_lcd__GCB1, 
datapath__646: dash_osd__GB1, 
case__705: top_dual_ov5640_lcd__GCB1, 
datapath__118: top_dual_ov5640_lcd__GCB1, 
case__312: osd_overlay__GB6, 
rom: top_dual_ov5640_lcd__GCB2, 
muxpart__197: dash_osd__GB0, 
logic__1495: dash_osd__GB1, 
muxpart__130: osd_overlay__GB6, 
reg__363: dash_osd__GB0, 
dsp48e1__7: top_dual_ov5640_lcd__GCB0, 
reg__400: top_dual_ov5640_lcd__GCB1, 
datapath__304: osd_overlay__GB3, 
logic__1022: dash_osd__GB1, 
datapath__34: top_dual_ov5640_lcd__GCB1, 
case__269: top_dual_ov5640_lcd__GCB1, 
muxpart__78: top_dual_ov5640_lcd__GCB0, 
case__714: top_dual_ov5640_lcd__GCB1, 
case__685: top_dual_ov5640_lcd__GCB1, 
reg__305: osd_overlay__GB5, 
logic__1752: top_dual_ov5640_lcd__GCB1, 
logic__1522: dash_osd__GB0, 
reg__106: top_dual_ov5640_lcd__GCB0, 
case__266: top_dual_ov5640_lcd__GCB1, 
dsp48e1__2: top_dual_ov5640_lcd__GCB1, 
reg__317: dash_osd__GB1, 
logic__1707: top_dual_ov5640_lcd__GCB1, 
reg__236: lcd_rgb_top__GC0, 
logic__63: top_dual_ov5640_lcd__GCB2, 
datapath__246: osd_overlay__GB2, 
datapath__120: top_dual_ov5640_lcd__GCB1, 
datapath__763: top_dual_ov5640_lcd__GCB2, 
datapath__208: osd_overlay__GB5, 
case__304: osd_overlay__GB6, 
datapath__38: top_dual_ov5640_lcd__GCB0, 
case__51: top_dual_ov5640_lcd__GCB2, 
muxpart__213: dash_osd__GB1, 
logic__245: top_dual_ov5640_lcd__GCB0, 
case__651: top_dual_ov5640_lcd__GCB1, 
reg__177: top_dual_ov5640_lcd__GCB1, 
logic__983: osd_overlay__GB5, 
datapath__297: osd_overlay__GB3, 
muxpart__6: top_dual_ov5640_lcd__GCB2, 
datapath__518: dash_osd__GB1, 
datapath__24: top_dual_ov5640_lcd__GCB1, 
logic__142: top_dual_ov5640_lcd__GCB2, 
case__141: top_dual_ov5640_lcd__GCB2, 
logic__1503: dash_osd__GB0, 
datapath__62: top_dual_ov5640_lcd__GCB0, 
rom__1: top_dual_ov5640_lcd__GCB2, 
logic__763: osd_overlay__GB5, 
reg__374: dash_osd__GB0, 
reg__24: top_dual_ov5640_lcd__GCB2, 
muxpart__7: top_dual_ov5640_lcd__GCB2, 
datapath__546: dash_osd__GB1, 
datapath__33: top_dual_ov5640_lcd__GCB1, 
reg__12: top_dual_ov5640_lcd__GCB2, 
reg__47: top_dual_ov5640_lcd__GCB0, 
logic__1872: top_dual_ov5640_lcd__GCB1, 
logic__853: osd_overlay__GB5, 
logic__1609: dash_osd__GB1, 
reg__471: top_dual_ov5640_lcd__GCB1, 
case__484: dash_osd__GB0, 
case__575: top_dual_ov5640_lcd__GCB1, 
datapath__622: dash_osd__GB0, 
reg__114: top_dual_ov5640_lcd__GCB0, 
reg__269: osd_overlay__GB5, 
case__398: osd_overlay__GB5, 
muxpart__33: top_dual_ov5640_lcd__GCB0, 
case__329: osd_overlay__GB6, 
case__192: top_dual_ov5640_lcd__GCB1, 
reg__64: top_dual_ov5640_lcd__GCB2, 
dsp48e1__5: top_dual_ov5640_lcd__GCB1, 
datapath__60: top_dual_ov5640_lcd__GCB0, 
case__697: top_dual_ov5640_lcd__GCB1, 
logic__302: top_dual_ov5640_lcd__GCB2, 
reg__122: top_dual_ov5640_lcd__GCB0, 
muxpart__141: osd_overlay__GB5, 
case__405: osd_overlay__GB5, 
reg__69: top_dual_ov5640_lcd__GCB2, 
case__365: osd_overlay__GB6, 
logic__1873: top_dual_ov5640_lcd__GCB1, 
logic__1954: top_dual_ov5640_lcd__GCB1, 
logic__558: top_dual_ov5640_lcd__GCB1, 
datapath__39: top_dual_ov5640_lcd__GCB0, 
logic__462: top_dual_ov5640_lcd__GCB0, 
logic__556: top_dual_ov5640_lcd__GCB1, 
datapath__27: top_dual_ov5640_lcd__GCB1, 
muxpart__230: top_dual_ov5640_lcd__GCB1, 
case__342: osd_overlay__GB6, 
case__189: top_dual_ov5640_lcd__GCB1, 
case__233: top_dual_ov5640_lcd__GCB1, 
datapath__529: dash_osd__GB1, 
datapath__95: top_dual_ov5640_lcd__GCB0, 
logic__1862: top_dual_ov5640_lcd__GCB1, 
case__136: top_dual_ov5640_lcd__GCB2, 
datapath__668: dash_osd__GB1, 
logic__597: top_dual_ov5640_lcd__GCB1, 
logic__995: osd_overlay__GB5, 
reg__124: top_dual_ov5640_lcd__GCB0, 
reg__8: top_dual_ov5640_lcd__GCB2, 
datapath__569: dash_osd__GB1, 
case__114: top_dual_ov5640_lcd__GCB0, 
logic__1966: top_dual_ov5640_lcd__GCB1, 
case__404: osd_overlay__GB6, 
reg__214: lcd_rgb_top__GC0, 
logic__1760: top_dual_ov5640_lcd__GCB1, 
case__376: osd_overlay__GB5, 
case__109: top_dual_ov5640_lcd__GCB0, 
case__469: dash_osd__GB0, 
case__64: top_dual_ov5640_lcd__GCB2, 
logic__1147: dash_osd__GB0, 
reg__229: lcd_rgb_top__GC0, 
datapath__755: top_dual_ov5640_lcd__GCB1, 
datapath__641: dash_osd__GB0, 
datapath__69: top_dual_ov5640_lcd__GCB0, 
case__353: osd_overlay__GB6, 
reg__330: dash_osd__GB1, 
logic__1019: dash_osd__GB1, 
datapath__522: dash_osd__GB1, 
logic__2055: top_dual_ov5640_lcd__GCB1, 
case__229: top_dual_ov5640_lcd__GCB1, 
logic__540: top_dual_ov5640_lcd__GCB1, 
logic__2078: top_dual_ov5640_lcd__GCB1, 
datapath__213: osd_overlay__GB5, 
reg__436: top_dual_ov5640_lcd__GCB1, 
logic__1599: dash_osd__GB1, 
logic__802: osd_overlay__GB5, 
reg__220: lcd_rgb_top__GC0, 
muxpart__186: dash_osd__GB0, 
datapath__85: top_dual_ov5640_lcd__GCB0, 
case__63: top_dual_ov5640_lcd__GCB2, 
muxpart__215: dash_osd__GB1, 
case__661: top_dual_ov5640_lcd__GCB1, 
case__371: osd_overlay__GB5, 
datapath__61: top_dual_ov5640_lcd__GCB0, 
reg__434: top_dual_ov5640_lcd__GCB1, 
rom__4: top_dual_ov5640_lcd__GCB0, 
case__14: top_dual_ov5640_lcd__GCB2, 
logic__1470: dash_osd__GB0, 
datapath__549: dash_osd__GB1, 
logic__1446: dash_osd__GB0, 
logic__423: top_dual_ov5640_lcd__GCB0, 
case__188: top_dual_ov5640_lcd__GCB1, 
muxpart__276: top_dual_ov5640_lcd__GCB1, 
datapath__136: lcd_rgb_top__GC0, 
reg__84: top_dual_ov5640_lcd__GCB1, 
datapath__159: lcd_rgb_top__GC0, 
datapath__133: lcd_rgb_top__GC0, 
case__139: top_dual_ov5640_lcd__GCB2, 
datapath__104: top_dual_ov5640_lcd__GCB1, 
case__379: osd_overlay__GB5, 
datapath__11: top_dual_ov5640_lcd__GCB0, 
reg__452: top_dual_ov5640_lcd__GCB1, 
case__706: top_dual_ov5640_lcd__GCB1, 
datapath__227: osd_overlay__GB5, 
logic__1984: top_dual_ov5640_lcd__GCB1, 
case__669: top_dual_ov5640_lcd__GCB1, 
reg__325: dash_osd__GB1, 
reg__348: dash_osd__GB0, 
logic__1034: dash_osd__GB1, 
case__300: osd_overlay__GB6, 
datapath__492: dash_osd__GB1, 
reg__232: lcd_rgb_top__GC0, 
case__572: top_dual_ov5640_lcd__GCB1, 
muxpart__196: dash_osd__GB1, 
reg__367: dash_osd__GB0, 
case__184: top_dual_ov5640_lcd__GCB1, 
case__5: top_dual_ov5640_lcd__GCB2, 
case__680: top_dual_ov5640_lcd__GCB1, 
logic__988: osd_overlay__GB5, 
case__160: top_dual_ov5640_lcd__GCB1, 
datapath__117: top_dual_ov5640_lcd__GCB1, 
logic__1399: dash_osd__GB0, 
reg__131: top_dual_ov5640_lcd__GCB0, 
sincos_lut: top_dual_ov5640_lcd__GCB0, 
logic__430: top_dual_ov5640_lcd__GCB0, 
logic__705: lcd_rgb_top__GC0, 
datapath__619: dash_osd__GB1, 
logic__735: lcd_rgb_top__GC0, 
reg__334: dash_osd__GB0, 
datapath__724: dash_osd__GB1, 
reg__388: dash_osd__GB0, 
datapath__501: dash_osd__GB1, 
datapath__355: osd_overlay__GB5, 
datapath__125: lcd_rgb_top__GC0, 
logic__229: top_dual_ov5640_lcd__GCB0, 
logic__391: top_dual_ov5640_lcd__GCB1, 
datapath__629: dash_osd__GB0, 
datapath__138: lcd_rgb_top__GC0, 
logic__1750: top_dual_ov5640_lcd__GCB1, 
reg__44: top_dual_ov5640_lcd__GCB0, 
case__645: top_dual_ov5640_lcd__GCB1, 
reg__238: lcd_rgb_top__GC0, 
datapath__480: osd_overlay__GB5, 
logic__607: top_dual_ov5640_lcd__GCB1, 
reg__407: top_dual_ov5640_lcd__GCB1, 
reg__343: dash_osd__GB0, 
datapath__157: lcd_rgb_top__GC0, 
reg__328: dash_osd__GB1, 
logic__241: top_dual_ov5640_lcd__GCB0, 
logic__571: top_dual_ov5640_lcd__GCB1, 
datapath__103: top_dual_ov5640_lcd__GCB1, 
datapath__313: osd_overlay__GB0, 
case__314: osd_overlay__GB6, 
logic__2070: top_dual_ov5640_lcd__GCB1, 
case__638: top_dual_ov5640_lcd__GCB1, 
case__417: osd_overlay__GB0, 
datapath__456: osd_overlay__GB5, 
logic__1574: dash_osd__GB0, 
logic__1208: dash_osd__GB0, 
reg: top_dual_ov5640_lcd__GCB2, 
datapath__756: top_dual_ov5640_lcd__GCB1, 
datapath__182: osd_overlay__GB5, 
reg__299: osd_overlay__GB5, 
reg__142: top_dual_ov5640_lcd__GCB0, 
reg__271: osd_overlay__GB5, 
case__301: osd_overlay__GB6, 
case__350: osd_overlay__GB6, 
case__715: top_dual_ov5640_lcd__GCB1, 
reg__444: top_dual_ov5640_lcd__GCB1, 
logic__1154: dash_osd__GB0, 
datapath__676: dash_osd__GB0, 
reg__157: top_dual_ov5640_lcd__GCB1, 
datapath__48: top_dual_ov5640_lcd__GCB0, 
datapath__237: osd_overlay__GB5, 
datapath__636: dash_osd__GB1, 
datapath__96: top_dual_ov5640_lcd__GCB1, 
datapath__54: top_dual_ov5640_lcd__GCB0, 
case__486: dash_osd__GB0, 
case__3: top_dual_ov5640_lcd__GCB2, 
datapath__215: osd_overlay__GB5, 
muxpart__120: osd_overlay__GB6, 
case__724: top_dual_ov5640_lcd__GCB1, 
reg__322: dash_osd__GB1, 
muxpart__184: dash_osd__GB0, 
case__524: dash_osd__GB0, 
reg__356: dash_osd__GB0, 
logic__1165: dash_osd__GB0, 
case__193: top_dual_ov5640_lcd__GCB1, 
datapath__312: osd_overlay__GB0, 
logic__1636: dash_osd__GB0, 
reg__289: osd_overlay__GB5, 
muxpart__135: osd_overlay__GB5, 
logic__1246: dash_osd__GB0, 
case__303: osd_overlay__GB6, 
muxpart__222: top_dual_ov5640_lcd__GCB1, 
logic__2034: top_dual_ov5640_lcd__GCB1, 
datapath__35: top_dual_ov5640_lcd__GCB0, 
logic__1262: dash_osd__GB0, 
datapath__80: top_dual_ov5640_lcd__GCB0, 
reg__86: top_dual_ov5640_lcd__GCB1, 
logic__1980: top_dual_ov5640_lcd__GCB1, 
reg__243: lcd_rgb_top__GC0, 
logic__1352: dash_osd__GB0, 
datapath__221: osd_overlay__GB5, 
reg__321: dash_osd__GB1, 
logic__937: osd_overlay__GB0, 
datapath__687: dash_osd__GB0, 
muxpart__116: osd_overlay__GB6, 
case__33: top_dual_ov5640_lcd__GCB2, 
logic__2008: top_dual_ov5640_lcd__GCB1, 
reg__155: top_dual_ov5640_lcd__GCB1, 
reg__215: lcd_rgb_top__GC0, 
datapath__716: dash_osd__GB0, 
reg__18: top_dual_ov5640_lcd__GCB2, 
case__497: dash_osd__GB0, 
case__260: top_dual_ov5640_lcd__GCB1, 
logic__511: top_dual_ov5640_lcd__GCB0, 
reg__450: top_dual_ov5640_lcd__GCB1, 
datapath__748: top_dual_ov5640_lcd__GCB1, 
datapath__301: osd_overlay__GB3, 
reg__262: osd_overlay__GB5, 
reg__408: top_dual_ov5640_lcd__GCB1, 
reg__466: top_dual_ov5640_lcd__GCB1, 
logic__639: top_dual_ov5640_lcd__GCB1, 
logic__982: osd_overlay__GB5, 
case__288: lcd_rgb_top__GC0, 
reg__98: top_dual_ov5640_lcd__GCB1, 
logic__1043: dash_osd__GB1, 
logic__598: top_dual_ov5640_lcd__GCB1, 
datapath__233: osd_overlay__GB5, 
logic__1744: top_dual_ov5640_lcd__GCB1, 
datapath__98: top_dual_ov5640_lcd__GCB1, 
datapath__510: dash_osd__GB1, 
datapath__762: top_dual_ov5640_lcd__GCB1, 
reg__224: lcd_rgb_top__GC0, 
muxpart__75: top_dual_ov5640_lcd__GCB0, 
counter__3: top_dual_ov5640_lcd__GCB0, 
logic__827: osd_overlay__GB5, 
case__359: osd_overlay__GB6, 
logic__855: osd_overlay__GB5, 
case__693: top_dual_ov5640_lcd__GCB1, 
case__259: top_dual_ov5640_lcd__GCB1, 
case__498: dash_osd__GB0, 
datapath__417: osd_overlay__GB5, 
logic__1489: dash_osd__GB1, 
logic__1317: dash_osd__GB1, 
case__255: top_dual_ov5640_lcd__GCB1, 
logic__1345: dash_osd__GB0, 
case__74: top_dual_ov5640_lcd__GCB0, 
case__668: top_dual_ov5640_lcd__GCB1, 
case__725: top_dual_ov5640_lcd__GCB1, 
datapath__161: lcd_rgb_top__GC0, 
reg__438: top_dual_ov5640_lcd__GCB1, 
datapath__704: dash_osd__GB0, 
case__151: top_dual_ov5640_lcd__GCB1, 
i2c_dri: top_dual_ov5640_lcd__GCB2, 
datapath__230: osd_overlay__GB5, 
logic__1901: top_dual_ov5640_lcd__GCB1, 
reg__6: top_dual_ov5640_lcd__GCB2, 
datapath__319: osd_overlay__GB4, 
muxpart__200: dash_osd__GB0, 
case__128: top_dual_ov5640_lcd__GCB0, 
dsp48e1__1: top_dual_ov5640_lcd__GCB1, 
datapath__718: dash_osd__GB0, 
datapath__245: osd_overlay__GB2, 
logic__930: osd_overlay__GB1, 
reg__414: top_dual_ov5640_lcd__GCB1, 
logic__553: top_dual_ov5640_lcd__GCB1, 
case__207: top_dual_ov5640_lcd__GCB0, 
reg__195: top_dual_ov5640_lcd__GCB1, 
case__204: top_dual_ov5640_lcd__GCB0, 
case__236: top_dual_ov5640_lcd__GCB1, 
muxpart__115: osd_overlay__GB6, 
datapath__195: osd_overlay__GB5, 
datapath__478: osd_overlay__GB5, 
case__568: top_dual_ov5640_lcd__GCB1, 
datapath__764: top_dual_ov5640_lcd__GCB2, 
datapath__427: osd_overlay__GB5, 
case__117: top_dual_ov5640_lcd__GCB0, 
dsp48e1__11: lcd_rgb_top__GC0, 
datapath__72: top_dual_ov5640_lcd__GCB0, 
reg__333: dash_osd__GB0, 
datapath__715: dash_osd__GB0, 
case__239: top_dual_ov5640_lcd__GCB1, 
case__225: top_dual_ov5640_lcd__GCB0, 
case__457: dash_osd__GB1, 
case__28: top_dual_ov5640_lcd__GCB2, 
logic__53: top_dual_ov5640_lcd__GCB2, 
case__2: top_dual_ov5640_lcd__GCB2, 
case__631: top_dual_ov5640_lcd__GCB1, 
logic__1370: dash_osd__GB0, 
reg__234: lcd_rgb_top__GC0, 
logic__1384: dash_osd__GB0, 
reg__460: top_dual_ov5640_lcd__GCB1, 
ddr3_fifo_ctrl_top: top_dual_ov5640_lcd__GCB1, 
datapath__525: dash_osd__GB1, 
muxpart__205: dash_osd__GB0, 
logic__697: lcd_rgb_top__GC0, 
datapath__25: top_dual_ov5640_lcd__GCB1, 
datapath__353: osd_overlay__GB5, 
datapath__357: osd_overlay__GB5, 
logic__147: top_dual_ov5640_lcd__GCB2, 
case__30: top_dual_ov5640_lcd__GCB2, 
datapath__416: osd_overlay__GB5, 
datapath__420: osd_overlay__GB5, 
case__392: osd_overlay__GB6, 
case__144: top_dual_ov5640_lcd__GCB2, 
reg__100: top_dual_ov5640_lcd__GCB1, 
case__525: dash_osd__GB1, 
logic__1362: dash_osd__GB0, 
reg__239: lcd_rgb_top__GC0, 
case__132: top_dual_ov5640_lcd__GCB2, 
muxpart__207: dash_osd__GB1, 
logic__1309: dash_osd__GB0, 
reg__278: osd_overlay__GB5, 
logic__1083: dash_osd__GB0, 
reg__457: top_dual_ov5640_lcd__GCB1, 
reg__203: lcd_rgb_top__GC0, 
logic__300: top_dual_ov5640_lcd__GCB2, 
datapath__217: osd_overlay__GB5, 
logic__403: top_dual_ov5640_lcd__GCB0, 
case__187: top_dual_ov5640_lcd__GCB1, 
reg__163: top_dual_ov5640_lcd__GCB1, 
datapath__551: dash_osd__GB1, 
datapath__189: osd_overlay__GB5, 
logic__1062: dash_osd__GB0, 
reg__22: top_dual_ov5640_lcd__GCB2, 
reg__315: osd_overlay__GB5, 
case__251: top_dual_ov5640_lcd__GCB1, 
reg__181: top_dual_ov5640_lcd__GCB1, 
logic__1095: dash_osd__GB0, 
reg__63: top_dual_ov5640_lcd__GCB2, 
logic__947: osd_overlay__GB5, 
logic__1552: dash_osd__GB1, 
logic__1068: dash_osd__GB1, 
reg__144: top_dual_ov5640_lcd__GCB0, 
logic__165: top_dual_ov5640_lcd__GCB2, 
logic__728: lcd_rgb_top__GC0, 
case__438: osd_overlay__GB5, 
datapath__111: top_dual_ov5640_lcd__GCB1, 
reg__284: osd_overlay__GB5, 
datapath__321: osd_overlay__GB4, 
logic__758: osd_overlay__GB5, 
logic__977: osd_overlay__GB5, 
case__264: top_dual_ov5640_lcd__GCB1, 
logic__1580: dash_osd__GB0, 
case__368: osd_overlay__GB6, 
logic__2063: top_dual_ov5640_lcd__GCB1, 
datapath__173: osd_overlay__GB5, 
reg__27: top_dual_ov5640_lcd__GCB2, 
datapath__643: dash_osd__GB0, 
muxpart__23: top_dual_ov5640_lcd__GCB2, 
reg__77: top_dual_ov5640_lcd__GCB2, 
case__70: top_dual_ov5640_lcd__GCB0, 
reg__380: dash_osd__GB0, 
reg__394: top_dual_ov5640_lcd__GCB1, 
datapath__364: osd_overlay__GB5, 
case__336: osd_overlay__GB6, 
case__38: top_dual_ov5640_lcd__GCB2, 
reg__61: top_dual_ov5640_lcd__GCB0, 
case__41: top_dual_ov5640_lcd__GCB2, 
reg__125: top_dual_ov5640_lcd__GCB0, 
muxpart__155: dash_osd__GB0, 
muxpart__92: lcd_rgb_top__GC0, 
reg__185: top_dual_ov5640_lcd__GCB1, 
datapath__79: top_dual_ov5640_lcd__GCB0, 
datapath__186: osd_overlay__GB5, 
datapath__728: dash_osd__GB0, 
case__472: dash_osd__GB0, 
case__444: osd_overlay__GB5, 
case__672: top_dual_ov5640_lcd__GCB1, 
datapath__496: dash_osd__GB1, 
datapath__444: osd_overlay__GB5, 
logic__819: osd_overlay__GB5, 
case__88: top_dual_ov5640_lcd__GCB0, 
logic__961: osd_overlay__GB5, 
datapath__384: osd_overlay__GB5, 
case__401: osd_overlay__GB5, 
datapath__663: dash_osd__GB0, 
reg__14: top_dual_ov5640_lcd__GCB2, 
logic__2012: top_dual_ov5640_lcd__GCB1, 
reg__286: osd_overlay__GB5, 
reg__365: dash_osd__GB0, 
reg__456: top_dual_ov5640_lcd__GCB1, 
case__221: top_dual_ov5640_lcd__GCB0, 
case__287: lcd_rgb_top__GC0, 
datapath__653: dash_osd__GB0, 
reg__412: top_dual_ov5640_lcd__GCB1, 
case__720: top_dual_ov5640_lcd__GCB1, 
case__482: dash_osd__GB0, 
case__656: top_dual_ov5640_lcd__GCB1, 
datapath__647: dash_osd__GB1, 
logic__1561: dash_osd__GB1, 
case__351: osd_overlay__GB6, 
case__126: top_dual_ov5640_lcd__GCB0, 
case__280: lcd_rgb_top__GC0, 
logic__1479: dash_osd__GB0, 
datapath: top_dual_ov5640_lcd__GCB2, 
case__461: dash_osd__GB1, 
logic__1282: dash_osd__GB1, 
logic__1546: dash_osd__GB0, 
reg__441: top_dual_ov5640_lcd__GCB1, 
logic__1771: top_dual_ov5640_lcd__GCB1, 
datapath__583: dash_osd__GB0, 
datapath__593: dash_osd__GB1, 
logic: top_dual_ov5640_lcd__GCB2, 
logic__1013: dash_osd__GB1, 
counter__12: top_dual_ov5640_lcd__GCB0, 
logic__1390: dash_osd__GB0, 
case__318: osd_overlay__GB6, 
datapath__166: osd_overlay__GB5, 
case__226: top_dual_ov5640_lcd__GCB0, 
reg__75: top_dual_ov5640_lcd__GCB2, 
datapath__341: osd_overlay__GB5, 
datapath__273: osd_overlay__GB1, 
datapath__659: dash_osd__GB0, 
case__690: top_dual_ov5640_lcd__GCB1, 
logic__1560: dash_osd__GB0, 
logic__472: top_dual_ov5640_lcd__GCB0, 
logic__1082: dash_osd__GB0, 
case__689: top_dual_ov5640_lcd__GCB1, 
case__343: osd_overlay__GB6, 
datapath__761: top_dual_ov5640_lcd__GCB1, 
reg__362: dash_osd__GB0, 
logic__1534: dash_osd__GB0, 
logic__1059: dash_osd__GB0, 
case__200: top_dual_ov5640_lcd__GCB0, 
case__554: top_dual_ov5640_lcd__GCB1, 
datapath__667: dash_osd__GB0, 
case__196: top_dual_ov5640_lcd__GCB0, 
logic__1219: dash_osd__GB1, 
reg__216: lcd_rgb_top__GC0, 
datapath__431: osd_overlay__GB5, 
case__149: top_dual_ov5640_lcd__GCB1, 
datapath__532: dash_osd__GB1, 
reg__431: top_dual_ov5640_lcd__GCB1, 
muxpart__11: top_dual_ov5640_lcd__GCB2, 
case__637: top_dual_ov5640_lcd__GCB1, 
logic__1584: dash_osd__GB0, 
case__485: dash_osd__GB1, 
datapath__572: dash_osd__GB0, 
reg__458: top_dual_ov5640_lcd__GCB1, 
case__435: osd_overlay__GB5, 
reg__370: dash_osd__GB0, 
datapath__41: top_dual_ov5640_lcd__GCB0, 
case__576: top_dual_ov5640_lcd__GCB1, 
logic__636: top_dual_ov5640_lcd__GCB1, 
case__202: top_dual_ov5640_lcd__GCB0, 
muxpart__95: lcd_rgb_top__GC0, 
muxpart__152: dash_osd__GB0, 
case__275: top_dual_ov5640_lcd__GCB1, 
case__267: top_dual_ov5640_lcd__GCB1, 
muxpart__125: osd_overlay__GB6, 
case__514: dash_osd__GB0, 
case__224: top_dual_ov5640_lcd__GCB0, 
muxpart__74: top_dual_ov5640_lcd__GCB0, 
case__249: top_dual_ov5640_lcd__GCB1, 
datapath__595: dash_osd__GB0, 
muxpart__148: dash_osd__GB1, 
case__548: top_dual_ov5640_lcd__GCB1, 
muxpart__114: osd_overlay__GB6, 
clk_wiz_0: top_dual_ov5640_lcd__GCB0, 
logic__1272: dash_osd__GB1, 
case__544: top_dual_ov5640_lcd__GCB1, 
case__391: osd_overlay__GB6, 
reg__133: top_dual_ov5640_lcd__GCB0, 
datapath__412: osd_overlay__GB5, 
reg__145: top_dual_ov5640_lcd__GCB0, 
muxpart__4: top_dual_ov5640_lcd__GCB2, 
reg__433: top_dual_ov5640_lcd__GCB1, 
case__375: osd_overlay__GB5, 
datapath__656: dash_osd__GB0, 
case__84: top_dual_ov5640_lcd__GCB0, 
datapath__733: top_dual_ov5640_lcd__GCB1, 
muxpart__199: dash_osd__GB1, 
datapath__638: dash_osd__GB0, 
datapath__550: dash_osd__GB1, 
case__59: top_dual_ov5640_lcd__GCB2, 
logic__2004: top_dual_ov5640_lcd__GCB1, 
datapath__65: top_dual_ov5640_lcd__GCB0, 
datapath__87: top_dual_ov5640_lcd__GCB0, 
case__11: top_dual_ov5640_lcd__GCB2, 
case__183: top_dual_ov5640_lcd__GCB1, 
case__271: top_dual_ov5640_lcd__GCB1, 
datapath__635: dash_osd__GB1, 
dsp48e1__9: lcd_rgb_top__GC0, 
reg__62: top_dual_ov5640_lcd__GCB2, 
reg__211: lcd_rgb_top__GC0, 
datapath__129: lcd_rgb_top__GC0, 
case__683: top_dual_ov5640_lcd__GCB1, 
logic__1972: top_dual_ov5640_lcd__GCB1, 
datapath__212: osd_overlay__GB5, 
datapath__509: dash_osd__GB1, 
logic__1093: dash_osd__GB0, 
datapath__375: osd_overlay__GB5, 
logic__860: osd_overlay__GB5, 
datapath__110: top_dual_ov5640_lcd__GCB1, 
case__4: top_dual_ov5640_lcd__GCB2, 
datapath__271: osd_overlay__GB1, 
logic__2082: top_dual_ov5640_lcd__GCB0, 
datapath__81: top_dual_ov5640_lcd__GCB0, 
datapath__560: dash_osd__GB1, 
datapath__223: osd_overlay__GB5, 
case__238: top_dual_ov5640_lcd__GCB1, 
reg__143: top_dual_ov5640_lcd__GCB0, 
muxpart__218: top_dual_ov5640_lcd__GCB1, 
datapath__609: dash_osd__GB0, 
case__24: top_dual_ov5640_lcd__GCB2, 
logic__1111: dash_osd__GB0, 
case__429: osd_overlay__GB5, 
reg__235: lcd_rgb_top__GC0, 
case__460: dash_osd__GB1, 
datapath__621: dash_osd__GB0, 
datapath__519: dash_osd__GB1, 
case__81: top_dual_ov5640_lcd__GCB0, 
case__199: top_dual_ov5640_lcd__GCB0, 
case__516: dash_osd__GB0, 
datapath__59: top_dual_ov5640_lcd__GCB0, 
reg__426: top_dual_ov5640_lcd__GCB1, 
reg__464: top_dual_ov5640_lcd__GCB1, 
logic__2047: top_dual_ov5640_lcd__GCB1, 
logic__341: top_dual_ov5640_lcd__GCB1, 
muxpart__101: osd_overlay__GB6, 
case__719: top_dual_ov5640_lcd__GCB1, 
muxpart__107: osd_overlay__GB6, 
reg__265: osd_overlay__GB5, 
case__385: osd_overlay__GB5, 
muxpart__180: dash_osd__GB0, 
counter__14: top_dual_ov5640_lcd__GCB0, 
datapath__306: osd_overlay__GB0, 
datapath__625: dash_osd__GB0, 
datapath__280: osd_overlay__GB0, 
reg__141: top_dual_ov5640_lcd__GCB0, 
picture_size: top_dual_ov5640_lcd__GCB2, 
reg__346: dash_osd__GB1, 
datapath__200: osd_overlay__GB5, 
muxpart__142: osd_overlay__GB5, 
muxpart__121: osd_overlay__GB6, 
datapath__168: osd_overlay__GB5, 
reg__395: top_dual_ov5640_lcd__GCB1, 
reg__468: top_dual_ov5640_lcd__GCB1, 
reg__172: top_dual_ov5640_lcd__GCB1, 
reg__244: lcd_rgb_top__GC0, 
logic__895: osd_overlay__GB5, 
logic__1035: dash_osd__GB1, 
case__319: osd_overlay__GB6, 
reg__462: top_dual_ov5640_lcd__GCB1, 
logic__395: top_dual_ov5640_lcd__GCB1, 
logic__750: osd_overlay__GB5, 
datapath__602: dash_osd__GB0, 
logic__2025: top_dual_ov5640_lcd__GCB1, 
muxpart__1: top_dual_ov5640_lcd__GCB2, 
case__402: osd_overlay__GB5, 
logic__905: osd_overlay__GB5, 
reg__60: top_dual_ov5640_lcd__GCB0, 
case__501: dash_osd__GB0, 
reg__470: top_dual_ov5640_lcd__GCB1, 
reg__389: dash_osd__GB0, 
logic__554: top_dual_ov5640_lcd__GCB1, 
datapath__717: dash_osd__GB0, 
logic__1049: dash_osd__GB1, 
datapath__521: dash_osd__GB1, 
muxpart__31: top_dual_ov5640_lcd__GCB0, 
reg__219: lcd_rgb_top__GC0, 
reg__160: top_dual_ov5640_lcd__GCB1, 
reg__324: dash_osd__GB1, 
logic__1990: top_dual_ov5640_lcd__GCB1, 
logic__1016: dash_osd__GB1, 
datapath__52: top_dual_ov5640_lcd__GCB0, 
reg__382: dash_osd__GB0, 
datapath__463: osd_overlay__GB5, 
datapath__694: dash_osd__GB0, 
case__643: top_dual_ov5640_lcd__GCB1, 
logic__620: top_dual_ov5640_lcd__GCB1, 
muxpart__154: dash_osd__GB0, 
datapath__531: dash_osd__GB1, 
case__541: top_dual_ov5640_lcd__GCB1, 
case__243: top_dual_ov5640_lcd__GCB1, 
datapath__503: dash_osd__GB1, 
case__536: top_dual_ov5640_lcd__GCB1, 
logic__1037: dash_osd__GB1, 
case__110: top_dual_ov5640_lcd__GCB0, 
case__261: top_dual_ov5640_lcd__GCB1, 
logic__379: top_dual_ov5640_lcd__GCB1, 
datapath__426: osd_overlay__GB5, 
reg__70: top_dual_ov5640_lcd__GCB2, 
logic__1536: dash_osd__GB0, 
reg__136: top_dual_ov5640_lcd__GCB0, 
muxpart__19: top_dual_ov5640_lcd__GCB2, 
logic__1647: dash_osd__GB1, 
logic__2053: top_dual_ov5640_lcd__GCB1, 
case__710: top_dual_ov5640_lcd__GCB1, 
case__459: dash_osd__GB1, 
datapath__151: lcd_rgb_top__GC0, 
reg__445: top_dual_ov5640_lcd__GCB1, 
datapath__252: osd_overlay__GB2, 
case__581: top_dual_ov5640_lcd__GCB1, 
logic__1129: dash_osd__GB1, 
case__695: top_dual_ov5640_lcd__GCB1, 
logic__528: top_dual_ov5640_lcd__GCB1, 
datapath__601: dash_osd__GB0, 
logic__486: top_dual_ov5640_lcd__GCB0, 
logic__21: top_dual_ov5640_lcd__GCB2, 
counter: top_dual_ov5640_lcd__GCB2, 
logic__788: osd_overlay__GB5, 
logic__407: top_dual_ov5640_lcd__GCB0, 
reg__83: top_dual_ov5640_lcd__GCB1, 
datapath__114: top_dual_ov5640_lcd__GCB1, 
reg__104: top_dual_ov5640_lcd__GCB0, 
case__191: top_dual_ov5640_lcd__GCB1, 
reg__176: top_dual_ov5640_lcd__GCB1, 
logic__1410: dash_osd__GB0, 
datapath__382: osd_overlay__GB5, 
lcd_rgb_top__GC0: lcd_rgb_top__GC0, 
reg__381: dash_osd__GB0, 
reg__56: top_dual_ov5640_lcd__GCB0, 
datapath__294: osd_overlay__GB3, 
datapath__143: lcd_rgb_top__GC0, 
case__209: top_dual_ov5640_lcd__GCB0, 
logic__242: top_dual_ov5640_lcd__GCB0, 
logic__1254: dash_osd__GB0, 
reg__463: top_dual_ov5640_lcd__GCB1, 
reg__97: top_dual_ov5640_lcd__GCB1, 
logic__1877: top_dual_ov5640_lcd__GCB1, 
datapath__394: osd_overlay__GB5, 
datapath__128: lcd_rgb_top__GC0, 
muxpart__136: osd_overlay__GB0, 
logic__427: top_dual_ov5640_lcd__GCB0, 
muxpart__106: osd_overlay__GB6, 
reg__338: dash_osd__GB0, 
datapath__183: osd_overlay__GB5, 
datapath__307: osd_overlay__GB0, 
case__560: top_dual_ov5640_lcd__GCB1, 
reg__272: osd_overlay__GB5, 
reg__247: lcd_rgb_top__GC0, 
logic__248: top_dual_ov5640_lcd__GCB0, 
reg__254: lcd_rgb_top__GC0, 
logic__1467: dash_osd__GB0, 
datapath__599: dash_osd__GB0, 
case__124: top_dual_ov5640_lcd__GCB0, 
datapath__279: osd_overlay__GB0, 
logic__1228: dash_osd__GB0, 
logic__1400: dash_osd__GB1, 
case__286: lcd_rgb_top__GC0, 
logic__411: top_dual_ov5640_lcd__GCB0, 
logic__569: top_dual_ov5640_lcd__GCB1, 
case__691: top_dual_ov5640_lcd__GCB1, 
datapath__78: top_dual_ov5640_lcd__GCB0, 
datapath__178: osd_overlay__GB5, 
case__311: osd_overlay__GB6, 
case__634: top_dual_ov5640_lcd__GCB1, 
datapath__757: top_dual_ov5640_lcd__GCB1, 
reg__240: lcd_rgb_top__GC0, 
counter__1: top_dual_ov5640_lcd__GCB2, 
reg__113: top_dual_ov5640_lcd__GCB0, 
case__297: osd_overlay__GB6, 
case__45: top_dual_ov5640_lcd__GCB2, 
datapath__699: dash_osd__GB0, 
lcd_disply: lcd_rgb_top__GC0, 
muxpart__177: dash_osd__GB1, 
datapath__137: lcd_rgb_top__GC0, 
muxpart__153: dash_osd__GB0, 
datapath__615: dash_osd__GB0, 
logic__1629: dash_osd__GB0, 
reg__13: top_dual_ov5640_lcd__GCB2, 
muxpart__102: osd_overlay__GB6, 
logic__1156: dash_osd__GB0, 
logic__1077: dash_osd__GB0, 
case__289: lcd_rgb_top__GC0, 
logic__398: top_dual_ov5640_lcd__GCB1, 
datapath__406: osd_overlay__GB5, 
datapath__626: dash_osd__GB0, 
case__76: top_dual_ov5640_lcd__GCB0, 
datapath__94: top_dual_ov5640_lcd__GCB0, 
muxpart__30: top_dual_ov5640_lcd__GCB0, 
case__206: top_dual_ov5640_lcd__GCB0, 
case__253: top_dual_ov5640_lcd__GCB1, 
reg__307: osd_overlay__GB5, 
logic__2029: top_dual_ov5640_lcd__GCB1, 
case__34: top_dual_ov5640_lcd__GCB2, 
logic__730: lcd_rgb_top__GC0, 
reg__175: top_dual_ov5640_lcd__GCB1, 
datapath__21: top_dual_ov5640_lcd__GCB2, 
logic__714: lcd_rgb_top__GC0, 
case__65: top_dual_ov5640_lcd__GCB2, 
reg__352: dash_osd__GB0, 
logic__1363: dash_osd__GB0, 
case__386: osd_overlay__GB5, 
datapath__505: dash_osd__GB1, 
logic__529: top_dual_ov5640_lcd__GCB1, 
case__273: top_dual_ov5640_lcd__GCB1, 
reg__461: top_dual_ov5640_lcd__GCB1, 
logic__2013: top_dual_ov5640_lcd__GCB1, 
datapath__139: lcd_rgb_top__GC0, 
datapath__448: osd_overlay__GB5, 
datapath__66: top_dual_ov5640_lcd__GCB0, 
reg__41: top_dual_ov5640_lcd__GCB0, 
logic__1717: top_dual_ov5640_lcd__GCB1, 
datapath__686: dash_osd__GB0, 
datapath__202: osd_overlay__GB5, 
muxpart__126: osd_overlay__GB6, 
datapath__348: osd_overlay__GB5, 
muxpart__28: top_dual_ov5640_lcd__GCB0, 
logic__901: osd_overlay__GB5, 
dash_osd__GB0: dash_osd__GB0, 
reg__329: dash_osd__GB1, 
rd_fifo: top_dual_ov5640_lcd__GCB1, 
datapath__442: osd_overlay__GB5, 
datapath__434: osd_overlay__GB5, 
datapath__57: top_dual_ov5640_lcd__GCB0, 
datapath__67: top_dual_ov5640_lcd__GCB0, 
reg__99: top_dual_ov5640_lcd__GCB1, 
reg__180: top_dual_ov5640_lcd__GCB1, 
muxpart__231: top_dual_ov5640_lcd__GCB1, 
logic__139: top_dual_ov5640_lcd__GCB2, 
datapath__433: osd_overlay__GB5, 
case__664: top_dual_ov5640_lcd__GCB1, 
datapath__664: dash_osd__GB0, 
counter__13: top_dual_ov5640_lcd__GCB0, 
reg__227: lcd_rgb_top__GC0, 
case__234: top_dual_ov5640_lcd__GCB1, 
datapath__5: top_dual_ov5640_lcd__GCB0, 
case__578: top_dual_ov5640_lcd__GCB1, 
logic__1562: dash_osd__GB1, 
logic__1894: top_dual_ov5640_lcd__GCB1, 
reg__413: top_dual_ov5640_lcd__GCB1, 
case__703: top_dual_ov5640_lcd__GCB1, 
reg__297: osd_overlay__GB5, 
datapath__303: osd_overlay__GB3, 
reg__428: top_dual_ov5640_lcd__GCB1, 
logic__495: top_dual_ov5640_lcd__GCB0, 
datapath__259: osd_overlay__GB0, 
datapath__671: dash_osd__GB0, 
logic__1195: dash_osd__GB1, 
logic__572: top_dual_ov5640_lcd__GCB1, 
case__10: top_dual_ov5640_lcd__GCB2, 
reg__149: top_dual_ov5640_lcd__GCB1, 
datapath__144: lcd_rgb_top__GC0, 
datapath__293: osd_overlay__GB0, 
case__369: osd_overlay__GB5, 
case__679: top_dual_ov5640_lcd__GCB1, 
case__56: top_dual_ov5640_lcd__GCB2, 
datapath__158: lcd_rgb_top__GC0, 
reg__148: top_dual_ov5640_lcd__GCB1, 
reg__403: top_dual_ov5640_lcd__GCB1, 
case__502: dash_osd__GB1, 
logic__2088: top_dual_ov5640_lcd__GCB2, 
datapath__581: dash_osd__GB0, 
case__433: osd_overlay__GB5, 
counter__23: top_dual_ov5640_lcd__GCB1, 
reg__342: dash_osd__GB0, 
datapath__477: osd_overlay__GB5, 
muxpart__2: top_dual_ov5640_lcd__GCB2, 
case__687: top_dual_ov5640_lcd__GCB1, 
datapath__709: dash_osd__GB0, 
case__283: lcd_rgb_top__GC0, 
reg__253: lcd_rgb_top__GC0, 
logic__854: osd_overlay__GB5, 
muxpart__193: dash_osd__GB0, 
sensor_link: top_dual_ov5640_lcd__GCB1, 
datapath__722: dash_osd__GB1, 
logic__1866: top_dual_ov5640_lcd__GCB1, 
sensor_calc: top_dual_ov5640_lcd__GCB0, 
reg__386: dash_osd__GB0, 
reg__402: top_dual_ov5640_lcd__GCB1, 
datapath__113: top_dual_ov5640_lcd__GCB1, 
datapath__574: dash_osd__GB0, 
logic__1543: dash_osd__GB0, 
muxpart__147: osd_overlay__GB5, 
datapath__255: osd_overlay__GB0, 
case__396: osd_overlay__GB5, 
muxpart__182: dash_osd__GB1, 
muxpart__162: dash_osd__GB0, 
reg__228: lcd_rgb_top__GC0, 
logic__2019: top_dual_ov5640_lcd__GCB1, 
logic__488: top_dual_ov5640_lcd__GCB0, 
datapath__567: dash_osd__GB1, 
case__699: top_dual_ov5640_lcd__GCB1, 
logic__26: top_dual_ov5640_lcd__GCB2, 
muxpart__173: dash_osd__GB0, 
datapath__604: dash_osd__GB0, 
logic__2061: top_dual_ov5640_lcd__GCB1, 
datapath__679: dash_osd__GB0, 
case__504: dash_osd__GB0, 
muxpart__124: osd_overlay__GB6, 
case__254: top_dual_ov5640_lcd__GCB1, 
reg__85: top_dual_ov5640_lcd__GCB1, 
reg__451: top_dual_ov5640_lcd__GCB1, 
reg__350: dash_osd__GB0, 
datapath__53: top_dual_ov5640_lcd__GCB0, 
case__701: top_dual_ov5640_lcd__GCB1, 
datapath__652: dash_osd__GB0, 
datapath__163: lcd_rgb_top__GC0, 
case__49: top_dual_ov5640_lcd__GCB2, 
datapath__537: dash_osd__GB1, 
logic__1422: dash_osd__GB1, 
case__641: top_dual_ov5640_lcd__GCB1, 
reg__295: osd_overlay__GB5, 
logic__223: top_dual_ov5640_lcd__GCB0, 
datapath__759: top_dual_ov5640_lcd__GCB1, 
case__675: top_dual_ov5640_lcd__GCB1, 
datapath__451: osd_overlay__GB5, 
datapath__754: top_dual_ov5640_lcd__GCB1, 
reg__250: lcd_rgb_top__GC0, 
logic__1372: dash_osd__GB0, 
logic__335: top_dual_ov5640_lcd__GCB1, 
case__87: top_dual_ov5640_lcd__GCB0, 
logic__1622: dash_osd__GB1, 
datapath__172: osd_overlay__GB5, 
datapath__190: osd_overlay__GB5, 
case__296: osd_overlay__GB6, 
reg__173: top_dual_ov5640_lcd__GCB1, 
logic__708: lcd_rgb_top__GC0, 
logic__2010: top_dual_ov5640_lcd__GCB1, 
datapath__633: dash_osd__GB0, 
logic__872: osd_overlay__GB5, 
logic__166: top_dual_ov5640_lcd__GCB2, 
logic__317: top_dual_ov5640_lcd__GCB2, 
logic__897: osd_overlay__GB5, 
logic__415: top_dual_ov5640_lcd__GCB0, 
logic__1281: dash_osd__GB1, 
logic__915: osd_overlay__GB6, 
datapath__374: osd_overlay__GB5, 
logic__599: top_dual_ov5640_lcd__GCB1, 
case__537: top_dual_ov5640_lcd__GCB1, 
logic__467: top_dual_ov5640_lcd__GCB0, 
logic__1764: top_dual_ov5640_lcd__GCB1, 
case__519: dash_osd__GB0, 
case__313: osd_overlay__GB6, 
case__415: osd_overlay__GB0, 
datapath__269: osd_overlay__GB1, 
muxpart__99: osd_overlay__GB6, 
case__424: osd_overlay__GB5, 
logic__849: osd_overlay__GB5, 
reg__25: top_dual_ov5640_lcd__GCB2, 
datapath__424: osd_overlay__GB5, 
logic__527: top_dual_ov5640_lcd__GCB1, 
muxpart__220: top_dual_ov5640_lcd__GCB1, 
logic__57: top_dual_ov5640_lcd__GCB2, 
counter__4: top_dual_ov5640_lcd__GCB0, 
reg__223: lcd_rgb_top__GC0, 
logic__603: top_dual_ov5640_lcd__GCB1, 
top_dual_ov5640_lcd__GCB1: top_dual_ov5640_lcd__GCB1, 
logic__40: top_dual_ov5640_lcd__GCB2, 
atan_lut: top_dual_ov5640_lcd__GCB1, 
case__499: dash_osd__GB0, 
datapath__666: dash_osd__GB0, 
reg__345: dash_osd__GB1, 
counter__6: top_dual_ov5640_lcd__GCB0, 
datapath__580: dash_osd__GB0, 
logic__544: top_dual_ov5640_lcd__GCB1, 
case__25: top_dual_ov5640_lcd__GCB2, 
datapath__106: top_dual_ov5640_lcd__GCB1, 
datapath__131: lcd_rgb_top__GC0, 
datapath__334: osd_overlay__GB0, 
datapath__224: osd_overlay__GB5, 
logic__555: top_dual_ov5640_lcd__GCB1, 
datapath__70: top_dual_ov5640_lcd__GCB0, 
reg__110: top_dual_ov5640_lcd__GCB0, 
logic__1429: dash_osd__GB0, 
logic__736: lcd_rgb_top__GC0, 
datapath__475: osd_overlay__GB5, 
case__246: top_dual_ov5640_lcd__GCB1, 
logic__1365: dash_osd__GB0, 
case__547: top_dual_ov5640_lcd__GCB1, 
muxpart__216: dash_osd__GB1, 
datapath__554: dash_osd__GB0, 
logic__1389: dash_osd__GB0, 
reg__58: top_dual_ov5640_lcd__GCB0, 
datapath__607: dash_osd__GB0, 
datapath__459: osd_overlay__GB5, 
counter__21: top_dual_ov5640_lcd__GCB1, 
reg__11: top_dual_ov5640_lcd__GCB2, 
muxpart__72: top_dual_ov5640_lcd__GCB1, 
logic__1514: dash_osd__GB1, 
reg__79: top_dual_ov5640_lcd__GCB2, 
ov5640_dri: top_dual_ov5640_lcd__GCB2, 
case__717: top_dual_ov5640_lcd__GCB1, 
logic__1334: dash_osd__GB1, 
logic__1498: dash_osd__GB0, 
case__302: osd_overlay__GB6, 
case__716: top_dual_ov5640_lcd__GCB1, 
logic__1311: dash_osd__GB0, 
reg__137: top_dual_ov5640_lcd__GCB0, 
rom__2: top_dual_ov5640_lcd__GCB1, 
logic__1263: dash_osd__GB1, 
case__219: top_dual_ov5640_lcd__GCB0, 
logic__1589: dash_osd__GB0, 
logic__1052: dash_osd__GB0, 
logic__1465: dash_osd__GB1, 
reg__393: dash_osd__GB0, 
case__506: dash_osd__GB1, 
logic__1484: dash_osd__GB0, 
reg__67: top_dual_ov5640_lcd__GCB2, 
reg__74: top_dual_ov5640_lcd__GCB2, 
datapath__468: osd_overlay__GB5, 
datapath__236: osd_overlay__GB5, 
case__330: osd_overlay__GB6, 
reg__311: osd_overlay__GB5, 
datapath__514: dash_osd__GB1, 
datapath__721: dash_osd__GB1, 
logic__212: top_dual_ov5640_lcd__GCB2, 
logic__1067: dash_osd__GB0, 
logic__432: top_dual_ov5640_lcd__GCB0, 
logic__1218: dash_osd__GB0, 
case__721: top_dual_ov5640_lcd__GCB1, 
reg__183: top_dual_ov5640_lcd__GCB1, 
logic__1038: dash_osd__GB1, 
logic__642: lcd_rgb_top__GC0, 
reg__129: top_dual_ov5640_lcd__GCB0, 
muxpart__146: osd_overlay__GB5, 
reg__422: top_dual_ov5640_lcd__GCB1, 
datapath__744: top_dual_ov5640_lcd__GCB1, 
logic__55: top_dual_ov5640_lcd__GCB2, 
case__358: osd_overlay__GB6, 
reg__15: top_dual_ov5640_lcd__GCB2, 
logic__2036: top_dual_ov5640_lcd__GCB1, 
muxpart__16: top_dual_ov5640_lcd__GCB2, 
datapath__351: osd_overlay__GB5, 
logic__1612: dash_osd__GB1, 
logic__718: lcd_rgb_top__GC0, 
logic__1618: dash_osd__GB1, 
case__462: dash_osd__GB0, 
logic__526: top_dual_ov5640_lcd__GCB1, 
muxpart__170: dash_osd__GB1, 
reg__19: top_dual_ov5640_lcd__GCB2, 
logic__1010: dash_osd__GB1, 
case__333: osd_overlay__GB6, 
logic__2000: top_dual_ov5640_lcd__GCB1, 
logic__225: top_dual_ov5640_lcd__GCB0, 
logic__340: top_dual_ov5640_lcd__GCB1, 
reg__76: top_dual_ov5640_lcd__GCB2, 
muxpart: top_dual_ov5640_lcd__GCB2, 
datapath__645: dash_osd__GB1, 
logic__1137: dash_osd__GB0, 
case__85: top_dual_ov5640_lcd__GCB0, 
case__565: top_dual_ov5640_lcd__GCB1, 
logic__721: lcd_rgb_top__GC0, 
logic__1084: dash_osd__GB0, 
datapath__209: osd_overlay__GB5, 
reg__430: top_dual_ov5640_lcd__GCB1, 
datapath__226: osd_overlay__GB5, 
datapath__600: dash_osd__GB0, 
muxpart__54: top_dual_ov5640_lcd__GCB1, 
reg__5: top_dual_ov5640_lcd__GCB2, 
case__579: top_dual_ov5640_lcd__GCB1, 
reg__48: top_dual_ov5640_lcd__GCB0, 
logic__1953: top_dual_ov5640_lcd__GCB1, 
reg__204: lcd_rgb_top__GC0, 
case__157: top_dual_ov5640_lcd__GCB1, 
case__646: top_dual_ov5640_lcd__GCB1, 
datapath__690: dash_osd__GB1, 
datapath__561: dash_osd__GB1, 
logic__217: top_dual_ov5640_lcd__GCB2, 
logic__1441: dash_osd__GB0, 
case__339: osd_overlay__GB6, 
datapath__220: osd_overlay__GB5, 
logic__1505: dash_osd__GB0, 
datapath__46: top_dual_ov5640_lcd__GCB0, 
datapath__464: osd_overlay__GB5, 
logic__519: top_dual_ov5640_lcd__GCB1, 
datapath__12: top_dual_ov5640_lcd__GCB0, 
case__474: dash_osd__GB0, 
case__217: top_dual_ov5640_lcd__GCB0, 
datapath__45: top_dual_ov5640_lcd__GCB0, 
reg__89: top_dual_ov5640_lcd__GCB1, 
logic__235: top_dual_ov5640_lcd__GCB0, 
logic__533: top_dual_ov5640_lcd__GCB1, 
logic__1641: dash_osd__GB1, 
datapath__371: osd_overlay__GB5, 
case__419: osd_overlay__GB5, 
datapath__729: dash_osd__GB0, 
muxpart__185: dash_osd__GB0, 
muxpart__178: dash_osd__GB0, 
case__281: lcd_rgb_top__GC0, 
case__195: top_dual_ov5640_lcd__GCB0, 
datapath__714: dash_osd__GB0, 
case__523: dash_osd__GB1, 
reg__29: top_dual_ov5640_lcd__GCB2, 
reg__263: osd_overlay__GB5, 
reg__296: osd_overlay__GB5, 
case__294: lcd_rgb_top__GC0, 
reg__197: top_dual_ov5640_lcd__GCB1, 
case__250: top_dual_ov5640_lcd__GCB1, 
datapath__162: lcd_rgb_top__GC0, 
case__182: top_dual_ov5640_lcd__GCB1, 
reg__138: top_dual_ov5640_lcd__GCB0, 
case__142: top_dual_ov5640_lcd__GCB2, 
datapath__440: osd_overlay__GB5, 
datapath__596: dash_osd__GB0, 
muxpart__137: osd_overlay__GB5, 
case__492: dash_osd__GB1, 
case__377: osd_overlay__GB5, 
logic__777: osd_overlay__GB5, 
case__550: top_dual_ov5640_lcd__GCB1, 
reg__421: top_dual_ov5640_lcd__GCB1, 
case__496: dash_osd__GB0, 
osd_font: osd_overlay__GB6, 
datapath__102: top_dual_ov5640_lcd__GCB1, 
datapath__90: top_dual_ov5640_lcd__GCB0, 
reg__369: dash_osd__GB0, 
datapath__673: dash_osd__GB1, 
reg__221: lcd_rgb_top__GC0, 
case__660: top_dual_ov5640_lcd__GCB1, 
datapath__140: lcd_rgb_top__GC0, 
case__407: osd_overlay__GB2, 
logic__1182: dash_osd__GB0, 
reg__187: top_dual_ov5640_lcd__GCB1, 
datapath__457: osd_overlay__GB5, 
logic__641: lcd_rgb_top__GC0, 
datapath__354: osd_overlay__GB5, 
case__682: top_dual_ov5640_lcd__GCB1, 
logic__1102: dash_osd__GB1, 
datapath__623: dash_osd__GB0, 
datapath__701: dash_osd__GB1, 
datapath__115: top_dual_ov5640_lcd__GCB1, 
case__441: osd_overlay__GB5, 
logic__1899: top_dual_ov5640_lcd__GCB1, 
muxpart__221: top_dual_ov5640_lcd__GCB1, 
case__257: top_dual_ov5640_lcd__GCB1, 
case__477: dash_osd__GB1, 
datapath__392: osd_overlay__GB5, 
logic__1460: dash_osd__GB1, 
reg__167: top_dual_ov5640_lcd__GCB1, 
datapath__418: osd_overlay__GB5, 
datapath__405: osd_overlay__GB5, 
case__423: osd_overlay__GB5, 
logic__1138: dash_osd__GB0, 
case__574: top_dual_ov5640_lcd__GCB1, 
dsp48e1__12: top_dual_ov5640_lcd__GCB1, 
datapath__55: top_dual_ov5640_lcd__GCB0, 
logic__1541: dash_osd__GB0, 
reg__103: top_dual_ov5640_lcd__GCB0, 
logic__1882: top_dual_ov5640_lcd__GCB1, 
case__387: osd_overlay__GB5, 
case__442: osd_overlay__GB5, 
reg__279: osd_overlay__GB5, 
datapath__634: dash_osd__GB0, 
logic__489: top_dual_ov5640_lcd__GCB0, 
logic__1420: dash_osd__GB1, 
case__564: top_dual_ov5640_lcd__GCB1, 
mult_32_16_48: top_dual_ov5640_lcd__GCB0, 
reg__245: lcd_rgb_top__GC0, 
datapath__502: dash_osd__GB1, 
case__241: top_dual_ov5640_lcd__GCB1, 
datapath__563: dash_osd__GB1, 
datapath__495: dash_osd__GB1, 
logic__997: osd_overlay__GB5, 
datapath__597: dash_osd__GB0, 
logic__1300: dash_osd__GB0, 
logic__1756: top_dual_ov5640_lcd__GCB1, 
datapath__640: dash_osd__GB0, 
logic__818: osd_overlay__GB5, 
case__455: dash_osd__GB1, 
logic__1177: dash_osd__GB0, 
logic__1428: dash_osd__GB0, 
osd_overlay__GB1: osd_overlay__GB1, 
logic__810: osd_overlay__GB5, 
muxpart__25: top_dual_ov5640_lcd__GCB2, 
datapath__707: dash_osd__GB0, 
logic__1860: top_dual_ov5640_lcd__GCB1, 
datapath__540: dash_osd__GB1, 
datapath__191: osd_overlay__GB5, 
datapath__430: osd_overlay__GB5, 
case__282: lcd_rgb_top__GC0, 
datapath__84: top_dual_ov5640_lcd__GCB0, 
logic__1164: dash_osd__GB0, 
datapath__592: dash_osd__GB0, 
case__53: top_dual_ov5640_lcd__GCB2, 
case__510: dash_osd__GB0, 
datapath__661: dash_osd__GB0, 
case__654: top_dual_ov5640_lcd__GCB1, 
datapath__331: osd_overlay__GB0, 
reg__437: top_dual_ov5640_lcd__GCB1, 
datapath__523: dash_osd__GB1, 
reg__319: dash_osd__GB1, 
logic__1245: dash_osd__GB0, 
logic__950: osd_overlay__GB5, 
case__571: top_dual_ov5640_lcd__GCB1, 
logic__1290: dash_osd__GB1, 
datapath__527: dash_osd__GB1, 
logic__1344: dash_osd__GB0, 
logic__1600: dash_osd__GB1, 
reg__42: top_dual_ov5640_lcd__GCB0, 
logic__1394: dash_osd__GB0, 
datapath__627: dash_osd__GB0, 
logic__1884: top_dual_ov5640_lcd__GCB1, 
datapath__508: dash_osd__GB1, 
logic__759: osd_overlay__GB5, 
case__411: osd_overlay__GB1, 
logic__1579: dash_osd__GB0, 
case__704: top_dual_ov5640_lcd__GCB1, 
case__671: top_dual_ov5640_lcd__GCB1, 
logic__1451: dash_osd__GB0, 
logic__1883: top_dual_ov5640_lcd__GCB1, 
reg__52: top_dual_ov5640_lcd__GCB0, 
reg__9: top_dual_ov5640_lcd__GCB2, 
case__508: dash_osd__GB0, 
case__155: top_dual_ov5640_lcd__GCB1, 
case__649: top_dual_ov5640_lcd__GCB1, 
mig_7series_0: top_dual_ov5640_lcd__GCB1, 
case__627: top_dual_ov5640_lcd__GCB1, 
datapath__669: dash_osd__GB1, 
logic__847: osd_overlay__GB5, 
logic__1118: dash_osd__GB0, 
case__692: top_dual_ov5640_lcd__GCB1, 
datapath__489: dash_osd__GB1, 
logic__446: top_dual_ov5640_lcd__GCB0, 
datapath__132: lcd_rgb_top__GC0, 
logic__296: top_dual_ov5640_lcd__GCB2, 
reg__116: top_dual_ov5640_lcd__GCB0, 
logic__206: top_dual_ov5640_lcd__GCB2, 
datapath__231: osd_overlay__GB5, 
datapath__228: osd_overlay__GB5, 
logic__530: top_dual_ov5640_lcd__GCB1, 
reg__128: top_dual_ov5640_lcd__GCB0, 
reg__440: top_dual_ov5640_lcd__GCB1, 
datapath__564: dash_osd__GB1, 
reg__132: top_dual_ov5640_lcd__GCB0, 
logic__557: top_dual_ov5640_lcd__GCB1, 
reg__320: dash_osd__GB1, 
logic__1870: top_dual_ov5640_lcd__GCB1, 
reg__467: top_dual_ov5640_lcd__GCB1, 
datapath__240: osd_overlay__GB5, 
reg__130: top_dual_ov5640_lcd__GCB0, 
logic__1887: top_dual_ov5640_lcd__GCB1, 
case__346: osd_overlay__GB6, 
case__702: top_dual_ov5640_lcd__GCB1, 
logic__1381: dash_osd__GB1, 
datapath__530: dash_osd__GB1, 
case__338: osd_overlay__GB6, 
logic__1275: dash_osd__GB0, 
datapath__216: osd_overlay__GB5, 
reg__353: dash_osd__GB0, 
datapath__697: dash_osd__GB0, 
datapath__74: top_dual_ov5640_lcd__GCB0, 
datapath__13: top_dual_ov5640_lcd__GCB0, 
logic__1768: top_dual_ov5640_lcd__GCB1, 
reg__31: top_dual_ov5640_lcd__GCB2, 
datapath__575: dash_osd__GB0, 
logic__2074: top_dual_ov5640_lcd__GCB1, 
datapath__247: osd_overlay__GB2, 
reg__323: dash_osd__GB1, 
logic__734: lcd_rgb_top__GC0, 
logic__1908: top_dual_ov5640_lcd__GCB1, 
logic__1886: top_dual_ov5640_lcd__GCB1, 
datapath__322: osd_overlay__GB4, 
muxpart__86: lcd_rgb_top__GC0, 
reg__208: lcd_rgb_top__GC0, 
datapath__568: dash_osd__GB1, 
case__436: osd_overlay__GB5, 
datapath__29: top_dual_ov5640_lcd__GCB1, 
datapath__642: dash_osd__GB0, 
datapath__547: dash_osd__GB1, 
datapath__450: osd_overlay__GB5, 
logic__1593: dash_osd__GB0, 
logic__953: osd_overlay__GB5, 
case__505: dash_osd__GB0, 
case__527: top_dual_ov5640_lcd__GCB1, 
case__507: dash_osd__GB0, 
datapath__655: dash_osd__GB0, 
muxpart__129: osd_overlay__GB6, 
rom__3: top_dual_ov5640_lcd__GCB0, 
logic__329: top_dual_ov5640_lcd__GCB1, 
datapath__188: osd_overlay__GB5, 
case__557: top_dual_ov5640_lcd__GCB1, 
logic__861: osd_overlay__GB5, 
reg__448: top_dual_ov5640_lcd__GCB1, 
datapath__760: top_dual_ov5640_lcd__GCB1, 
logic__2002: top_dual_ov5640_lcd__GCB1, 
case__553: top_dual_ov5640_lcd__GCB1, 
datapath__737: top_dual_ov5640_lcd__GCB1, 
case__328: osd_overlay__GB6, 
datapath__719: dash_osd__GB0, 
case__150: top_dual_ov5640_lcd__GCB1, 
case__582: top_dual_ov5640_lcd__GCB1, 
muxpart__110: osd_overlay__GB6, 
case__563: top_dual_ov5640_lcd__GCB1, 
muxpart__14: top_dual_ov5640_lcd__GCB2, 
case__636: top_dual_ov5640_lcd__GCB1, 
datapath__317: osd_overlay__GB0, 
logic__1931: top_dual_ov5640_lcd__GCB1, 
datapath__142: lcd_rgb_top__GC0, 
reg__119: top_dual_ov5640_lcd__GCB0, 
datapath__265: osd_overlay__GB0, 
counter__5: top_dual_ov5640_lcd__GCB0, 
logic__380: top_dual_ov5640_lcd__GCB1, 
case__39: top_dual_ov5640_lcd__GCB2, 
logic__1754: top_dual_ov5640_lcd__GCB1, 
case__48: top_dual_ov5640_lcd__GCB2, 
counter__2: top_dual_ov5640_lcd__GCB2, 
datapath__49: top_dual_ov5640_lcd__GCB0, 
logic__1244: dash_osd__GB0, 
datapath__683: dash_osd__GB1, 
datapath__702: dash_osd__GB1, 
case__388: osd_overlay__GB5, 
case__397: osd_overlay__GB5, 
logic__1971: top_dual_ov5640_lcd__GCB1, 
logic__648: lcd_rgb_top__GC0, 
counter__17: top_dual_ov5640_lcd__GCB1, 
case__394: osd_overlay__GB5, 
counter__9: top_dual_ov5640_lcd__GCB1, 
case__32: top_dual_ov5640_lcd__GCB2, 
logic__1273: dash_osd__GB0, 
case__473: dash_osd__GB0, 
logic__867: osd_overlay__GB5, 
logic__1419: dash_osd__GB1, 
logic__733: lcd_rgb_top__GC0, 
case__26: top_dual_ov5640_lcd__GCB2, 
case__213: top_dual_ov5640_lcd__GCB0, 
case__357: osd_overlay__GB6, 
logic__522: top_dual_ov5640_lcd__GCB1, 
counter__8: top_dual_ov5640_lcd__GCB1, 
reg__298: osd_overlay__GB5, 
logic__1326: dash_osd__GB1, 
datapath__36: top_dual_ov5640_lcd__GCB0, 
logic__487: top_dual_ov5640_lcd__GCB0, 
reg__313: osd_overlay__GB5, 
reg__28: top_dual_ov5640_lcd__GCB2, 
logic__1975: top_dual_ov5640_lcd__GCB1, 
case__370: osd_overlay__GB5, 
case__344: osd_overlay__GB6, 
reg__36: top_dual_ov5640_lcd__GCB0, 
muxpart__211: dash_osd__GB1, 
logic__1291: dash_osd__GB0, 
datapath__1: top_dual_ov5640_lcd__GCB2, 
reg__285: osd_overlay__GB5, 
datapath__199: osd_overlay__GB5, 
reg__161: top_dual_ov5640_lcd__GCB1, 
datapath__589: dash_osd__GB0, 
green_detect: top_dual_ov5640_lcd__GCB0, 
muxpart__160: dash_osd__GB1, 
logic__502: top_dual_ov5640_lcd__GCB0, 
reg__53: top_dual_ov5640_lcd__GCB0, 
logic__1743: top_dual_ov5640_lcd__GCB1, 
datapath__315: osd_overlay__GB0, 
muxpart__144: osd_overlay__GB5, 
datapath__507: dash_osd__GB1, 
case__647: top_dual_ov5640_lcd__GCB1, 
logic__292: top_dual_ov5640_lcd__GCB2, 
datapath__192: osd_overlay__GB5, 
logic__1293: dash_osd__GB0, 
logic__1120: dash_osd__GB0, 
reg__409: top_dual_ov5640_lcd__GCB1, 
case__356: osd_overlay__GB6, 
case__223: top_dual_ov5640_lcd__GCB0, 
reg__45: top_dual_ov5640_lcd__GCB0, 
datapath__171: osd_overlay__GB5, 
datapath__68: top_dual_ov5640_lcd__GCB0, 
logic__478: top_dual_ov5640_lcd__GCB0, 
datapath__298: osd_overlay__GB3, 
datapath__367: osd_overlay__GB5, 
muxpart__22: top_dual_ov5640_lcd__GCB2, 
muxpart__21: top_dual_ov5640_lcd__GCB2, 
reg__304: osd_overlay__GB5, 
case__152: top_dual_ov5640_lcd__GCB1, 
case__471: dash_osd__GB0, 
muxpart__87: lcd_rgb_top__GC0, 
logic__1167: dash_osd__GB0, 
datapath__399: osd_overlay__GB5, 
case__546: top_dual_ov5640_lcd__GCB1, 
datapath__324: osd_overlay__GB4, 
case__113: top_dual_ov5640_lcd__GCB0, 
sl_uart_tx: top_dual_ov5640_lcd__GCB1, 
datapath__411: osd_overlay__GB5, 
reg__273: osd_overlay__GB5, 
reg__20: top_dual_ov5640_lcd__GCB2, 
datapath__713: dash_osd__GB0, 
logic__1375: dash_osd__GB0, 
sl_uart_rx: top_dual_ov5640_lcd__GCB1, 
muxpart__91: lcd_rgb_top__GC0, 
reg__327: dash_osd__GB1, 
case__467: dash_osd__GB1, 
case__363: osd_overlay__GB6, 
reg__80: top_dual_ov5640_lcd__GCB2, 
case__483: dash_osd__GB0, 
datapath__591: dash_osd__GB0, 
datapath__343: osd_overlay__GB5, 
logic__424: top_dual_ov5640_lcd__GCB0, 
logic__1720: top_dual_ov5640_lcd__GCB1, 
datapath__165: osd_overlay__GB5, 
counter__24: top_dual_ov5640_lcd__GCB1, 
datapath__181: osd_overlay__GB5, 
logic__1890: top_dual_ov5640_lcd__GCB1, 
case__427: osd_overlay__GB5, 
logic__1438: dash_osd__GB1, 
case__9: top_dual_ov5640_lcd__GCB2, 
case__7: top_dual_ov5640_lcd__GCB2, 
datapath__344: osd_overlay__GB5, 
logic__1748: top_dual_ov5640_lcd__GCB1, 
logic__1893: top_dual_ov5640_lcd__GCB1, 
datapath__156: lcd_rgb_top__GC0, 
reg__385: dash_osd__GB0, 
logic__150: top_dual_ov5640_lcd__GCB2, 
logic__1598: dash_osd__GB0, 
datapath__211: osd_overlay__GB5, 
reg__191: top_dual_ov5640_lcd__GCB1, 
reg__368: dash_osd__GB0, 
case__464: dash_osd__GB0, 
datapath__487: osd_overlay__GB5, 
reg__453: top_dual_ov5640_lcd__GCB1, 
case__272: top_dual_ov5640_lcd__GCB1, 
datapath__562: dash_osd__GB1, 
datapath__499: dash_osd__GB1, 
logic__1889: top_dual_ov5640_lcd__GCB1, 
reg__282: osd_overlay__GB5, 
logic__2006: top_dual_ov5640_lcd__GCB1, 
datapath__388: osd_overlay__GB5, 
reg__417: top_dual_ov5640_lcd__GCB1, 
case__348: osd_overlay__GB6, 
muxpart__8: top_dual_ov5640_lcd__GCB2, 
reg__312: osd_overlay__GB5, 
datapath__277: osd_overlay__GB0, 
reg__112: top_dual_ov5640_lcd__GCB0, 
reg__159: top_dual_ov5640_lcd__GCB1, 
logic__1888: top_dual_ov5640_lcd__GCB1, 
case__644: top_dual_ov5640_lcd__GCB1, 
case__244: top_dual_ov5640_lcd__GCB1, 
case__545: top_dual_ov5640_lcd__GCB1, 
case__465: dash_osd__GB0, 
datapath__147: lcd_rgb_top__GC0, 
case__21: top_dual_ov5640_lcd__GCB2, 
case__517: dash_osd__GB1, 
logic__2066: top_dual_ov5640_lcd__GCB1, 
datapath__206: osd_overlay__GB5, 
case__495: dash_osd__GB0, 
case__468: dash_osd__GB0, 
datapath__37: top_dual_ov5640_lcd__GCB0, 
case__561: top_dual_ov5640_lcd__GCB1, 
datapath__282: osd_overlay__GB0, 
case__138: top_dual_ov5640_lcd__GCB2, 
case__298: osd_overlay__GB6, 
logic__717: lcd_rgb_top__GC0, 
reg__117: top_dual_ov5640_lcd__GCB0, 
case__367: osd_overlay__GB6, 
muxpart__5: top_dual_ov5640_lcd__GCB2, 
logic__543: top_dual_ov5640_lcd__GCB1, 
reg__270: osd_overlay__GB5, 
case__337: osd_overlay__GB6, 
logic__1475: dash_osd__GB0, 
logic__1075: dash_osd__GB0, 
logic__1015: dash_osd__GB1, 
datapath__256: osd_overlay__GB0, 
reg__225: lcd_rgb_top__GC0, 
datapath__696: dash_osd__GB0, 
logic__934: osd_overlay__GB0, 
datapath__466: osd_overlay__GB5, 
reg__280: osd_overlay__GB5, 
case__549: top_dual_ov5640_lcd__GCB1, 
datapath__400: osd_overlay__GB5, 
datapath__603: dash_osd__GB0, 
logic__568: top_dual_ov5640_lcd__GCB1, 
logic__1339: dash_osd__GB0, 
logic__2083: top_dual_ov5640_lcd__GCB0, 
logic__1571: dash_osd__GB1, 
logic__1105: dash_osd__GB1, 
logic__1880: top_dual_ov5640_lcd__GCB1, 
logic__1113: dash_osd__GB0, 
case__68: top_dual_ov5640_lcd__GCB2, 
datapath__752: top_dual_ov5640_lcd__GCB1, 
case__258: top_dual_ov5640_lcd__GCB1, 
datapath__31: top_dual_ov5640_lcd__GCB1, 
datapath__738: top_dual_ov5640_lcd__GCB1, 
reg__93: top_dual_ov5640_lcd__GCB1, 
datapath__700: dash_osd__GB1, 
datapath__425: osd_overlay__GB5, 
logic__1011: dash_osd__GB1, 
case__6: top_dual_ov5640_lcd__GCB2, 
datapath__606: dash_osd__GB0, 
case__252: top_dual_ov5640_lcd__GCB1, 
logic__1513: dash_osd__GB0, 
case__334: osd_overlay__GB6, 
logic__450: top_dual_ov5640_lcd__GCB0, 
datapath__176: osd_overlay__GB5, 
datapath__513: dash_osd__GB1, 
muxpart__76: top_dual_ov5640_lcd__GCB0, 
logic__616: top_dual_ov5640_lcd__GCB1, 
case__449: osd_overlay__GB5, 
reg__40: top_dual_ov5640_lcd__GCB0, 
datapath__146: lcd_rgb_top__GC0, 
case__447: osd_overlay__GB5, 
logic__1128: dash_osd__GB0, 
logic__2087: top_dual_ov5640_lcd__GCB2, 
logic__1565: dash_osd__GB1, 
case__127: top_dual_ov5640_lcd__GCB0, 
case__418: osd_overlay__GB5, 
case__522: dash_osd__GB1, 
logic__1203: dash_osd__GB0, 
logic__917: osd_overlay__GB5, 
reg__109: top_dual_ov5640_lcd__GCB0, 
datapath__391: osd_overlay__GB5, 
muxpart__166: dash_osd__GB0, 
muxpart__161: dash_osd__GB0, 
ctrl_link_tx: top_dual_ov5640_lcd__GCB1, 
logic__1939: top_dual_ov5640_lcd__GCB1, 
reg__186: top_dual_ov5640_lcd__GCB1, 
case__500: dash_osd__GB1, 
reg__39: top_dual_ov5640_lcd__GCB0, 
case__723: top_dual_ov5640_lcd__GCB1, 
datapath__214: osd_overlay__GB5, 
datapath__402: osd_overlay__GB5, 
logic__1042: dash_osd__GB1, 
case__62: top_dual_ov5640_lcd__GCB2, 
logic__799: osd_overlay__GB5, 
logic__1087: dash_osd__GB0, 
case__242: top_dual_ov5640_lcd__GCB1, 
reg__32: top_dual_ov5640_lcd__GCB0, 
logic__914: osd_overlay__GB6, 
reg__246: lcd_rgb_top__GC0, 
datapath__17: top_dual_ov5640_lcd__GCB2, 
case__446: osd_overlay__GB5, 
reg__37: top_dual_ov5640_lcd__GCB0, 
case__456: dash_osd__GB1, 
case__718: top_dual_ov5640_lcd__GCB1, 
logic__859: osd_overlay__GB5, 
datapath__44: top_dual_ov5640_lcd__GCB0, 
reg__449: top_dual_ov5640_lcd__GCB1, 
case__158: top_dual_ov5640_lcd__GCB1, 
logic__635: top_dual_ov5640_lcd__GCB1, 
muxpart__188: dash_osd__GB0, 
logic__585: top_dual_ov5640_lcd__GCB1, 
case__13: top_dual_ov5640_lcd__GCB2, 
case__559: top_dual_ov5640_lcd__GCB1, 
logic__1353: dash_osd__GB0, 
datapath__358: osd_overlay__GB5, 
datapath__108: top_dual_ov5640_lcd__GCB1, 
case__381: osd_overlay__GB5, 
reg__258: lcd_rgb_top__GC0, 
logic__454: top_dual_ov5640_lcd__GCB0, 
muxpart__119: osd_overlay__GB6, 
case__326: osd_overlay__GB6, 
case__79: top_dual_ov5640_lcd__GCB0, 
datapath__250: osd_overlay__GB2, 
muxpart__202: dash_osd__GB0, 
muxpart__219: top_dual_ov5640_lcd__GCB1, 
datapath__582: dash_osd__GB0, 
datapath__289: osd_overlay__GB0, 
case__133: top_dual_ov5640_lcd__GCB2, 
muxpart__187: dash_osd__GB0, 
reg__169: top_dual_ov5640_lcd__GCB1, 
datapath__9: top_dual_ov5640_lcd__GCB0, 
datapath__579: dash_osd__GB0, 
datapath__681: dash_osd__GB0, 
logic__1718: top_dual_ov5640_lcd__GCB1, 
logic__1017: dash_osd__GB1, 
datapath__47: top_dual_ov5640_lcd__GCB0, 
logic__1879: top_dual_ov5640_lcd__GCB1, 
datapath__470: osd_overlay__GB5, 
logic__1213: dash_osd__GB0, 
logic__153: top_dual_ov5640_lcd__GCB2, 
case__380: osd_overlay__GB5, 
muxpart__189: dash_osd__GB0, 
logic__388: top_dual_ov5640_lcd__GCB1, 
datapath__18: top_dual_ov5640_lcd__GCB2, 
case__566: top_dual_ov5640_lcd__GCB1, 
reg__418: top_dual_ov5640_lcd__GCB1, 
datapath__82: top_dual_ov5640_lcd__GCB0, 
case__308: osd_overlay__GB6, 
case__520: dash_osd__GB0, 
logic__1146: dash_osd__GB0, 
datapath__493: dash_osd__GB1, 
case__674: top_dual_ov5640_lcd__GCB1, 
logic__246: top_dual_ov5640_lcd__GCB0, 
muxpart__128: osd_overlay__GB6, 
datapath__30: top_dual_ov5640_lcd__GCB1, 
reg__4: top_dual_ov5640_lcd__GCB2, 
datapath__611: dash_osd__GB1, 
dsp48e1__6: top_dual_ov5640_lcd__GCB0, 
logic__1070: dash_osd__GB1, 
logic__1532: dash_osd__GB1, 
datapath__197: osd_overlay__GB5, 
datapath__167: osd_overlay__GB5, 
reg__38: top_dual_ov5640_lcd__GCB0, 
case__325: osd_overlay__GB6, 
logic__1876: top_dual_ov5640_lcd__GCB1, 
logic__1159: dash_osd__GB0, 
logic__2027: top_dual_ov5640_lcd__GCB1, 
reg__364: dash_osd__GB0, 
datapath__746: top_dual_ov5640_lcd__GCB1, 
logic__798: osd_overlay__GB5, 
logic__1867: top_dual_ov5640_lcd__GCB1, 
reg__21: top_dual_ov5640_lcd__GCB2, 
datapath__631: dash_osd__GB1, 
datapath__116: top_dual_ov5640_lcd__GCB1, 
muxpart__179: dash_osd__GB0, 
datapath__333: osd_overlay__GB0, 
datapath__123: top_dual_ov5640_lcd__GCB1, 
datapath__751: top_dual_ov5640_lcd__GCB1, 
logic__1155: dash_osd__GB0, 
muxpart__167: dash_osd__GB1, 
case__197: top_dual_ov5640_lcd__GCB0, 
case__399: osd_overlay__GB5, 
datapath__539: dash_osd__GB1, 
reg__392: dash_osd__GB0, 
muxpart__156: dash_osd__GB0, 
case__479: dash_osd__GB0, 
case__121: top_dual_ov5640_lcd__GCB0, 
case__327: osd_overlay__GB6, 
muxpart__163: dash_osd__GB0, 
case__551: top_dual_ov5640_lcd__GCB1, 
datapath__414: osd_overlay__GB5, 
case__666: top_dual_ov5640_lcd__GCB1, 
counter__18: lcd_rgb_top__GC0, 
datapath__506: dash_osd__GB1, 
logic__929: osd_overlay__GB2, 
muxpart__12: top_dual_ov5640_lcd__GCB2, 
reg__360: dash_osd__GB1, 
datapath__727: dash_osd__GB1, 
logic__792: osd_overlay__GB5, 
case__310: osd_overlay__GB6, 
logic__673: lcd_rgb_top__GC0, 
muxpart__138: osd_overlay__GB5, 
reg__256: lcd_rgb_top__GC0, 
reg__126: top_dual_ov5640_lcd__GCB0, 
case__268: top_dual_ov5640_lcd__GCB1, 
logic__884: osd_overlay__GB5, 
muxpart__191: dash_osd__GB0, 
logic__322: top_dual_ov5640_lcd__GCB2, 
datapath__4: top_dual_ov5640_lcd__GCB0, 
reg__331: dash_osd__GB1, 
case__222: top_dual_ov5640_lcd__GCB0, 
datapath__552: dash_osd__GB1, 
reg__308: osd_overlay__GB5, 
ddr3_top: top_dual_ov5640_lcd__GCB1, 
logic__761: osd_overlay__GB5, 
datapath__654: dash_osd__GB0, 
datapath__71: top_dual_ov5640_lcd__GCB0, 
datapath__366: osd_overlay__GB5, 
muxpart__190: dash_osd__GB1, 
muxpart__277: top_dual_ov5640_lcd__GCB1, 
logic__580: top_dual_ov5640_lcd__GCB1, 
counter__15: top_dual_ov5640_lcd__GCB0, 
datapath__553: dash_osd__GB0, 
reg__384: dash_osd__GB0, 
logic__835: osd_overlay__GB5, 
case__642: top_dual_ov5640_lcd__GCB1, 
datapath__112: top_dual_ov5640_lcd__GCB1, 
counter__10: top_dual_ov5640_lcd__GCB1, 
logic__1050: dash_osd__GB0, 
logic__1766: top_dual_ov5640_lcd__GCB1, 
dsp48e1__8: lcd_rgb_top__GC0, 
case__580: top_dual_ov5640_lcd__GCB1, 
logic__1875: top_dual_ov5640_lcd__GCB1, 
case__284: lcd_rgb_top__GC0, 
logic__1572: dash_osd__GB0, 
datapath__484: osd_overlay__GB5, 
datapath__339: osd_overlay__GB0, 
logic__1758: top_dual_ov5640_lcd__GCB1, 
datapath__99: top_dual_ov5640_lcd__GCB1, 
logic__1978: top_dual_ov5640_lcd__GCB1, 
logic__506: top_dual_ov5640_lcd__GCB0, 
muxpart__198: dash_osd__GB0, 
datapath__750: top_dual_ov5640_lcd__GCB1, 
muxpart__127: osd_overlay__GB6, 
case__43: top_dual_ov5640_lcd__GCB2, 
case__475: dash_osd__GB0, 
reg__294: osd_overlay__GB5, 
reg__140: top_dual_ov5640_lcd__GCB0, 
case__426: osd_overlay__GB5, 
logic__1648: dash_osd__GB0, 
reg__233: lcd_rgb_top__GC0, 
ddr3_fifo_ctrl: top_dual_ov5640_lcd__GCB1, 
datapath__51: top_dual_ov5640_lcd__GCB0, 
case__414: osd_overlay__GB0, 
logic__1044: dash_osd__GB1, 
logic__1201: dash_osd__GB0, 
datapath__234: osd_overlay__GB5, 
case__179: top_dual_ov5640_lcd__GCB1, 
case__709: top_dual_ov5640_lcd__GCB1, 
datapath__153: lcd_rgb_top__GC0, 
logic__389: top_dual_ov5640_lcd__GCB1, 
logic__722: lcd_rgb_top__GC0, 
logic__1767: top_dual_ov5640_lcd__GCB1, 
case__220: top_dual_ov5640_lcd__GCB0, 
datapath__380: osd_overlay__GB5, 
reg__26: top_dual_ov5640_lcd__GCB2, 
logic__1994: top_dual_ov5640_lcd__GCB1, 
logic__1316: dash_osd__GB0, 
case__214: top_dual_ov5640_lcd__GCB0, 
logic__1741: top_dual_ov5640_lcd__GCB1, 
case__676: top_dual_ov5640_lcd__GCB1, 
datapath__614: dash_osd__GB0, 
datapath__337: osd_overlay__GB0, 
datapath__566: dash_osd__GB1, 
muxpart__157: dash_osd__GB1, 
datapath__109: top_dual_ov5640_lcd__GCB1, 
logic__1993: top_dual_ov5640_lcd__GCB1, 
muxpart__195: dash_osd__GB0, 
logic__857: osd_overlay__GB5, 
logic__1524: dash_osd__GB1, 
reg__337: dash_osd__GB0, 
muxpart__29: top_dual_ov5640_lcd__GCB0, 
logic__1237: dash_osd__GB0, 
datapath__26: top_dual_ov5640_lcd__GCB1, 
logic__1992: top_dual_ov5640_lcd__GCB1, 
clk_div: lcd_rgb_top__GC0, 
reg__118: top_dual_ov5640_lcd__GCB0, 
case__556: top_dual_ov5640_lcd__GCB1, 
case__218: top_dual_ov5640_lcd__GCB0, 
logic__468: top_dual_ov5640_lcd__GCB0, 
case__335: osd_overlay__GB6, 
logic__1989: top_dual_ov5640_lcd__GCB1, 
muxpart__232: top_dual_ov5640_lcd__GCB1, 
logic__1131: dash_osd__GB1, 
case__395: osd_overlay__GB5, 
case__722: top_dual_ov5640_lcd__GCB1, 
reg__361: dash_osd__GB0, 
logic__514: top_dual_ov5640_lcd__GCB1, 
case__686: top_dual_ov5640_lcd__GCB1, 
logic__2017: top_dual_ov5640_lcd__GCB1, 
datapath__210: osd_overlay__GB5, 
case__648: top_dual_ov5640_lcd__GCB1, 
case__72: top_dual_ov5640_lcd__GCB0, 
logic__1996: top_dual_ov5640_lcd__GCB1, 
reg__162: top_dual_ov5640_lcd__GCB1, 
reg__401: top_dual_ov5640_lcd__GCB1, 
case__658: top_dual_ov5640_lcd__GCB1, 
datapath__393: osd_overlay__GB5, 
case__50: top_dual_ov5640_lcd__GCB2, 
logic__826: osd_overlay__GB5, 
case__655: top_dual_ov5640_lcd__GCB1, 
logic__888: osd_overlay__GB5, 
datapath__556: dash_osd__GB1, 
case__489: dash_osd__GB0, 
reg__411: top_dual_ov5640_lcd__GCB1, 
case__198: top_dual_ov5640_lcd__GCB0, 
datapath__637: dash_osd__GB1, 
logic__1401: dash_osd__GB1, 
muxpart__118: osd_overlay__GB6, 
datapath__548: dash_osd__GB1, 
case__434: osd_overlay__GB5, 
reg__94: top_dual_ov5640_lcd__GCB1, 
datapath__612: dash_osd__GB1, 
datapath__428: osd_overlay__GB5, 
case__31: top_dual_ov5640_lcd__GCB2, 
logic__247: top_dual_ov5640_lcd__GCB0, 
logic__893: osd_overlay__GB5, 
logic__426: top_dual_ov5640_lcd__GCB0, 
case__538: top_dual_ov5640_lcd__GCB1, 
case__22: top_dual_ov5640_lcd__GCB2, 
case__240: top_dual_ov5640_lcd__GCB1, 
muxpart__100: osd_overlay__GB6, 
logic__785: osd_overlay__GB5, 
case__263: top_dual_ov5640_lcd__GCB1, 
logic__910: osd_overlay__GB5, 
logic__933: osd_overlay__GB1, 
datapath__644: dash_osd__GB0, 
reg__207: lcd_rgb_top__GC0, 
datapath__349: osd_overlay__GB5, 
logic__1447: dash_osd__GB0, 
reg__88: top_dual_ov5640_lcd__GCB1, 
case__453: dash_osd__GB1, 
reg__23: top_dual_ov5640_lcd__GCB2, 
datapath__689: dash_osd__GB0, 
logic__1110: dash_osd__GB1, 
datapath__628: dash_osd__GB0, 
case__624: top_dual_ov5640_lcd__GCB1, 
case__665: top_dual_ov5640_lcd__GCB1, 
case__413: osd_overlay__GB0, 
case__36: top_dual_ov5640_lcd__GCB2, 
logic__2080: top_dual_ov5640_lcd__GCB1, 
muxpart__18: top_dual_ov5640_lcd__GCB2, 
datapath__219: osd_overlay__GB5, 
logic__621: top_dual_ov5640_lcd__GCB1, 
datapath__617: dash_osd__GB0, 
logic__634: top_dual_ov5640_lcd__GCB1, 
case__118: top_dual_ov5640_lcd__GCB0, 
case__707: top_dual_ov5640_lcd__GCB1, 
logic__1149: dash_osd__GB0, 
reg__189: top_dual_ov5640_lcd__GCB1, 
datapath__185: osd_overlay__GB5, 
reg__266: osd_overlay__GB5, 
datapath__672: dash_osd__GB0, 
logic__1209: dash_osd__GB0, 
logic__2015: top_dual_ov5640_lcd__GCB1, 
logic__1581: dash_osd__GB0, 
muxpart__159: dash_osd__GB0, 
case__488: dash_osd__GB0, 
datapath__286: osd_overlay__GB0, 
reg__371: dash_osd__GB0, 
rd_id: lcd_rgb_top__GC0, 
case__137: top_dual_ov5640_lcd__GCB2, 
datapath__482: osd_overlay__GB5, 
datapath__201: osd_overlay__GB5, 
reg__281: osd_overlay__GB5, 
reg__387: dash_osd__GB0, 
logic__1101: dash_osd__GB1, 
datapath__422: osd_overlay__GB5, 
datapath__164: lcd_rgb_top__GC0, 
logic__876: osd_overlay__GB5, 
reg__318: dash_osd__GB1, 
datapath__63: top_dual_ov5640_lcd__GCB0, 
logic__1617: dash_osd__GB1, 
case__452: dash_osd__GB1, 
datapath__648: dash_osd__GB1, 
logic__2072: top_dual_ov5640_lcd__GCB1, 
logic__865: osd_overlay__GB5, 
logic__2068: top_dual_ov5640_lcd__GCB1, 
datapath__101: top_dual_ov5640_lcd__GCB1, 
logic__762: osd_overlay__GB5, 
logic__1191: dash_osd__GB1, 
reg__3: top_dual_ov5640_lcd__GCB2, 
case__299: osd_overlay__GB6, 
reg__310: osd_overlay__GB5, 
reg__213: lcd_rgb_top__GC0, 
logic__2059: top_dual_ov5640_lcd__GCB1, 
datapath__16: top_dual_ov5640_lcd__GCB0, 
datapath__650: dash_osd__GB0, 
reg__68: top_dual_ov5640_lcd__GCB2, 
logic__1476: dash_osd__GB1, 
logic__1380: dash_osd__GB0, 
reg__166: top_dual_ov5640_lcd__GCB1, 
datapath__620: dash_osd__GB0, 
reg__459: top_dual_ov5640_lcd__GCB1, 
reg__376: dash_osd__GB0, 
case__670: top_dual_ov5640_lcd__GCB1, 
reg__146: top_dual_ov5640_lcd__GCB1, 
reg__30: top_dual_ov5640_lcd__GCB2, 
datapath__149: lcd_rgb_top__GC0, 
logic__1919: top_dual_ov5640_lcd__GCB1, 
dash_osd__GB1: dash_osd__GB1, 
datapath__396: osd_overlay__GB5, 
logic__1897: top_dual_ov5640_lcd__GCB1, 
muxpart__109: osd_overlay__GB6, 
reg__81: top_dual_ov5640_lcd__GCB2, 
logic__1865: top_dual_ov5640_lcd__GCB1, 
case__694: top_dual_ov5640_lcd__GCB1, 
case__635: top_dual_ov5640_lcd__GCB1, 
logic__974: osd_overlay__GB5, 
case__309: osd_overlay__GB6, 
reg__252: lcd_rgb_top__GC0, 
reg__151: top_dual_ov5640_lcd__GCB1, 
datapath__586: dash_osd__GB1, 
datapath__753: top_dual_ov5640_lcd__GCB1, 
logic__1371: dash_osd__GB0, 
logic__85: top_dual_ov5640_lcd__GCB2, 
datapath__3: top_dual_ov5640_lcd__GCB2, 
case__478: dash_osd__GB0, 
datapath__524: dash_osd__GB1, 
reg__59: top_dual_ov5640_lcd__GCB0, 
reg__316: osd_overlay__GB5, 
datapath__300: osd_overlay__GB3, 
datapath__685: dash_osd__GB0, 
logic__1458: dash_osd__GB1, 
datapath__91: top_dual_ov5640_lcd__GCB0, 
logic__748: osd_overlay__GB6, 
case__227: top_dual_ov5640_lcd__GCB1, 
datapath__573: dash_osd__GB0, 
reg__465: top_dual_ov5640_lcd__GCB1, 
datapath__695: dash_osd__GB0, 
logic__214: top_dual_ov5640_lcd__GCB2, 
logic__1200: dash_osd__GB1, 
case__372: osd_overlay__GB5, 
reg__182: top_dual_ov5640_lcd__GCB1, 
datapath__594: dash_osd__GB1, 
logic__751: osd_overlay__GB5, 
case__201: top_dual_ov5640_lcd__GCB0, 
datapath__485: osd_overlay__GB5, 
datapath__270: osd_overlay__GB1, 
logic__1327: dash_osd__GB1, 
case__15: top_dual_ov5640_lcd__GCB2, 
reg__415: top_dual_ov5640_lcd__GCB1, 
reg__57: top_dual_ov5640_lcd__GCB0, 
case__374: osd_overlay__GB5, 
logic__630: top_dual_ov5640_lcd__GCB1, 
reg__291: osd_overlay__GB5, 
reg__255: lcd_rgb_top__GC0, 
case__555: top_dual_ov5640_lcd__GCB1, 
logic__243: top_dual_ov5640_lcd__GCB0, 
reg__455: top_dual_ov5640_lcd__GCB1, 
datapath__437: osd_overlay__GB5, 
datapath__107: top_dual_ov5640_lcd__GCB1, 
muxpart__150: dash_osd__GB1, 
logic__868: osd_overlay__GB5, 
datapath__512: dash_osd__GB1, 
case__75: top_dual_ov5640_lcd__GCB0, 
datapath__360: osd_overlay__GB5, 
case__542: top_dual_ov5640_lcd__GCB1, 
logic__429: top_dual_ov5640_lcd__GCB0, 
case__61: top_dual_ov5640_lcd__GCB2, 
case__315: osd_overlay__GB6, 
datapath__193: osd_overlay__GB5, 
logic__1637: dash_osd__GB1, 
case__147: top_dual_ov5640_lcd__GCB2, 
datapath__710: dash_osd__GB1, 
case__389: osd_overlay__GB5, 
logic__482: top_dual_ov5640_lcd__GCB0, 
logic__1610: dash_osd__GB1, 
logic__964: osd_overlay__GB5, 
case__443: osd_overlay__GB5, 
case__409: osd_overlay__GB1, 
case__153: top_dual_ov5640_lcd__GCB1, 
reg__357: dash_osd__GB0, 
reg__16: top_dual_ov5640_lcd__GCB2, 
muxpart__20: top_dual_ov5640_lcd__GCB2, 
datapath__363: osd_overlay__GB5, 
logic__325: top_dual_ov5640_lcd__GCB1, 
logic__1255: dash_osd__GB0, 
datapath__42: top_dual_ov5640_lcd__GCB0, 
logic__1861: top_dual_ov5640_lcd__GCB1, 
muxpart__214: dash_osd__GB0, 
reg__170: top_dual_ov5640_lcd__GCB1, 
case__663: top_dual_ov5640_lcd__GCB1, 
datapath__145: lcd_rgb_top__GC0, 
reg__292: osd_overlay__GB5, 
logic__689: lcd_rgb_top__GC0, 
datapath__578: dash_osd__GB0, 
logic__1881: top_dual_ov5640_lcd__GCB1, 
datapath__225: osd_overlay__GB5, 
datapath__207: osd_overlay__GB5, 
case__632: top_dual_ov5640_lcd__GCB1, 
datapath__64: top_dual_ov5640_lcd__GCB0, 
logic__510: top_dual_ov5640_lcd__GCB0, 
muxpart__24: top_dual_ov5640_lcd__GCB2, 
logic__1173: dash_osd__GB0, 
datapath__649: dash_osd__GB1, 
reg__188: top_dual_ov5640_lcd__GCB1, 
reg__354: dash_osd__GB0, 
logic__1863: top_dual_ov5640_lcd__GCB1, 
case__509: dash_osd__GB1, 
logic__657: lcd_rgb_top__GC0, 
reg__309: osd_overlay__GB5, 
muxpart__171: dash_osd__GB0, 
case__400: osd_overlay__GB5, 
datapath__8: top_dual_ov5640_lcd__GCB0, 
case__185: top_dual_ov5640_lcd__GCB1, 
datapath__545: dash_osd__GB1, 
datapath__577: dash_osd__GB1, 
datapath__235: osd_overlay__GB5, 
logic__1542: dash_osd__GB0, 
logic__103: top_dual_ov5640_lcd__GCB2, 
case__451: osd_overlay__GB5, 
datapath__105: top_dual_ov5640_lcd__GCB1, 
datapath__154: lcd_rgb_top__GC0, 
datapath__720: dash_osd__GB1, 
datapath__538: dash_osd__GB1, 
muxpart__80: top_dual_ov5640_lcd__GCB1, 
reg__190: top_dual_ov5640_lcd__GCB1, 
muxpart__105: osd_overlay__GB6, 
logic__1628: dash_osd__GB0, 
logic__1092: dash_osd__GB0, 
counter__11: top_dual_ov5640_lcd__GCB0, 
logic__1987: top_dual_ov5640_lcd__GCB1, 
muxpart__3: top_dual_ov5640_lcd__GCB2, 
datapath__88: top_dual_ov5640_lcd__GCB0, 
logic__1627: dash_osd__GB1, 
case__228: top_dual_ov5640_lcd__GCB1, 
case__354: osd_overlay__GB6, 
logic__483: top_dual_ov5640_lcd__GCB0, 
reg__332: dash_osd__GB0, 
datapath__283: osd_overlay__GB0, 
case__681: top_dual_ov5640_lcd__GCB1, 
datapath__169: osd_overlay__GB5, 
datapath__723: dash_osd__GB1, 
datapath__346: osd_overlay__GB5, 
datapath__675: dash_osd__GB0, 
case__122: top_dual_ov5640_lcd__GCB0, 
logic__219: top_dual_ov5640_lcd__GCB2, 
case__180: top_dual_ov5640_lcd__GCB1, 
case__1: top_dual_ov5640_lcd__GCB2, 
datapath__134: lcd_rgb_top__GC0, 
muxpart__183: dash_osd__GB0, 
reg__34: top_dual_ov5640_lcd__GCB0, 
logic__240: top_dual_ov5640_lcd__GCB0, 
datapath__658: dash_osd__GB0, 
datapath__731: dash_osd__GB1, 
reg__199: lcd_rgb_top__GC0, 
case__364: osd_overlay__GB6, 
datapath__276: osd_overlay__GB0, 
logic__941: osd_overlay__GB0, 
reg__205: lcd_rgb_top__GC0, 
logic__222: top_dual_ov5640_lcd__GCB0, 
logic__1249: dash_osd__GB0, 
logic__203: top_dual_ov5640_lcd__GCB2, 
muxpart__158: dash_osd__GB0, 
counter__20: osd_overlay__GB5, 
case__77: top_dual_ov5640_lcd__GCB0, 
datapath__22: top_dual_ov5640_lcd__GCB2, 
logic__1448: dash_osd__GB0, 
reg__358: dash_osd__GB0, 
datapath__587: dash_osd__GB1, 
muxpart__123: osd_overlay__GB6, 
case__73: top_dual_ov5640_lcd__GCB0, 
case__181: top_dual_ov5640_lcd__GCB1, 
muxpart__169: dash_osd__GB0, 
case__420: osd_overlay__GB5, 
case__698: top_dual_ov5640_lcd__GCB1, 
logic__843: osd_overlay__GB5, 
datapath__616: dash_osd__GB0, 
case__552: top_dual_ov5640_lcd__GCB1, 
logic__1280: dash_osd__GB0, 
logic__181: top_dual_ov5640_lcd__GCB2, 
logic__1631: dash_osd__GB0, 
case__215: top_dual_ov5640_lcd__GCB0, 
datapath__544: dash_osd__GB1, 
logic__442: top_dual_ov5640_lcd__GCB0, 
reg__35: top_dual_ov5640_lcd__GCB0, 
logic__1762: top_dual_ov5640_lcd__GCB1, 
logic__1264: dash_osd__GB1, 
datapath__130: lcd_rgb_top__GC0, 
logic__823: osd_overlay__GB5, 
case__577: top_dual_ov5640_lcd__GCB1, 
muxpart__93: lcd_rgb_top__GC0, 
datapath__491: dash_osd__GB1, 
