GENOME NON_GENOME PIN 46: GENOME NON_GENOME PIN 40 GENOME NON_GENOME PIN 41
GENOME NON_GENOME PIN 40: GENOME NON_GENOME PIN 46
GENOME NON_GENOME PIN 41: GENOME NON_GENOME PIN 46
GENOME NON_GENOME PIN 50: GENOME NON_GENOME PIN 48 GENOME NON_GENOME PIN 49
GENOME NON_GENOME PIN 48: GENOME NON_GENOME PIN 50
GENOME NON_GENOME PIN 49: GENOME NON_GENOME PIN 50
INST osd_overlay__GB5 PIN 26: INST osd_overlay__GB2 PIN 48 INST osd_overlay__GB0 PIN 71
INST osd_overlay__GB2 PIN 48: GENOME osd_overlay__GB2 PIN 48
INST osd_overlay__GB5 PIN 62: INST osd_overlay__GB1 PIN 40 INST osd_overlay__GB0 PIN 89
INST osd_overlay__GB1 PIN 40: GENOME osd_overlay__GB1 PIN 40
INST osd_overlay__GB2 PIN 4: INST osd_overlay__GB0 PIN 141
INST osd_overlay__GB2 PIN 5: INST osd_overlay__GB0 PIN 142
INST osd_overlay__GB2 PIN 6: INST osd_overlay__GB0 PIN 143
INST osd_overlay__GB2 PIN 7: INST osd_overlay__GB0 PIN 144
INST osd_overlay__GB2 PIN 8: INST osd_overlay__GB0 PIN 145
INST osd_overlay__GB1 PIN 4: INST osd_overlay__GB0 PIN 173
INST osd_overlay__GB1 PIN 5: INST osd_overlay__GB0 PIN 174
INST osd_overlay__GB1 PIN 6: INST osd_overlay__GB0 PIN 175
INST osd_overlay__GB1 PIN 7: INST osd_overlay__GB0 PIN 176
INST osd_overlay__GB1 PIN 8: INST osd_overlay__GB0 PIN 177
