logic__77: logic__77
dash_osd__GB2: dash_osd__GB2
i2c_ov5640_rgb565_cfg__1: i2c_ov5640_rgb565_cfg__1
partition__51: partition
partition__35: partition__10
datapath__1343: datapath__29
partition__38: partition__22
rd_fifo: rd_fifo
partition__48: partition__12
partition__19: partition__10
datapath__1352: datapath__6
picture_size: picture_size
ddr3_top: ddr3_top
rom__7: rom__1
partition__44: partition__16
rom__3: rom__3
datapath__1353: datapath__4
datapath__1346: datapath__21
datapath__1223: case__783
dash_osd__GB0: partition__11_GROUP_GROUP__4_GROUP
partition__47: partition__13
sensor_link: sensor_link
partition__29: partition__13
partition__17: partition__7
stereo_dist: stereo_dist
rom__5: rom__5
datapath__1354: datapath__2
partition__33: partition__9
partition__50: partition
logic__540: logic__540
rom__4: rom__4
rom__8: rom
partition__40: partition__20
datapath__1344: datapath__27
rom__2: rom__2
rom__6: rom__6
rom: rom
partition__25: partition__17
datapath__1345: datapath__23
partition__36: partition
cmos_capture_data: cmos_capture_data
partition__34: partition
rd_fifo__2: rd_fifo__2
partition__26: partition__16
logic__20: logic__20
dash_osd__GB1: dash_osd__GB1
i2c_ov5640_rgb565_cfg: i2c_ov5640_rgb565_cfg
datapath__1351: datapath__10
osd_overlay__GB0: partition_GROUP_GROUP__2_GROUP
partition__32: partition__10
datapath__1231: case__760
osd_font: osd_font
dash_osd__GB4: logic__2090
sensor_calc: sensor_calc
osd_overlay__GB5: logic__2090
partition__22: partition__20
datapath__1342: datapath__31
partition__15: partition
partition__16: partition__8
lcd_disply: lcd_disply
dash_osd__GB3: datapath__1231_GROUP_GROUP
logic__523: logic__523
mig_7series_0: mig_7series_0
partition__23: partition__19
logic__1: logic__1
osd_overlay__GB4: osd_overlay__GB4
partition__24: partition__18
rom__9: rom
partition__42: partition__18
partition__41: partition__19
datapath__1349: datapath__14
partition__13: partition
partition__14: partition
attitude_cf: attitude_cf
partition__49: partition__11
wr_fifo__2: wr_fifo__2
datapath__1347: datapath__19
dash_osd__GB5: logic__2085
datapath__7: datapath__7
partition__52: partition__3
osd_overlay__GB1: osd_overlay__GB1
logic__86: logic__86
clk_wiz_0: clk_wiz_0
partition__46: partition__14
partition__18: partition
partition__54: partition
partition__12: partition
datapath__1230: logic__2143
datapath__1348: datapath__16
dash_osd__GB6: case__749
partition__3: partition__3
osd_overlay__GB3: osd_overlay__GB3
partition__30: partition__12
datapath__29: datapath__29
partition__31: partition__11
wr_fifo: wr_fifo
partition__53: partition
partition__2: partition__2
top_dual_ov5640_lcd__GCB0: reg__527
partition__37: partition__23
datapath__1222: logic__2122
partition__39: partition__21
i2c_dri: i2c_dri
partition__45: partition__15
osd_overlay__GB2: osd_overlay__GB2
case__1: case__1
partition__43: partition__17
sincos_lut: sincos_lut
partition__21: partition
datapath__15: datapath__15
partition__28: partition__14
partition__20: partition__9
lcd_rgb_top__GC0: logic__2075
top_dual_ov5640_lcd__GCB2: counter__23
datapath__1350: datapath__12
datapath__1355: datapath
cmos_capture_data__1: cmos_capture_data__1
top_dual_ov5640_lcd__GCB1: datapath__1231_GROUP_GROUP
partition__27: partition__15
i2c_dri__1: i2c_dri__1
