datapath__29: lcd_rgb_top__GC0, osd_overlay__GB0, 
datapath__21: osd_overlay__GB0, 
dash_osd__GB4: dash_osd__GB4, 
logic__2129: top_dual_ov5640_lcd__GCB1, 
i2c_ov5640_rgb565_cfg: top_dual_ov5640_lcd__GCB2, 
partition__19: top_dual_ov5640_lcd__GCB2, top_dual_ov5640_lcd__GCB1, 
partition__14: top_dual_ov5640_lcd__GCB2, top_dual_ov5640_lcd__GCB1, 
osd_overlay__GB4: osd_overlay__GB4, 
datapath__16: osd_overlay__GB0, 
i2c_dri: top_dual_ov5640_lcd__GCB2, 
dash_osd__GB3: dash_osd__GB3, 
datapath__7: top_dual_ov5640_lcd__GCB1, 
cmos_capture_data__1: top_dual_ov5640_lcd__GCB2, 
rom__4: top_dual_ov5640_lcd__GCB2, 
datapath__23: osd_overlay__GB0, 
datapath__1230: osd_overlay__GB4, 
datapath: osd_overlay__GB0, 
osd_overlay__GB1: osd_overlay__GB1, 
partition__3: lcd_rgb_top__GC0, dash_osd__GB6, 
dash_osd__GB2: dash_osd__GB2, 
partition__18: top_dual_ov5640_lcd__GCB2, top_dual_ov5640_lcd__GCB1, 
logic__523: top_dual_ov5640_lcd__GCB1, 
rom__5: top_dual_ov5640_lcd__GCB2, 
rom: top_dual_ov5640_lcd__GCB2, top_dual_ov5640_lcd__GCB1, top_dual_ov5640_lcd__GCB0, 
osd_overlay__GB3: osd_overlay__GB3, 
partition__12: top_dual_ov5640_lcd__GCB2, top_dual_ov5640_lcd__GCB1, 
datapath__31: osd_overlay__GB0, 
cmos_capture_data: top_dual_ov5640_lcd__GCB2, 
datapath__6: osd_overlay__GB0, 
datapath__2: osd_overlay__GB0, 
datapath__27: osd_overlay__GB0, 
lcd_disply: lcd_rgb_top__GC0, 
partition__16: top_dual_ov5640_lcd__GCB2, top_dual_ov5640_lcd__GCB1, 
sensor_calc: top_dual_ov5640_lcd__GCB0, 
logic__2120: top_dual_ov5640_lcd__GCB2, 
rom__2: top_dual_ov5640_lcd__GCB2, 
i2c_ov5640_rgb565_cfg__1: top_dual_ov5640_lcd__GCB2, 
partition__2: dash_osd__GB5, 
datapath__4: osd_overlay__GB0, 
osd_overlay__GB6: osd_overlay__GB6, 
partition__9: top_dual_ov5640_lcd__GCB1, top_dual_ov5640_lcd__GCB0, osd_overlay__GB4, 
picture_size: top_dual_ov5640_lcd__GCB2, 
wr_fifo__2: top_dual_ov5640_lcd__GCB1, 
logic__2131: osd_overlay__GB2, 
partition__11: top_dual_ov5640_lcd__GCB2, top_dual_ov5640_lcd__GCB1, 
rd_fifo__2: top_dual_ov5640_lcd__GCB1, 
partition__22: top_dual_ov5640_lcd__GCB2, 
logic__20: lcd_rgb_top__GC0, 
logic__86: top_dual_ov5640_lcd__GCB1, 
logic__2112: dash_osd__GB6, 
datapath__14: osd_overlay__GB0, 
mig_7series_0: top_dual_ov5640_lcd__GCB1, 
partition_GROUP_GROUP__2_GROUP: osd_overlay__GB5, 
lcd_rgb_top__GC0: lcd_rgb_top__GC0, 
top_dual_ov5640_lcd__GCB0: top_dual_ov5640_lcd__GCB0, 
datapath__12: osd_overlay__GB0, 
partition__10: top_dual_ov5640_lcd__GCB2, top_dual_ov5640_lcd__GCB1, top_dual_ov5640_lcd__GCB0, dash_osd__GB1, 
logic__77: top_dual_ov5640_lcd__GCB1, 
partition__13: top_dual_ov5640_lcd__GCB2, top_dual_ov5640_lcd__GCB1, 
datapath__19: osd_overlay__GB0, 
rd_fifo: top_dual_ov5640_lcd__GCB1, 
datapath__1222: osd_overlay__GB3, 
osd_overlay__GB0: osd_overlay__GB0, 
stereo_dist: top_dual_ov5640_lcd__GCB2, 
rom__6: top_dual_ov5640_lcd__GCB2, 
datapath__10: osd_overlay__GB0, 
datapath__15: top_dual_ov5640_lcd__GCB1, 
attitude_cf: top_dual_ov5640_lcd__GCB1, 
partition__8: top_dual_ov5640_lcd__GCB0, osd_overlay__GB3, 
ddr3_top: top_dual_ov5640_lcd__GCB1, 
logic__1: top_dual_ov5640_lcd__GCB2, 
datapath__1231: osd_overlay__GB4, 
partition__23: top_dual_ov5640_lcd__GCB2, 
partition__15: top_dual_ov5640_lcd__GCB2, top_dual_ov5640_lcd__GCB1, 
logic__540: top_dual_ov5640_lcd__GCB1, 
osd_font: dash_osd__GB6, 
partition__21: top_dual_ov5640_lcd__GCB2, 
case__1: lcd_rgb_top__GC0, 
datapath__1230_GROUP_GROUP__4_GROUP: dash_osd__GB0, 
i2c_dri__1: top_dual_ov5640_lcd__GCB2, 
rom__1: top_dual_ov5640_lcd__GCB0, 
osd_overlay__GB2: osd_overlay__GB2, 
logic__2160: dash_osd__GB2, 
partition__17: top_dual_ov5640_lcd__GCB2, top_dual_ov5640_lcd__GCB1, 
clk_wiz_0: top_dual_ov5640_lcd__GCB0, 
wr_fifo: top_dual_ov5640_lcd__GCB1, 
sensor_link: top_dual_ov5640_lcd__GCB1, 
sincos_lut: top_dual_ov5640_lcd__GCB0, 
partition__20: top_dual_ov5640_lcd__GCB2, top_dual_ov5640_lcd__GCB1, 
partition__7: top_dual_ov5640_lcd__GCB0, 
rom__3: top_dual_ov5640_lcd__GCB2, 
partition: osd_overlay__GB0, osd_overlay__GB5, dash_osd__GB4, osd_overlay__GB6, dash_osd__GB3, dash_osd__GB5, dash_osd__GB6, osd_overlay__GB3, dash_osd__GB0, top_dual_ov5640_lcd__GCB2, top_dual_ov5640_lcd__GCB0, lcd_rgb_top__GC0, top_dual_ov5640_lcd__GCB1, osd_overlay__GB1, 
dash_osd__GB5: dash_osd__GB5, 
dash_osd__GB1: dash_osd__GB1, 
