xilinx rtfpga
INFO: [Synth 8-5546] ROM "i2c_rh_wl" won't be mapped to RAM because it is too sparse
INFO: [Synth 8-5587] ROM size for "scl" is below threshold of ROM address width. It will be mapped to LUTs
INFO: [Synth 8-5546] ROM "scl" won't be mapped to RAM because it is too sparse
INFO: [Synth 8-5587] ROM size for "sda_out" is below threshold of ROM address width. It will be mapped to LUTs
INFO: [Synth 8-5546] ROM "sda_out" won't be mapped to RAM because it is too sparse
INFO: [Synth 8-5546] ROM "sda_dir" won't be mapped to RAM because it is too sparse
INFO: [Synth 8-5546] ROM "st_done" won't be mapped to RAM because it is too sparse
INFO: [Synth 8-5546] ROM "st_done" won't be mapped to RAM because it is too sparse
INFO: [Synth 8-5546] ROM "st_done" won't be mapped to RAM because it is too sparse
INFO: [Synth 8-5546] ROM "st_done" won't be mapped to RAM because it is too sparse
INFO: [Synth 8-5546] ROM "i2c_data_r" won't be mapped to RAM because it is too sparse
INFO: [Synth 8-5546] ROM "dri_clk" won't be mapped to RAM because it is too sparse
INFO: [Synth 8-5546] ROM "data_r" won't be mapped to RAM because it is too sparse
INFO: [Synth 8-5546] ROM "i2c_rh_wl" won't be mapped to RAM because it is too sparse
INFO: [Synth 8-5587] ROM size for "scl" is below threshold of ROM address width. It will be mapped to LUTs
INFO: [Synth 8-5546] ROM "scl" won't be mapped to RAM because it is too sparse
INFO: [Synth 8-5587] ROM size for "sda_out" is below threshold of ROM address width. It will be mapped to LUTs
INFO: [Synth 8-5546] ROM "sda_out" won't be mapped to RAM because it is too sparse
INFO: [Synth 8-5546] ROM "sda_dir" won't be mapped to RAM because it is too sparse
INFO: [Synth 8-5546] ROM "st_done" won't be mapped to RAM because it is too sparse
INFO: [Synth 8-5546] ROM "st_done" won't be mapped to RAM because it is too sparse
INFO: [Synth 8-5546] ROM "st_done" won't be mapped to RAM because it is too sparse
INFO: [Synth 8-5546] ROM "st_done" won't be mapped to RAM because it is too sparse
INFO: [Synth 8-5546] ROM "i2c_data_r" won't be mapped to RAM because it is too sparse
INFO: [Synth 8-5546] ROM "dri_clk" won't be mapped to RAM because it is too sparse
INFO: [Synth 8-5546] ROM "data_r" won't be mapped to RAM because it is too sparse
INFO: [Synth 8-5546] ROM "cmos_h_pixel" won't be mapped to RAM because it is too sparse
INFO: [Synth 8-5546] ROM "cmos_v_pixel" won't be mapped to RAM because it is too sparse
INFO: [Synth 8-5546] ROM "total_h_pixel" won't be mapped to RAM because it is too sparse
INFO: [Synth 8-5546] ROM "total_v_pixel" won't be mapped to RAM because it is too sparse
INFO: [Synth 8-5546] ROM "y_addr_st" won't be mapped to RAM because it is too sparse
INFO: [Synth 8-5546] ROM "y_addr_end" won't be mapped to RAM because it is too sparse
INFO: [Synth 8-5546] ROM "ddr3_max_addr" won't be mapped to RAM because it is too sparse
WARNING: [Synth 8-3917] design top_dual_ov5640_lcd__GCB2 has port cam_rst_n_2 driven by constant 1
WARNING: [Synth 8-3917] design top_dual_ov5640_lcd__GCB2 has port cam_pwdn_2 driven by constant 0
WARNING: [Synth 8-3917] design top_dual_ov5640_lcd__GCB2 has port cam_rst_n_1 driven by constant 1
WARNING: [Synth 8-3917] design top_dual_ov5640_lcd__GCB2 has port cam_pwdn_1 driven by constant 0
WARNING: [Synth 8-3331] design i2c_ov5640_rgb565_cfg has unconnected port i2c_data_r[7]
WARNING: [Synth 8-3331] design i2c_ov5640_rgb565_cfg has unconnected port i2c_data_r[6]
WARNING: [Synth 8-3331] design i2c_ov5640_rgb565_cfg has unconnected port i2c_data_r[5]
WARNING: [Synth 8-3331] design i2c_ov5640_rgb565_cfg has unconnected port i2c_data_r[4]
WARNING: [Synth 8-3331] design i2c_ov5640_rgb565_cfg has unconnected port i2c_data_r[3]
WARNING: [Synth 8-3331] design i2c_ov5640_rgb565_cfg has unconnected port i2c_data_r[2]
WARNING: [Synth 8-3331] design i2c_ov5640_rgb565_cfg has unconnected port i2c_data_r[1]
WARNING: [Synth 8-3331] design i2c_ov5640_rgb565_cfg has unconnected port i2c_data_r[0]
WARNING: [Synth 8-3331] design i2c_ov5640_rgb565_cfg has unconnected port cmos_h_pixel[12]
WARNING: [Synth 8-3331] design i2c_ov5640_rgb565_cfg has unconnected port cmos_v_pixel[12]
WARNING: [Synth 8-3331] design i2c_ov5640_rgb565_cfg has unconnected port cmos_v_pixel[11]
WARNING: [Synth 8-3331] design i2c_ov5640_rgb565_cfg__1 has unconnected port i2c_data_r[7]
WARNING: [Synth 8-3331] design i2c_ov5640_rgb565_cfg__1 has unconnected port i2c_data_r[6]
WARNING: [Synth 8-3331] design i2c_ov5640_rgb565_cfg__1 has unconnected port i2c_data_r[5]
WARNING: [Synth 8-3331] design i2c_ov5640_rgb565_cfg__1 has unconnected port i2c_data_r[4]
WARNING: [Synth 8-3331] design i2c_ov5640_rgb565_cfg__1 has unconnected port i2c_data_r[3]
WARNING: [Synth 8-3331] design i2c_ov5640_rgb565_cfg__1 has unconnected port i2c_data_r[2]
WARNING: [Synth 8-3331] design i2c_ov5640_rgb565_cfg__1 has unconnected port i2c_data_r[1]
WARNING: [Synth 8-3331] design i2c_ov5640_rgb565_cfg__1 has unconnected port i2c_data_r[0]
WARNING: [Synth 8-3331] design i2c_ov5640_rgb565_cfg__1 has unconnected port cmos_h_pixel[12]
WARNING: [Synth 8-3331] design i2c_ov5640_rgb565_cfg__1 has unconnected port cmos_v_pixel[12]
WARNING: [Synth 8-3331] design i2c_ov5640_rgb565_cfg__1 has unconnected port cmos_v_pixel[11]
INFO: [Synth 8-3333] propagating constant 0 across sequential element (u_stereo_dist/\dvd_reg[0] )
INFO: [Synth 8-3886] merging instance 'u_picture_size/cmos_v_pixel_reg[12]' (FDC) to 'u_picture_size/cmos_v_pixel_reg[0]'
INFO: [Synth 8-3886] merging instance 'u_picture_size/cmos_v_pixel_reg[11]' (FDC) to 'u_picture_size/cmos_v_pixel_reg[0]'
INFO: [Synth 8-3886] merging instance 'u_picture_size/cmos_v_pixel_reg[0]' (FDC) to 'u_picture_size/cmos_v_pixel_reg[10]'
INFO: [Synth 8-3886] merging instance 'u_picture_size/ddr3_max_addr_reg[0]' (FDC) to 'u_picture_size/cmos_v_pixel_reg[10]'
INFO: [Synth 8-3886] merging instance 'u_picture_size/ddr3_max_addr_reg[1]' (FDC) to 'u_picture_size/cmos_v_pixel_reg[10]'
INFO: [Synth 8-3886] merging instance 'u_picture_size/cmos_v_pixel_reg[1]' (FDC) to 'u_picture_size/cmos_v_pixel_reg[10]'
INFO: [Synth 8-3886] merging instance 'u_picture_size/cmos_v_pixel_reg[2]' (FDC) to 'u_picture_size/cmos_v_pixel_reg[10]'
INFO: [Synth 8-3886] merging instance 'u_picture_size/cmos_v_pixel_reg[10]' (FDC) to 'u_picture_size/cmos_h_pixel_reg[0]'
INFO: [Synth 8-3886] merging instance 'u_ov5640_dri_1/u_i2c_cfg/i2c_data_reg[23]' (FDC) to 'u_ov5640_dri_1/u_i2c_cfg/i2c_data_reg[14]'
INFO: [Synth 8-3333] propagating constant 0 across sequential element (\u_ov5640_dri_1/u_i2c_cfg /\i2c_data_reg[14] )
INFO: [Synth 8-3886] merging instance 'u_ov5640_dri_2/u_i2c_cfg/i2c_data_reg[23]' (FDC) to 'u_ov5640_dri_2/u_i2c_cfg/i2c_data_reg[14]'
INFO: [Synth 8-3333] propagating constant 0 across sequential element (\u_ov5640_dri_2/u_i2c_cfg /\i2c_data_reg[14] )
INFO: [Synth 8-3886] merging instance 'u_stereo_dist/dvs_reg[30]' (FDCE) to 'u_stereo_dist/dvs_reg[31]'
INFO: [Synth 8-3886] merging instance 'u_stereo_dist/dvs_reg[31]' (FDCE) to 'u_stereo_dist/dvs_reg[29]'
INFO: [Synth 8-3886] merging instance 'u_stereo_dist/dvs_reg[29]' (FDCE) to 'u_stereo_dist/dvs_reg[28]'
INFO: [Synth 8-3886] merging instance 'u_stereo_dist/dvs_reg[28]' (FDCE) to 'u_stereo_dist/dvs_reg[27]'
INFO: [Synth 8-3886] merging instance 'u_stereo_dist/dvs_reg[27]' (FDCE) to 'u_stereo_dist/dvs_reg[26]'
INFO: [Synth 8-3886] merging instance 'u_stereo_dist/dvs_reg[26]' (FDCE) to 'u_stereo_dist/dvs_reg[25]'
INFO: [Synth 8-3886] merging instance 'u_stereo_dist/dvs_reg[25]' (FDCE) to 'u_stereo_dist/dvs_reg[24]'
INFO: [Synth 8-3886] merging instance 'u_stereo_dist/dvs_reg[24]' (FDCE) to 'u_stereo_dist/dvs_reg[23]'
INFO: [Synth 8-3886] merging instance 'u_stereo_dist/dvs_reg[23]' (FDCE) to 'u_stereo_dist/dvs_reg[22]'
INFO: [Synth 8-3886] merging instance 'u_stereo_dist/dvs_reg[22]' (FDCE) to 'u_stereo_dist/dvs_reg[21]'
INFO: [Synth 8-3886] merging instance 'u_stereo_dist/dvs_reg[21]' (FDCE) to 'u_stereo_dist/dvs_reg[20]'
INFO: [Synth 8-3886] merging instance 'u_stereo_dist/dvs_reg[20]' (FDCE) to 'u_stereo_dist/dvs_reg[19]'
INFO: [Synth 8-3886] merging instance 'u_stereo_dist/dvs_reg[19]' (FDCE) to 'u_stereo_dist/dvs_reg[18]'
INFO: [Synth 8-3886] merging instance 'u_stereo_dist/dvs_reg[18]' (FDCE) to 'u_stereo_dist/dvs_reg[17]'
INFO: [Synth 8-3886] merging instance 'u_stereo_dist/dvs_reg[17]' (FDCE) to 'u_stereo_dist/dvs_reg[16]'
INFO: [Synth 8-3886] merging instance 'u_stereo_dist/dvs_reg[16]' (FDCE) to 'u_stereo_dist/dvs_reg[15]'
INFO: [Synth 8-3886] merging instance 'u_stereo_dist/dvs_reg[15]' (FDCE) to 'u_stereo_dist/dvs_reg[14]'
INFO: [Synth 8-3886] merging instance 'u_stereo_dist/dvs_reg[14]' (FDCE) to 'u_stereo_dist/dvs_reg[13]'
INFO: [Synth 8-3886] merging instance 'u_stereo_dist/dvs_reg[13]' (FDCE) to 'u_stereo_dist/dvs_reg[12]'
INFO: [Synth 8-3886] merging instance 'u_stereo_dist/dvs_reg[12]' (FDCE) to 'u_stereo_dist/dvs_reg[11]'
INFO: [Synth 8-3886] merging instance 'u_stereo_dist/dvs_reg[11]' (FDCE) to 'u_stereo_dist/dvs_reg[10]'
INFO: [Synth 8-3333] propagating constant 0 across sequential element (u_stereo_dist/\dvs_reg[10] )
INFO: [Synth 8-3886] merging instance 'u_picture_size/ddr3_max_addr_reg[2]' (FDC) to 'u_picture_size/cmos_h_pixel_reg[0]'
INFO: [Synth 8-3886] merging instance 'u_picture_size/ddr3_max_addr_reg[3]' (FDC) to 'u_picture_size/cmos_h_pixel_reg[0]'
INFO: [Synth 8-3886] merging instance 'u_picture_size/ddr3_max_addr_reg[4]' (FDC) to 'u_picture_size/cmos_h_pixel_reg[0]'
INFO: [Synth 8-3886] merging instance 'u_picture_size/ddr3_max_addr_reg[5]' (FDC) to 'u_picture_size/cmos_h_pixel_reg[0]'
INFO: [Synth 8-3886] merging instance 'u_picture_size/ddr3_max_addr_reg[6]' (FDC) to 'u_picture_size/cmos_h_pixel_reg[0]'
INFO: [Synth 8-3886] merging instance 'u_picture_size/ddr3_max_addr_reg[7]' (FDC) to 'u_picture_size/cmos_h_pixel_reg[0]'
INFO: [Synth 8-3886] merging instance 'u_picture_size/ddr3_max_addr_reg[8]' (FDC) to 'u_picture_size/cmos_h_pixel_reg[0]'
INFO: [Synth 8-3886] merging instance 'u_picture_size/ddr3_max_addr_reg[10]' (FDC) to 'u_picture_size/ddr3_max_addr_reg[11]'
INFO: [Synth 8-3886] merging instance 'u_picture_size/ddr3_max_addr_reg[11]' (FDC) to 'u_picture_size/ddr3_max_addr_reg[12]'
INFO: [Synth 8-3886] merging instance 'u_picture_size/ddr3_max_addr_reg[20]' (FDC) to 'u_picture_size/cmos_h_pixel_reg[0]'
INFO: [Synth 8-3886] merging instance 'u_picture_size/ddr3_max_addr_reg[21]' (FDC) to 'u_picture_size/cmos_h_pixel_reg[0]'
INFO: [Synth 8-3886] merging instance 'u_picture_size/ddr3_max_addr_reg[22]' (FDC) to 'u_picture_size/cmos_h_pixel_reg[0]'
INFO: [Synth 8-3886] merging instance 'u_picture_size/ddr3_max_addr_reg[23]' (FDC) to 'u_picture_size/cmos_h_pixel_reg[0]'
INFO: [Synth 8-3886] merging instance 'u_picture_size/ddr3_max_addr_reg[24]' (FDC) to 'u_picture_size/cmos_h_pixel_reg[0]'
INFO: [Synth 8-3886] merging instance 'u_picture_size/ddr3_max_addr_reg[25]' (FDC) to 'u_picture_size/cmos_h_pixel_reg[0]'
INFO: [Synth 8-3886] merging instance 'u_picture_size/ddr3_max_addr_reg[26]' (FDC) to 'u_picture_size/cmos_h_pixel_reg[0]'
INFO: [Synth 8-3886] merging instance 'u_picture_size/ddr3_max_addr_reg[27]' (FDC) to 'u_picture_size/cmos_h_pixel_reg[0]'
INFO: [Synth 8-3886] merging instance 'u_picture_size/cmos_h_pixel_reg[0]' (FDC) to 'u_picture_size/cmos_h_pixel_reg[1]'
INFO: [Synth 8-3886] merging instance 'u_picture_size/cmos_h_pixel_reg[1]' (FDC) to 'u_picture_size/cmos_h_pixel_reg[2]'
INFO: [Synth 8-3886] merging instance 'u_picture_size/cmos_h_pixel_reg[2]' (FDC) to 'u_picture_size/cmos_h_pixel_reg[3]'
INFO: [Synth 8-3886] merging instance 'u_picture_size/cmos_h_pixel_reg[3]' (FDC) to 'u_picture_size/cmos_h_pixel_reg[4]'
INFO: [Synth 8-3886] merging instance 'u_picture_size/cmos_h_pixel_reg[4]' (FDC) to 'u_picture_size/cmos_h_pixel_reg[11]'
INFO: [Synth 8-3886] merging instance 'u_picture_size/cmos_h_pixel_reg[6]' (FDC) to 'u_picture_size/cmos_h_pixel_reg[7]'
INFO: [Synth 8-3886] merging instance 'u_picture_size/cmos_h_pixel_reg[11]' (FDC) to 'u_picture_size/cmos_h_pixel_reg[12]'
INFO: [Synth 8-3333] propagating constant 0 across sequential element (u_picture_size/\cmos_h_pixel_reg[12] )
INFO: [Synth 8-3886] merging instance 'u_picture_size/cmos_v_pixel_reg[8]' (FDC) to 'u_picture_size/cmos_h_pixel_reg[8]'
INFO: [Synth 8-3886] merging instance 'u_picture_size/cmos_v_pixel_reg[9]' (FDC) to 'u_picture_size/cmos_h_pixel_reg[10]'
INFO: [Common 17-14] Message 'Synth 8-3886' appears 100 times and further instances of the messages will be disabled. Use the Tcl command set_msg_config to change the current settings.
INFO: [Synth 8-3333] propagating constant 0 across sequential element (u_stereo_dist/\dist_mm_reg[15] )
