xilinx rtfpga
INFO: [Synth 8-5546] ROM "u_lcd_driver/h_back" won't be mapped to RAM because it is too sparse
INFO: [Synth 8-5546] ROM "u_lcd_driver/h_sync" won't be mapped to RAM because it is too sparse
INFO: [Synth 8-5546] ROM "u_lcd_driver/h_total" won't be mapped to RAM because it is too sparse
INFO: [Synth 8-5546] ROM "u_lcd_driver/h_disp" won't be mapped to RAM because it is too sparse
INFO: [Synth 8-5546] ROM "u_lcd_driver/v_disp" won't be mapped to RAM because it is too sparse
INFO: [Synth 8-5546] ROM "u_lcd_driver/v_back" won't be mapped to RAM because it is too sparse
INFO: [Synth 8-5546] ROM "u_lcd_driver/v_sync" won't be mapped to RAM because it is too sparse
INFO: [Synth 8-5546] ROM "u_lcd_driver/v_total" won't be mapped to RAM because it is too sparse
WARNING: [Synth 8-3917] design lcd_rgb_top__GC0 has port v_disp[10] driven by constant 0
WARNING: [Synth 8-3917] design lcd_rgb_top__GC0 has port lcd_hs driven by constant 1
WARNING: [Synth 8-3917] design lcd_rgb_top__GC0 has port lcd_vs driven by constant 1
WARNING: [Synth 8-3917] design lcd_rgb_top__GC0 has port lcd_bl driven by constant 1
WARNING: [Synth 8-3917] design lcd_rgb_top__GC0 has port lcd_rst driven by constant 1
WARNING: [Synth 8-3331] design lcd_disply has unconnected port sys_rst_n
WARNING: [Synth 8-3331] design lcd_disply has unconnected port rd_h_pixel[1]
WARNING: [Synth 8-3331] design lcd_disply has unconnected port rd_h_pixel[0]
INFO: [Synth 8-3333] propagating constant 0 across sequential element (u_lcd_disply/\char2_reg[27][127] )
INFO: [Synth 8-3333] propagating constant 0 across sequential element (u_lcd_disply/\char2_reg[26][127] )
INFO: [Synth 8-3333] propagating constant 0 across sequential element (u_lcd_disply/\char2_reg[25][127] )
INFO: [Synth 8-3333] propagating constant 0 across sequential element (u_lcd_disply/\char2_reg[24][127] )
INFO: [Synth 8-3333] propagating constant 0 across sequential element (u_lcd_disply/\char2_reg[23][127] )
INFO: [Synth 8-3333] propagating constant 0 across sequential element (u_lcd_disply/\char2_reg[22][127] )
INFO: [Synth 8-3333] propagating constant 0 across sequential element (u_lcd_disply/\char2_reg[21][127] )
INFO: [Synth 8-3333] propagating constant 0 across sequential element (u_lcd_disply/\char2_reg[20][127] )
INFO: [Synth 8-3333] propagating constant 0 across sequential element (u_lcd_disply/\char2_reg[18][127] )
INFO: [Synth 8-3333] propagating constant 0 across sequential element (u_lcd_disply/\char2_reg[17][127] )
INFO: [Synth 8-3333] propagating constant 0 across sequential element (u_lcd_disply/\char2_reg[16][127] )
INFO: [Synth 8-3333] propagating constant 0 across sequential element (u_lcd_disply/\char2_reg[7][127] )
INFO: [Synth 8-3333] propagating constant 0 across sequential element (u_lcd_disply/\char2_reg[6][127] )
INFO: [Synth 8-3333] propagating constant 0 across sequential element (u_lcd_disply/\char2_reg[15][127] )
INFO: [Synth 8-3333] propagating constant 0 across sequential element (u_lcd_disply/\char2_reg[14][127] )
INFO: [Synth 8-3333] propagating constant 0 across sequential element (u_lcd_disply/\char2_reg[11][127] )
INFO: [Synth 8-3333] propagating constant 0 across sequential element (u_lcd_disply/\char2_reg[10][127] )
INFO: [Synth 8-3333] propagating constant 0 across sequential element (u_lcd_disply/\char2_reg[9][127] )
INFO: [Synth 8-3333] propagating constant 0 across sequential element (u_lcd_disply/\char2_reg[8][127] )
INFO: [Synth 8-3333] propagating constant 0 across sequential element (u_lcd_disply/\char2_reg[27][126] )
INFO: [Synth 8-3333] propagating constant 0 across sequential element (u_lcd_disply/\char2_reg[26][126] )
INFO: [Synth 8-3333] propagating constant 0 across sequential element (u_lcd_disply/\char2_reg[25][126] )
INFO: [Synth 8-3333] propagating constant 0 across sequential element (u_lcd_disply/\char2_reg[24][126] )
INFO: [Synth 8-3333] propagating constant 0 across sequential element (u_lcd_disply/\char2_reg[23][126] )
INFO: [Synth 8-3333] propagating constant 0 across sequential element (u_lcd_disply/\char2_reg[22][126] )
INFO: [Synth 8-3333] propagating constant 0 across sequential element (u_lcd_disply/\char2_reg[21][126] )
INFO: [Synth 8-3333] propagating constant 1 across sequential element (u_lcd_disply/\char2_reg[20][126] )
INFO: [Synth 8-3333] propagating constant 1 across sequential element (u_lcd_disply/\char2_reg[18][126] )
INFO: [Synth 8-3333] propagating constant 1 across sequential element (u_lcd_disply/\char2_reg[17][126] )
INFO: [Synth 8-3333] propagating constant 1 across sequential element (u_lcd_disply/\char2_reg[16][126] )
INFO: [Synth 8-3333] propagating constant 0 across sequential element (u_lcd_disply/\char2_reg[7][126] )
INFO: [Synth 8-3333] propagating constant 0 across sequential element (u_lcd_disply/\char2_reg[6][126] )
INFO: [Synth 8-3333] propagating constant 1 across sequential element (u_lcd_disply/\char2_reg[15][126] )
INFO: [Synth 8-3333] propagating constant 1 across sequential element (u_lcd_disply/\char2_reg[14][126] )
INFO: [Synth 8-3333] propagating constant 0 across sequential element (u_lcd_disply/\char2_reg[11][126] )
INFO: [Synth 8-3333] propagating constant 0 across sequential element (u_lcd_disply/\char2_reg[10][126] )
INFO: [Synth 8-3333] propagating constant 0 across sequential element (u_lcd_disply/\char2_reg[9][126] )
INFO: [Synth 8-3333] propagating constant 0 across sequential element (u_lcd_disply/\char2_reg[8][126] )
INFO: [Synth 8-3333] propagating constant 0 across sequential element (u_lcd_disply/\char2_reg[27][125] )
INFO: [Synth 8-3333] propagating constant 0 across sequential element (u_lcd_disply/\char2_reg[26][125] )
INFO: [Synth 8-3333] propagating constant 0 across sequential element (u_lcd_disply/\char2_reg[25][125] )
INFO: [Synth 8-3333] propagating constant 0 across sequential element (u_lcd_disply/\char2_reg[24][125] )
INFO: [Synth 8-3333] propagating constant 1 across sequential element (u_lcd_disply/\char2_reg[23][125] )
INFO: [Synth 8-3333] propagating constant 1 across sequential element (u_lcd_disply/\char2_reg[22][125] )
INFO: [Synth 8-3333] propagating constant 1 across sequential element (u_lcd_disply/\char2_reg[21][125] )
INFO: [Synth 8-3333] propagating constant 1 across sequential element (u_lcd_disply/\char2_reg[20][125] )
INFO: [Synth 8-3333] propagating constant 1 across sequential element (u_lcd_disply/\char2_reg[18][125] )
INFO: [Synth 8-3333] propagating constant 1 across sequential element (u_lcd_disply/\char2_reg[17][125] )
INFO: [Synth 8-3333] propagating constant 1 across sequential element (u_lcd_disply/\char2_reg[16][125] )
INFO: [Synth 8-3333] propagating constant 0 across sequential element (u_lcd_disply/\char2_reg[7][125] )
INFO: [Synth 8-3333] propagating constant 0 across sequential element (u_lcd_disply/\char2_reg[6][125] )
INFO: [Synth 8-3333] propagating constant 1 across sequential element (u_lcd_disply/\char2_reg[15][125] )
INFO: [Synth 8-3333] propagating constant 1 across sequential element (u_lcd_disply/\char2_reg[14][125] )
INFO: [Synth 8-3333] propagating constant 1 across sequential element (u_lcd_disply/\char2_reg[11][125] )
INFO: [Synth 8-3333] propagating constant 1 across sequential element (u_lcd_disply/\char2_reg[10][125] )
INFO: [Synth 8-3333] propagating constant 0 across sequential element (u_lcd_disply/\char2_reg[9][125] )
INFO: [Synth 8-3333] propagating constant 0 across sequential element (u_lcd_disply/\char2_reg[8][125] )
INFO: [Synth 8-3333] propagating constant 0 across sequential element (u_lcd_disply/\char2_reg[27][124] )
INFO: [Synth 8-3333] propagating constant 0 across sequential element (u_lcd_disply/\char2_reg[26][124] )
INFO: [Synth 8-3333] propagating constant 1 across sequential element (u_lcd_disply/\char2_reg[25][124] )
INFO: [Synth 8-3333] propagating constant 1 across sequential element (u_lcd_disply/\char2_reg[24][124] )
INFO: [Synth 8-3333] propagating constant 1 across sequential element (u_lcd_disply/\char2_reg[23][124] )
INFO: [Synth 8-3333] propagating constant 1 across sequential element (u_lcd_disply/\char2_reg[22][124] )
INFO: [Synth 8-3333] propagating constant 0 across sequential element (u_lcd_disply/\char2_reg[21][124] )
INFO: [Synth 8-3333] propagating constant 0 across sequential element (u_lcd_disply/\char2_reg[20][124] )
INFO: [Synth 8-3333] propagating constant 0 across sequential element (u_lcd_disply/\char2_reg[18][124] )
INFO: [Synth 8-3333] propagating constant 0 across sequential element (u_lcd_disply/\char2_reg[17][124] )
INFO: [Synth 8-3333] propagating constant 0 across sequential element (u_lcd_disply/\char2_reg[16][124] )
INFO: [Synth 8-3333] propagating constant 0 across sequential element (u_lcd_disply/\char2_reg[7][124] )
INFO: [Synth 8-3333] propagating constant 0 across sequential element (u_lcd_disply/\char2_reg[6][124] )
INFO: [Synth 8-3333] propagating constant 0 across sequential element (u_lcd_disply/\char2_reg[15][124] )
INFO: [Synth 8-3333] propagating constant 0 across sequential element (u_lcd_disply/\char2_reg[14][124] )
INFO: [Synth 8-3333] propagating constant 1 across sequential element (u_lcd_disply/\char2_reg[11][124] )
INFO: [Synth 8-3333] propagating constant 1 across sequential element (u_lcd_disply/\char2_reg[10][124] )
INFO: [Synth 8-3333] propagating constant 1 across sequential element (u_lcd_disply/\char2_reg[9][124] )
INFO: [Synth 8-3333] propagating constant 1 across sequential element (u_lcd_disply/\char2_reg[8][124] )
INFO: [Synth 8-3333] propagating constant 0 across sequential element (u_lcd_disply/\char2_reg[27][123] )
INFO: [Synth 8-3333] propagating constant 1 across sequential element (u_lcd_disply/\char2_reg[26][123] )
INFO: [Synth 8-3333] propagating constant 1 across sequential element (u_lcd_disply/\char2_reg[25][123] )
INFO: [Synth 8-3333] propagating constant 0 across sequential element (u_lcd_disply/\char2_reg[24][123] )
INFO: [Synth 8-3333] propagating constant 0 across sequential element (u_lcd_disply/\char2_reg[23][123] )
INFO: [Synth 8-3333] propagating constant 0 across sequential element (u_lcd_disply/\char2_reg[22][123] )
INFO: [Synth 8-3333] propagating constant 0 across sequential element (u_lcd_disply/\char2_reg[21][123] )
INFO: [Synth 8-3333] propagating constant 0 across sequential element (u_lcd_disply/\char2_reg[20][123] )
INFO: [Synth 8-3333] propagating constant 0 across sequential element (u_lcd_disply/\char2_reg[18][123] )
INFO: [Synth 8-3333] propagating constant 0 across sequential element (u_lcd_disply/\char2_reg[17][123] )
INFO: [Synth 8-3333] propagating constant 0 across sequential element (u_lcd_disply/\char2_reg[16][123] )
INFO: [Synth 8-3333] propagating constant 1 across sequential element (u_lcd_disply/\char2_reg[7][123] )
INFO: [Synth 8-3333] propagating constant 0 across sequential element (u_lcd_disply/\char2_reg[6][123] )
INFO: [Synth 8-3333] propagating constant 0 across sequential element (u_lcd_disply/\char2_reg[15][123] )
INFO: [Synth 8-3333] propagating constant 0 across sequential element (u_lcd_disply/\char2_reg[14][123] )
INFO: [Synth 8-3333] propagating constant 0 across sequential element (u_lcd_disply/\char2_reg[11][123] )
INFO: [Synth 8-3333] propagating constant 0 across sequential element (u_lcd_disply/\char2_reg[10][123] )
INFO: [Synth 8-3333] propagating constant 0 across sequential element (u_lcd_disply/\char2_reg[9][123] )
INFO: [Synth 8-3333] propagating constant 1 across sequential element (u_lcd_disply/\char2_reg[8][123] )
INFO: [Common 17-14] Message 'Synth 8-3333' appears 100 times and further instances of the messages will be disabled. Use the Tcl command set_msg_config to change the current settings.
INFO: [Synth 8-3886] merging instance 'u_lcd_driver/v_total_reg[0]' (FD) to 'u_lcd_driver/v_total_reg[9]'
INFO: [Synth 8-3886] merging instance 'u_lcd_driver/v_total_reg[1]' (FD) to 'u_lcd_driver/v_total_reg[4]'
INFO: [Synth 8-3886] merging instance 'u_lcd_driver/v_total_reg[7]' (FD) to 'u_lcd_driver/v_sync_reg[2]'
INFO: [Synth 8-3886] merging instance 'u_lcd_driver/h_total_reg[0]' (FD) to 'u_lcd_driver/h_total_reg[2]'
INFO: [Synth 8-3886] merging instance 'u_lcd_driver/h_total_reg[1]' (FD) to 'u_lcd_driver/v_sync_reg[2]'
INFO: [Synth 8-3886] merging instance 'u_lcd_driver/h_total_reg[2]' (FD) to 'u_lcd_driver/h_total_reg[3]'
INFO: [Synth 8-3886] merging instance 'u_lcd_driver/h_total_reg[3]' (FD) to 'u_lcd_driver/h_total_reg[9]'
INFO: [Synth 8-3886] merging instance 'u_lcd_driver/h_total_reg[4]' (FD) to 'u_lcd_driver/v_sync_reg[2]'
INFO: [Synth 8-3886] merging instance 'u_lcd_driver/v_back_reg[5]' (FD) to 'u_lcd_driver/v_back_reg[0]'
INFO: [Synth 8-3886] merging instance 'u_lcd_driver/v_back_reg[4]' (FD) to 'u_lcd_driver/v_back_reg[2]'
INFO: [Synth 8-3886] merging instance 'u_lcd_driver/v_sync_reg[2]' (FD) to 'u_lcd_driver/h_disp_reg[4]'
INFO: [Synth 8-3886] merging instance 'u_lcd_driver/h_sync_reg[0]' (FD) to 'u_lcd_driver/h_sync_reg[5]'
INFO: [Synth 8-3886] merging instance 'u_lcd_driver/h_back_reg[0]' (FD) to 'u_lcd_driver/h_disp_reg[4]'
INFO: [Synth 8-3886] merging instance 'u_lcd_driver/h_sync_reg[2]' (FD) to 'u_lcd_driver/h_sync_reg[4]'
INFO: [Synth 8-3886] merging instance 'u_lcd_driver/h_back_reg[2]' (FD) to 'u_lcd_driver/h_back_reg[7]'
INFO: [Synth 8-3886] merging instance 'u_lcd_driver/h_back_reg[4]' (FD) to 'u_lcd_driver/h_back_reg[6]'
INFO: [Synth 8-3886] merging instance 'u_lcd_driver/h_back_reg[5]' (FD) to 'u_lcd_driver/h_disp_reg[4]'
INFO: [Synth 8-3886] merging instance 'u_lcd_driver/h_sync_reg[6]' (FD) to 'u_lcd_driver/h_disp_reg[4]'
INFO: [Synth 8-3886] merging instance 'u_lcd_driver/v_disp_reg[0]' (FD) to 'u_lcd_driver/h_disp_reg[4]'
INFO: [Synth 8-3886] merging instance 'u_lcd_driver/v_disp_reg[1]' (FD) to 'u_lcd_driver/h_disp_reg[4]'
INFO: [Synth 8-3886] merging instance 'u_lcd_driver/v_disp_reg[2]' (FD) to 'u_lcd_driver/h_disp_reg[4]'
INFO: [Synth 8-3886] merging instance 'u_lcd_driver/h_disp_reg[0]' (FD) to 'u_lcd_driver/h_disp_reg[4]'
INFO: [Synth 8-3886] merging instance 'u_lcd_driver/h_disp_reg[1]' (FD) to 'u_lcd_driver/h_disp_reg[4]'
INFO: [Synth 8-3886] merging instance 'u_lcd_driver/h_disp_reg[2]' (FD) to 'u_lcd_driver/h_disp_reg[4]'
INFO: [Synth 8-3886] merging instance 'u_lcd_driver/h_disp_reg[3]' (FD) to 'u_lcd_driver/h_disp_reg[4]'
INFO: [Synth 8-3886] merging instance 'u_lcd_driver/h_disp_reg[6]' (FD) to 'u_lcd_driver/h_disp_reg[7]'
INFO: [Synth 8-3886] merging instance 'u_rd_id/lcd_id_reg[15]' (FDCE) to 'u_rd_id/lcd_id_reg[11]'
INFO: [Synth 8-3886] merging instance 'u_rd_id/lcd_id_reg[11]' (FDCE) to 'u_rd_id/lcd_id_reg[10]'
INFO: [Synth 8-3886] merging instance 'u_rd_id/lcd_id_reg[10]' (FDCE) to 'u_rd_id/lcd_id_reg[5]'
INFO: [Synth 8-3886] merging instance 'u_rd_id/lcd_id_reg[0]' (FDCE) to 'u_rd_id/lcd_id_reg[5]'
INFO: [Synth 8-3886] merging instance 'u_rd_id/lcd_id_reg[9]' (FDCE) to 'u_rd_id/lcd_id_reg[8]'
INFO: [Synth 8-3886] merging instance 'u_lcd_driver/v_total_reg[2]' (FD) to 'u_lcd_driver/v_disp_reg[8]'
INFO: [Synth 8-3886] merging instance 'u_lcd_driver/v_total_reg[5]' (FD) to 'u_lcd_driver/h_total_reg[8]'
INFO: [Synth 8-3886] merging instance 'u_lcd_driver/v_total_reg[6]' (FD) to 'u_lcd_driver/h_total_reg[6]'
INFO: [Synth 8-3886] merging instance 'u_lcd_driver/v_total_reg[8]' (FD) to 'u_lcd_driver/v_back_reg[1]'
INFO: [Synth 8-3886] merging instance 'u_lcd_driver/v_total_reg[9]' (FD) to 'u_lcd_driver/h_total_reg[10]'
INFO: [Synth 8-3886] merging instance 'u_lcd_driver/h_total_reg[5]' (FD) to 'u_lcd_driver/h_back_reg[6]'
INFO: [Synth 8-3886] merging instance 'u_lcd_driver/h_total_reg[6]' (FD) to 'u_lcd_driver/v_back_reg[2]'
INFO: [Synth 8-3886] merging instance 'u_lcd_driver/h_total_reg[7]' (FD) to 'u_lcd_driver/v_back_reg[3]'
INFO: [Common 17-14] Message 'Synth 8-3886' appears 100 times and further instances of the messages will be disabled. Use the Tcl command set_msg_config to change the current settings.
